2026-09-24 13:03:09,946{GMT}	INFO	[jepsen test runner] jepsen.core: Test version f01635ae7ea71858a96234615e327bfc70db724e
2026-09-24 13:03:09,946{GMT}	INFO	[jepsen test runner] jepsen.core: Command line:
lein run test --nodes-file /root/nodes --username root --ssh-private-key /root/.ssh/id_ed25519 --workload register --nemesis kill-all --time-limit 60 --concurrency 1n
2026-09-24 13:03:09,990{GMT}	INFO	[jepsen test runner] jepsen.core: Running test:
{:cache-ttl-seconds nil
 :remote
 #jepsen.control.retry.Remote{:remote #jepsen.control.scp.Remote{:cmd-remote #jepsen.control.sshj.SSHJRemote{:concurrency-limit 6,
                                                                                                             :conn-spec nil,
                                                                                                             :client nil,
                                                                                                             :semaphore nil},
                                                                 :conn-spec nil},
                              :conn nil}
 :idem-replay-delay-ms 0
 :ssh-private-key "/root/.ssh/id_ed25519"
 :idem-min-replay-attempts nil
 :lock-grace-ms nil
 :election-ttl-seconds nil
 :watch-min-events nil
 :concurrency 5
 :lease-ttl-seconds nil
 :soak-disrupt 600
 :idgen-min-regressions nil
 :db
 #jepsen.coord.db.CoordDB{:cluster-name "jepsen-coord",
                          :pidfile-prefix "/var/run/coord-",
                          :root-password "66c57bb56bce306f484344e4a8650836",
                          :coord-dir "/opt/coord",
                          :config-dir "/etc/coord",
                          :logfile "/var/log/coord.log",
                          :agent-bootstrap-token nil,
                          :regions nil,
                          :agent-peers nil,
                          :data-dir "/var/lib/coord",
                          :nodes ["n1" "n2" "n3"],
                          :auth-root-key "820662a9f85924333d6d466714bc51734b251e73b827a394e1978e36d2429bfc",
                          :raft-secret "93edf94d2860fec54bc59278a804cb1bbd2d0a7243e4f39d667d66966d9844d1",
                          :agents 0,
                          :coord-bin "/root/coord-test/coord"}
 :leave-db-running? false
 :agent-idgen-node-ids nil
 :via-agent false
 :cache-min-list-ops nil
 :name "coord"
 :registry-ttl-seconds nil
 :logging-json? false
 :mixture-ratio nil
 :start-time
 #object[java.time.OffsetDateTime "0x439b893a" "2026-09-24T13:03:09.922280021Z"]
 :regions nil
 :lease-min-grants nil
 :map-keys nil
 :net
 #object[jepsen.net$iptables_with_dev$reify__15623
         "0x4b5c84be"
         "jepsen.net$iptables_with_dev$reify__15623@4b5c84be"]
 :election-hold-ms nil
 :client
 #jepsen.coord.client.CoordClient{:probe-raw-channels nil,
                                  :auth-nodes ["n1" "n2" "n3"],
                                  :root-password "66c57bb56bce306f484344e4a8650836",
                                  :mq-cursor nil,
                                  :channels nil,
                                  :cct nil,
                                  :raw-channels nil,
                                  :probe-nodes nil,
                                  :mq-topic nil,
                                  :parse-values? true,
                                  :nodes ["n1" "n2" "n3"],
                                  :leader-idx #object[clojure.lang.Atom
                                                      "0x60877629"
                                                      {:status :ready, :val {}}],
                                  :last-rev #object[clojure.lang.Atom
                                                    "0x7e86ff3b"
                                                    {:status :ready, :val {}}],
                                  :last-watch-rev #object[clojure.lang.Atom
                                                          "0x4936dca9"
                                                          {:status :ready,
                                                           :val {}}],
                                  :auth-raw-channels nil,
                                  :probe-channels nil}
 :lease-revoke-ttl-seconds nil
 :barrier
 #object[java.util.concurrent.CyclicBarrier
         "0xd332ebc"
         "java.util.concurrent.CyclicBarrier@d332ebc"]
 :ssh
 {:dummy? false,
  :username "root",
  :password "root",
  :strict-host-key-checking false,
  :private-key-path "/root/.ssh/id_ed25519"}
 :lease-tolerance-ms nil
 :rate nil
 :map-min-deletes nil
 :seed 138033292
 :mq-topic nil
 :cache-min-set-ops nil
 :lock-ttl-seconds nil
 :checker
 #jepsen.checker.Compose{:checkers {:linear #jepsen.checker.Linearizable{:algorithm :wgl,
                                                                         :model #knossos.model.Register{:value nil}},
                                    :gates #object[jepsen.coord.gates$checker$reify__2287
                                                   "0x56de370d"
                                                   "jepsen.coord.gates$checker$reify__2287@56de370d"],
                                    :perf #jepsen.checker.Compose{:checkers {:latency-graph #jepsen.checker.LatencyGraph{:opts {}},
                                                                             :rate-graph #jepsen.checker.RateGraph{:opts {}}}}}}
 :lease-min-expiries nil
 :cache-min-sets nil
 :mq-min-polls nil
 :argv
 ("test"
  "--nodes-file"
  "/root/nodes"
  "--username"
  "root"
  "--ssh-private-key"
  "/root/.ssh/id_ed25519"
  "--workload"
  "register"
  "--nemesis"
  "kill-all"
  "--time-limit"
  "60"
  "--concurrency"
  "1n")
 :nemesis #unprintable "jepsen.nemesis$node_start_stopper$reify__15946@1f6865ca"
 :watch-resumes nil
 :mq-consumer-group nil
 :lease-grace-ms nil
 :soak-mix nil
 :mq-expect-idem-dedupe false
 :nodes ["n1" "n2" "n3"]
 :test-count 1
 :no-jitter false
 :election-min-campaigns nil
 :registry-min-cycles nil
 :lock-min-acquires nil
 :idgen-min-ids nil
 :cache-min-gets nil
 :generator
 #object[jepsen.util.Forgettable
         "0x6011176f"
         ((jepsen.generator.Synchronize
           {:gen (jepsen.generator.TimeLimit
                  {:limit 60000000000,
                   :cutoff nil,
                   :gen (jepsen.generator.Any
                         {:gens [(jepsen.generator.OnThreads
                                  {:f #{:nemesis},
                                   :context-filter #object[jepsen.generator.context$make_thread_filter$lazy_filter__5865
                                                           "0x2a654f27"
                                                           "jepsen.generator.context$make_thread_filter$lazy_filter__5865@2a654f27"],
                                   :gen ({:type :sleep,
                                          :value 7.985588498370672}
                                         {:type :info, :f :start}
                                         {:type :sleep, :value 4.08997782267733}
                                         {:type :info, :f :stop}
                                         {:type :sleep,
                                          :value 7.536147056301697}
                                         {:type :info, :f :start}
                                         {:type :sleep,
                                          :value 5.235344509734177}
                                         {:type :info, :f :stop}
                                         ...)})
                                 (jepsen.generator.OnThreads
                                  {:f #jepsen.generator.context.AllBut{:element :nemesis},
                                   :context-filter #object[jepsen.generator.context$make_thread_filter$lazy_filter__5865
                                                           "0x785dbe3a"
                                                           "jepsen.generator.context$make_thread_filter$lazy_filter__5865@785dbe3a"],
                                   :gen (jepsen.generator.Stagger
                                         {:dt-fn #object[jepsen.generator$stagger_exp$dt_fn__6799
                                                         "0x58230224"
                                                         "jepsen.generator$stagger_exp$dt_fn__6799@58230224"],
                                          :next-time nil,
                                          :gen (jepsen.generator.OnThreads
                                                {:f #jepsen.generator.context.AllBut{:element :nemesis},
                                                 :context-filter #object[jepsen.generator.context$make_thread_filter$lazy_filter__5865
                                                                         "0x583f6270"
                                                                         "jepsen.generator.context$make_thread_filter$lazy_filter__5865@583f6270"],
                                                 :gen (jepsen.generator.Mix
                                                       {:i 1,
                                                        :gens [#object[jepsen.coord$r
                                                                       "0x2bd24c09"
                                                                       "jepsen.coord$r@2bd24c09"]
                                                               #object[jepsen.coord$w
                                                                       "0x3e6b8b27"
                                                                       "jepsen.coord$w@3e6b8b27"]]})})})})]})})})
          (jepsen.generator.Synchronize
           {:gen (jepsen.generator.OnThreads
                  {:f #{:nemesis},
                   :context-filter #object[jepsen.generator.context$make_thread_filter$lazy_filter__5865
                                           "0x7e199cec"
                                           "jepsen.generator.context$make_thread_filter$lazy_filter__5865@7e199cec"],
                   :gen {:type :info, :f :stop}})})
          (jepsen.generator.Synchronize
           {:gen {:type :log, :value "recovery: letting cluster converge"}})
          (jepsen.generator.Synchronize {:gen {:type :sleep, :value 30}}))]
 :lock-deadline-ms nil
 :min-op-ok-ratio nil
 :soak-max-rto-seconds nil
 :idem-replay-node-offset 0
 :lease-keepalive-ms nil
 :min-op-sample nil
 :os
 #object[jepsen.os$reify__16045 "0x5d965dbd" "jepsen.os$reify__16045@5d965dbd"]
 :time-limit 60
 :quiet-availability-min nil
 :soak-quiet 1800
 :value-size nil
 :cache-ttl-grace-ms nil
 :agent-verifying-key nil
 :quiet-min-sample nil
 :watch-window-ms nil
 :workload :register
 :registry-grace-ms nil
 :agents 0
 :watch-max-events nil
 :mq-min-publishes nil
 :watch-semantics nil
 :lock-hold-ms nil}

2026-09-24 13:03:11,374{GMT}	INFO	[jepsen test runner] jepsen.db: Tearing down DB
2026-09-24 13:03:11,376{GMT}	INFO	[jepsen node n1] jepsen.coord.db: Tearing down coord on n1
2026-09-24 13:03:11,376{GMT}	INFO	[jepsen node n3] jepsen.coord.db: Tearing down coord on n3
2026-09-24 13:03:11,376{GMT}	INFO	[jepsen node n2] jepsen.coord.db: Tearing down coord on n2
2026-09-24 13:03:13,134{GMT}	INFO	[jepsen test runner] jepsen.db: Setting up DB
2026-09-24 13:03:13,135{GMT}	INFO	[jepsen node n3] jepsen.coord.db: Setting up coord on n3
2026-09-24 13:03:13,135{GMT}	INFO	[jepsen node n2] jepsen.coord.db: Setting up coord on n2
2026-09-24 13:03:13,135{GMT}	INFO	[jepsen node n1] jepsen.coord.db: Setting up coord on n1
2026-09-24 13:03:15,833{GMT}	INFO	[jepsen node n3] jepsen.control.util: Starting coord
2026-09-24 13:03:15,844{GMT}	INFO	[jepsen node n2] jepsen.control.util: Starting coord
2026-09-24 13:03:15,870{GMT}	INFO	[jepsen node n1] jepsen.control.util: Starting coord
2026-09-24 13:03:15,947{GMT}	INFO	[jepsen node n3] jepsen.coord.db: Waiting for coord on n3 to be ready
2026-09-24 13:03:15,958{GMT}	INFO	[jepsen node n2] jepsen.coord.db: Waiting for coord on n2 to be ready
2026-09-24 13:03:15,982{GMT}	INFO	[jepsen node n1] jepsen.coord.db: Waiting for coord on n1 to be ready
2026-09-24 13:03:16,175{GMT}	INFO	[jepsen node n3] jepsen.coord.db: coord n3 is ready
2026-09-24 13:03:16,177{GMT}	INFO	[jepsen node n2] jepsen.coord.db: coord n2 is ready
2026-09-24 13:03:16,748{GMT}	INFO	[jepsen node n1] jepsen.coord.db: coord n1 is ready
2026-09-24 13:03:16,750{GMT}	INFO	[jepsen test runner] jepsen.core: Relative time begins now
2026-09-24 13:03:16,752{GMT}	INFO	[jepsen node n1] jepsen.coord.client: Opening coord client on n1
2026-09-24 13:03:16,752{GMT}	INFO	[jepsen node n3] jepsen.coord.client: Opening coord client on n3
2026-09-24 13:03:16,752{GMT}	INFO	[jepsen node n2] jepsen.coord.client: Opening coord client on n2
2026-09-24 13:03:16,902{GMT}	INFO	[jepsen node n2] jepsen.coord.client: coord client setup: waiting for a successful read (quorum + auth)
2026-09-24 13:03:16,902{GMT}	INFO	[jepsen node n1] jepsen.coord.client: coord client setup: waiting for a successful read (quorum + auth)
2026-09-24 13:03:16,902{GMT}	INFO	[jepsen node n3] jepsen.coord.client: coord client setup: waiting for a successful read (quorum + auth)
2026-09-24 13:03:16,951{GMT}	INFO	[jepsen node n2] jepsen.coord.client: coord cluster is ready
2026-09-24 13:03:16,951{GMT}	INFO	[jepsen node n3] jepsen.coord.client: coord cluster is ready
2026-09-24 13:03:16,951{GMT}	INFO	[jepsen node n1] jepsen.coord.client: coord cluster is ready
2026-09-24 13:03:16,974{GMT}	INFO	[jepsen worker 1] jepsen.print: 1	:invoke	:write	804029
2026-09-24 13:03:16,975{GMT}	INFO	[jepsen worker 1] jepsen.coord.client: Opening coord client on n2
2026-09-24 13:03:17,101{GMT}	INFO	[jepsen worker 1] jepsen.print: 1	:ok	:write	804029
2026-09-24 13:03:17,359{GMT}	INFO	[jepsen worker 2] jepsen.print: 2	:invoke	:write	613893
2026-09-24 13:03:17,359{GMT}	INFO	[jepsen worker 2] jepsen.coord.client: Opening coord client on n3
2026-09-24 13:03:17,436{GMT}	INFO	[jepsen worker 3] jepsen.print: 3	:invoke	:write	971601
2026-09-24 13:03:17,437{GMT}	INFO	[jepsen worker 3] jepsen.coord.client: Opening coord client on n1
2026-09-24 13:03:17,500{GMT}	INFO	[jepsen worker 2] jepsen.print: 2	:ok	:write	613893
2026-09-24 13:03:17,581{GMT}	INFO	[jepsen worker 3] jepsen.print: 3	:ok	:write	971601
2026-09-24 13:03:17,621{GMT}	INFO	[jepsen worker 4] jepsen.print: 4	:invoke	:write	654009
2026-09-24 13:03:17,621{GMT}	INFO	[jepsen worker 4] jepsen.coord.client: Opening coord client on n2
2026-09-24 13:03:17,633{GMT}	INFO	[jepsen worker 0] jepsen.print: 0	:invoke	:write	354248
2026-09-24 13:03:17,633{GMT}	INFO	[jepsen worker 0] jepsen.coord.client: Opening coord client on n1
2026-09-24 13:03:17,707{GMT}	INFO	[jepsen worker 1] jepsen.print: 1	:invoke	:write	939968
2026-09-24 13:03:17,735{GMT}	INFO	[jepsen worker 2] jepsen.print: 2	:invoke	:read	nil
2026-09-24 13:03:17,742{GMT}	INFO	[jepsen worker 3] jepsen.print: 3	:invoke	:read	nil
2026-09-24 13:03:17,766{GMT}	INFO	[jepsen worker 1] jepsen.print: 1	:ok	:write	939968
2026-09-24 13:03:17,768{GMT}	INFO	[jepsen worker 3] jepsen.print: 3	:ok	:read	939968
2026-09-24 13:03:17,768{GMT}	INFO	[jepsen worker 2] jepsen.print: 2	:ok	:read	939968
2026-09-24 13:03:17,810{GMT}	INFO	[jepsen worker 4] jepsen.print: 4	:ok	:write	654009
2026-09-24 13:03:17,821{GMT}	INFO	[jepsen worker 0] jepsen.print: 0	:ok	:write	354248
2026-09-24 13:03:18,340{GMT}	INFO	[jepsen worker 3] jepsen.print: 3	:invoke	:write	309134
2026-09-24 13:03:18,368{GMT}	INFO	[jepsen worker 3] jepsen.print: 3	:ok	:write	309134
2026-09-24 13:03:18,423{GMT}	INFO	[jepsen worker 4] jepsen.print: 4	:invoke	:read	nil
2026-09-24 13:03:18,429{GMT}	INFO	[jepsen worker 4] jepsen.print: 4	:ok	:read	309134
2026-09-24 13:03:18,486{GMT}	INFO	[jepsen worker 0] jepsen.print: 0	:invoke	:write	728344
2026-09-24 13:03:18,519{GMT}	INFO	[jepsen worker 0] jepsen.print: 0	:ok	:write	728344
2026-09-24 13:03:18,618{GMT}	INFO	[jepsen worker 0] jepsen.print: 0	:invoke	:write	161835
2026-09-24 13:03:18,643{GMT}	INFO	[jepsen worker 0] jepsen.print: 0	:ok	:write	161835
2026-09-24 13:03:18,694{GMT}	INFO	[jepsen worker 1] jepsen.print: 1	:invoke	:read	nil
2026-09-24 13:03:18,699{GMT}	INFO	[jepsen worker 1] jepsen.print: 1	:ok	:read	161835
2026-09-24 13:03:18,887{GMT}	INFO	[jepsen worker 2] jepsen.print: 2	:invoke	:read	nil
2026-09-24 13:03:18,890{GMT}	INFO	[jepsen worker 3] jepsen.print: 3	:invoke	:write	378028
2026-09-24 13:03:18,892{GMT}	INFO	[jepsen worker 2] jepsen.print: 2	:ok	:read	161835
2026-09-24 13:03:18,919{GMT}	INFO	[jepsen worker 3] jepsen.print: 3	:ok	:write	378028
2026-09-24 13:03:18,936{GMT}	INFO	[jepsen worker 4] jepsen.print: 4	:invoke	:write	675294
2026-09-24 13:03:18,961{GMT}	INFO	[jepsen worker 4] jepsen.print: 4	:ok	:write	675294
2026-09-24 13:03:18,985{GMT}	INFO	[jepsen worker 0] jepsen.print: 0	:invoke	:write	510466
2026-09-24 13:03:19,012{GMT}	INFO	[jepsen worker 0] jepsen.print: 0	:ok	:write	510466
2026-09-24 13:03:19,600{GMT}	INFO	[jepsen worker 0] jepsen.print: 0	:invoke	:write	222356
2026-09-24 13:03:19,627{GMT}	INFO	[jepsen worker 0] jepsen.print: 0	:ok	:write	222356
2026-09-24 13:03:20,151{GMT}	INFO	[jepsen worker 1] jepsen.print: 1	:invoke	:read	nil
2026-09-24 13:03:20,156{GMT}	INFO	[jepsen worker 1] jepsen.print: 1	:ok	:read	222356
2026-09-24 13:03:20,176{GMT}	INFO	[jepsen worker 2] jepsen.print: 2	:invoke	:read	nil
2026-09-24 13:03:20,181{GMT}	INFO	[jepsen worker 2] jepsen.print: 2	:ok	:read	222356
2026-09-24 13:03:20,274{GMT}	INFO	[jepsen worker 3] jepsen.print: 3	:invoke	:write	795903
2026-09-24 13:03:20,302{GMT}	INFO	[jepsen worker 3] jepsen.print: 3	:ok	:write	795903
2026-09-24 13:03:20,562{GMT}	INFO	[jepsen worker 4] jepsen.print: 4	:invoke	:read	nil
2026-09-24 13:03:20,567{GMT}	INFO	[jepsen worker 4] jepsen.print: 4	:ok	:read	795903
2026-09-24 13:03:20,690{GMT}	INFO	[jepsen worker 0] jepsen.print: 0	:invoke	:read	nil
2026-09-24 13:03:20,693{GMT}	INFO	[jepsen worker 0] jepsen.print: 0	:ok	:read	795903
2026-09-24 13:03:21,206{GMT}	INFO	[jepsen worker 0] jepsen.print: 0	:invoke	:write	725292
2026-09-24 13:03:21,215{GMT}	INFO	[jepsen worker 1] jepsen.print: 1	:invoke	:read	nil
2026-09-24 13:03:21,234{GMT}	INFO	[jepsen worker 1] jepsen.print: 1	:ok	:read	725292
2026-09-24 13:03:21,234{GMT}	INFO	[jepsen worker 0] jepsen.print: 0	:ok	:write	725292
2026-09-24 13:03:21,556{GMT}	INFO	[jepsen worker 2] jepsen.print: 2	:invoke	:write	692641
2026-09-24 13:03:21,581{GMT}	INFO	[jepsen worker 2] jepsen.print: 2	:ok	:write	692641
2026-09-24 13:03:21,678{GMT}	INFO	[jepsen worker 3] jepsen.print: 3	:invoke	:read	nil
2026-09-24 13:03:21,683{GMT}	INFO	[jepsen worker 3] jepsen.print: 3	:ok	:read	692641
2026-09-24 13:03:22,065{GMT}	INFO	[jepsen worker 4] jepsen.print: 4	:invoke	:write	356545
2026-09-24 13:03:22,099{GMT}	INFO	[jepsen worker 4] jepsen.print: 4	:ok	:write	356545
2026-09-24 13:03:22,509{GMT}	INFO	[jepsen worker 0] jepsen.print: 0	:invoke	:write	181663
2026-09-24 13:03:22,534{GMT}	INFO	[jepsen worker 0] jepsen.print: 0	:ok	:write	181663
2026-09-24 13:03:22,874{GMT}	INFO	[jepsen worker 0] jepsen.print: 0	:invoke	:read	nil
2026-09-24 13:03:22,879{GMT}	INFO	[jepsen worker 0] jepsen.print: 0	:ok	:read	181663
2026-09-24 13:03:23,236{GMT}	INFO	[jepsen worker 1] jepsen.print: 1	:invoke	:write	905561
2026-09-24 13:03:23,243{GMT}	INFO	[jepsen worker 2] jepsen.print: 2	:invoke	:read	nil
2026-09-24 13:03:23,249{GMT}	INFO	[jepsen worker 2] jepsen.print: 2	:ok	:read	181663
2026-09-24 13:03:23,266{GMT}	INFO	[jepsen worker 1] jepsen.print: 1	:ok	:write	905561
2026-09-24 13:03:23,358{GMT}	INFO	[jepsen worker 3] jepsen.print: 3	:invoke	:write	93801
2026-09-24 13:03:23,386{GMT}	INFO	[jepsen worker 3] jepsen.print: 3	:ok	:write	93801
2026-09-24 13:03:24,206{GMT}	INFO	[jepsen worker 4] jepsen.print: 4	:invoke	:read	nil
2026-09-24 13:03:24,211{GMT}	INFO	[jepsen worker 4] jepsen.print: 4	:ok	:read	93801
2026-09-24 13:03:24,959{GMT}	INFO	[jepsen worker nemesis] jepsen.print: :nemesis	:info	:start	nil
2026-09-24 13:03:24,983{GMT}	INFO	[jepsen worker nemesis] jepsen.print: :nemesis	:info	:start	{"n1" [:killed "n1"], "n2" [:killed "n2"], "n3" [:killed "n3"]}
2026-09-24 13:03:25,975{GMT}	INFO	[jepsen worker 1] jepsen.print: 1	:invoke	:write	992107
2026-09-24 13:03:25,988{GMT}	INFO	[jepsen worker 1] jepsen.print: 1	:info	:write	992107	:unavailable-maybe-applied
2026-09-24 13:03:26,627{GMT}	INFO	[jepsen worker 2] jepsen.print: 2	:invoke	:read	nil
2026-09-24 13:03:26,635{GMT}	INFO	[jepsen worker 2] jepsen.print: 2	:info	:read	nil	:unavailable-maybe-applied
2026-09-24 13:03:26,756{GMT}	INFO	[jepsen worker 3] jepsen.print: 3	:invoke	:write	493131
2026-09-24 13:03:26,763{GMT}	INFO	[jepsen worker 3] jepsen.print: 3	:info	:write	493131	:unavailable-maybe-applied
2026-09-24 13:03:26,844{GMT}	INFO	[jepsen worker 4] jepsen.print: 4	:invoke	:write	429436
2026-09-24 13:03:26,851{GMT}	INFO	[jepsen worker 4] jepsen.print: 4	:info	:write	429436	:unavailable-maybe-applied
2026-09-24 13:03:26,893{GMT}	INFO	[jepsen worker 0] jepsen.print: 0	:invoke	:read	nil
2026-09-24 13:03:26,899{GMT}	INFO	[jepsen worker 0] jepsen.print: 0	:info	:read	nil	:unavailable-maybe-applied
2026-09-24 13:03:27,332{GMT}	INFO	[jepsen worker 0] jepsen.print: 5	:invoke	:read	nil
2026-09-24 13:03:27,333{GMT}	INFO	[jepsen worker 0] jepsen.coord.client: Opening coord client on n1
2026-09-24 13:03:27,945{GMT}	INFO	[jepsen worker 1] jepsen.print: 6	:invoke	:read	nil
2026-09-24 13:03:27,945{GMT}	INFO	[jepsen worker 1] jepsen.coord.client: Opening coord client on n2
2026-09-24 13:03:28,297{GMT}	INFO	[jepsen worker 2] jepsen.print: 7	:invoke	:read	nil
2026-09-24 13:03:28,298{GMT}	INFO	[jepsen worker 2] jepsen.coord.client: Opening coord client on n3
2026-09-24 13:03:28,389{GMT}	INFO	[jepsen worker 3] jepsen.print: 8	:invoke	:write	548827
2026-09-24 13:03:28,390{GMT}	INFO	[jepsen worker 3] jepsen.coord.client: Opening coord client on n1
2026-09-24 13:03:28,923{GMT}	INFO	[jepsen worker 4] jepsen.print: 9	:invoke	:write	866385
2026-09-24 13:03:28,925{GMT}	INFO	[jepsen worker 4] jepsen.coord.client: Opening coord client on n2
2026-09-24 13:03:29,073{GMT}	INFO	[jepsen worker nemesis] jepsen.print: :nemesis	:info	:stop	nil
2026-09-24 13:03:29,111{GMT}	INFO	[jepsen node n3] jepsen.coord.db: Restarting coord on n3
2026-09-24 13:03:29,111{GMT}	INFO	[jepsen node n1] jepsen.coord.db: Restarting coord on n1
2026-09-24 13:03:29,111{GMT}	INFO	[jepsen node n2] jepsen.coord.db: Restarting coord on n2
2026-09-24 13:03:29,112{GMT}	INFO	[jepsen node n3] jepsen.control.util: Starting coord
2026-09-24 13:03:29,112{GMT}	INFO	[jepsen node n1] jepsen.control.util: Starting coord
2026-09-24 13:03:29,112{GMT}	INFO	[jepsen node n2] jepsen.control.util: Starting coord
2026-09-24 13:03:29,219{GMT}	INFO	[jepsen node n2] jepsen.coord.db: Waiting for coord on n2 to be ready
2026-09-24 13:03:29,218{GMT}	INFO	[jepsen node n3] jepsen.coord.db: Waiting for coord on n3 to be ready
2026-09-24 13:03:29,224{GMT}	INFO	[jepsen node n1] jepsen.coord.db: Waiting for coord on n1 to be ready
2026-09-24 13:03:29,350{GMT}	INFO	[jepsen node n3] jepsen.coord.db: coord n3 is ready
2026-09-24 13:03:29,368{GMT}	INFO	[jepsen node n1] jepsen.coord.db: coord n1 is ready
2026-09-24 13:03:29,566{GMT}	INFO	[jepsen worker 2] jepsen.print: 7	:ok	:read	93801
2026-09-24 13:03:29,567{GMT}	INFO	[jepsen worker 2] jepsen.print: 7	:invoke	:read	nil
2026-09-24 13:03:29,581{GMT}	INFO	[jepsen worker 2] jepsen.print: 7	:ok	:read	93801
2026-09-24 13:03:29,715{GMT}	INFO	[jepsen worker 3] jepsen.print: 8	:ok	:write	548827
2026-09-24 13:03:29,990{GMT}	INFO	[jepsen worker 2] jepsen.print: 7	:invoke	:write	129841
2026-09-24 13:03:30,056{GMT}	INFO	[jepsen worker 2] jepsen.print: 7	:ok	:write	129841
2026-09-24 13:03:30,085{GMT}	INFO	[jepsen worker 0] jepsen.print: 5	:ok	:read	129841
2026-09-24 13:03:30,110{GMT}	INFO	[jepsen worker 4] jepsen.print: 9	:ok	:write	866385
2026-09-24 13:03:30,246{GMT}	INFO	[jepsen node n2] jepsen.coord.db: coord n2 is ready
2026-09-24 13:03:30,246{GMT}	INFO	[jepsen worker nemesis] jepsen.print: :nemesis	:info	:stop	{"n1" [:restarted "n1"], "n2" [:restarted "n2"], "n3" [:restarted "n3"]}
2026-09-24 13:03:30,320{GMT}	INFO	[jepsen worker 1] jepsen.print: 6	:ok	:read	866385
2026-09-24 13:03:30,637{GMT}	INFO	[jepsen worker 3] jepsen.print: 8	:invoke	:write	33111
2026-09-24 13:03:30,659{GMT}	INFO	[jepsen worker 3] jepsen.print: 8	:ok	:write	33111
2026-09-24 13:03:30,705{GMT}	INFO	[jepsen worker 4] jepsen.print: 9	:invoke	:write	202062
2026-09-24 13:03:30,728{GMT}	INFO	[jepsen worker 4] jepsen.print: 9	:ok	:write	202062
2026-09-24 13:03:31,055{GMT}	INFO	[jepsen worker 0] jepsen.print: 5	:invoke	:write	308260
2026-09-24 13:03:31,078{GMT}	INFO	[jepsen worker 0] jepsen.print: 5	:ok	:write	308260
2026-09-24 13:03:31,327{GMT}	INFO	[jepsen worker 0] jepsen.print: 5	:invoke	:write	624003
2026-09-24 13:03:31,352{GMT}	INFO	[jepsen worker 0] jepsen.print: 5	:ok	:write	624003
2026-09-24 13:03:31,453{GMT}	INFO	[jepsen worker 1] jepsen.print: 6	:invoke	:read	nil
2026-09-24 13:03:31,455{GMT}	INFO	[jepsen worker 1] jepsen.print: 6	:ok	:read	624003
2026-09-24 13:03:32,494{GMT}	INFO	[jepsen worker 2] jepsen.print: 7	:invoke	:write	560322
2026-09-24 13:03:32,520{GMT}	INFO	[jepsen worker 2] jepsen.print: 7	:ok	:write	560322
2026-09-24 13:03:32,520{GMT}	INFO	[jepsen worker 3] jepsen.print: 8	:invoke	:write	157081
2026-09-24 13:03:32,544{GMT}	INFO	[jepsen worker 3] jepsen.print: 8	:ok	:write	157081
2026-09-24 13:03:32,605{GMT}	INFO	[jepsen worker 4] jepsen.print: 9	:invoke	:read	nil
2026-09-24 13:03:32,608{GMT}	INFO	[jepsen worker 4] jepsen.print: 9	:ok	:read	157081
2026-09-24 13:03:32,931{GMT}	INFO	[jepsen worker 0] jepsen.print: 5	:invoke	:read	nil
2026-09-24 13:03:32,935{GMT}	INFO	[jepsen worker 0] jepsen.print: 5	:ok	:read	157081
2026-09-24 13:03:33,014{GMT}	INFO	[jepsen worker 0] jepsen.print: 5	:invoke	:write	77648
2026-09-24 13:03:33,039{GMT}	INFO	[jepsen worker 0] jepsen.print: 5	:ok	:write	77648
2026-09-24 13:03:33,384{GMT}	INFO	[jepsen worker 1] jepsen.print: 6	:invoke	:write	501691
2026-09-24 13:03:33,407{GMT}	INFO	[jepsen worker 1] jepsen.print: 6	:ok	:write	501691
2026-09-24 13:03:33,720{GMT}	INFO	[jepsen worker 2] jepsen.print: 7	:invoke	:write	396625
2026-09-24 13:03:33,744{GMT}	INFO	[jepsen worker 2] jepsen.print: 7	:ok	:write	396625
2026-09-24 13:03:33,987{GMT}	INFO	[jepsen worker 3] jepsen.print: 8	:invoke	:write	266353
2026-09-24 13:03:34,011{GMT}	INFO	[jepsen worker 3] jepsen.print: 8	:ok	:write	266353
2026-09-24 13:03:34,026{GMT}	INFO	[jepsen worker 4] jepsen.print: 9	:invoke	:write	625400
2026-09-24 13:03:34,051{GMT}	INFO	[jepsen worker 4] jepsen.print: 9	:ok	:write	625400
2026-09-24 13:03:34,245{GMT}	INFO	[jepsen worker 0] jepsen.print: 5	:invoke	:read	nil
2026-09-24 13:03:34,248{GMT}	INFO	[jepsen worker 0] jepsen.print: 5	:ok	:read	625400
2026-09-24 13:03:34,561{GMT}	INFO	[jepsen worker 0] jepsen.print: 5	:invoke	:write	127159
2026-09-24 13:03:34,583{GMT}	INFO	[jepsen worker 0] jepsen.print: 5	:ok	:write	127159
2026-09-24 13:03:35,047{GMT}	INFO	[jepsen worker 1] jepsen.print: 6	:invoke	:write	486917
2026-09-24 13:03:35,070{GMT}	INFO	[jepsen worker 1] jepsen.print: 6	:ok	:write	486917
2026-09-24 13:03:35,324{GMT}	INFO	[jepsen worker 2] jepsen.print: 7	:invoke	:read	nil
2026-09-24 13:03:35,328{GMT}	INFO	[jepsen worker 2] jepsen.print: 7	:ok	:read	486917
2026-09-24 13:03:35,681{GMT}	INFO	[jepsen worker 3] jepsen.print: 8	:invoke	:write	83486
2026-09-24 13:03:35,704{GMT}	INFO	[jepsen worker 3] jepsen.print: 8	:ok	:write	83486
2026-09-24 13:03:35,728{GMT}	INFO	[jepsen worker 4] jepsen.print: 9	:invoke	:read	nil
2026-09-24 13:03:35,732{GMT}	INFO	[jepsen worker 4] jepsen.print: 9	:ok	:read	83486
2026-09-24 13:03:35,837{GMT}	INFO	[jepsen worker 0] jepsen.print: 5	:invoke	:read	nil
2026-09-24 13:03:35,841{GMT}	INFO	[jepsen worker 0] jepsen.print: 5	:ok	:read	83486
2026-09-24 13:03:36,014{GMT}	INFO	[jepsen worker 0] jepsen.print: 5	:invoke	:write	397651
2026-09-24 13:03:36,038{GMT}	INFO	[jepsen worker 0] jepsen.print: 5	:ok	:write	397651
2026-09-24 13:03:36,166{GMT}	INFO	[jepsen worker 1] jepsen.print: 6	:invoke	:read	nil
2026-09-24 13:03:36,170{GMT}	INFO	[jepsen worker 1] jepsen.print: 6	:ok	:read	397651
2026-09-24 13:03:36,330{GMT}	INFO	[jepsen worker 2] jepsen.print: 7	:invoke	:read	nil
2026-09-24 13:03:36,332{GMT}	INFO	[jepsen worker 2] jepsen.print: 7	:ok	:read	397651
2026-09-24 13:03:36,835{GMT}	INFO	[jepsen worker 3] jepsen.print: 8	:invoke	:write	251362
2026-09-24 13:03:36,839{GMT}	INFO	[jepsen worker 4] jepsen.print: 9	:invoke	:read	nil
2026-09-24 13:03:36,845{GMT}	INFO	[jepsen worker 4] jepsen.print: 9	:ok	:read	397651
2026-09-24 13:03:36,857{GMT}	INFO	[jepsen worker 3] jepsen.print: 8	:ok	:write	251362
2026-09-24 13:03:36,953{GMT}	INFO	[jepsen worker 0] jepsen.print: 5	:invoke	:write	446928
2026-09-24 13:03:36,979{GMT}	INFO	[jepsen worker 0] jepsen.print: 5	:ok	:write	446928
2026-09-24 13:03:37,382{GMT}	INFO	[jepsen worker 0] jepsen.print: 5	:invoke	:write	746808
2026-09-24 13:03:37,407{GMT}	INFO	[jepsen worker 0] jepsen.print: 5	:ok	:write	746808
2026-09-24 13:03:37,783{GMT}	INFO	[jepsen worker nemesis] jepsen.print: :nemesis	:info	:start	nil
2026-09-24 13:03:37,799{GMT}	INFO	[jepsen worker nemesis] jepsen.print: :nemesis	:info	:start	{"n1" [:killed "n1"], "n2" [:killed "n2"], "n3" [:killed "n3"]}
2026-09-24 13:03:37,954{GMT}	INFO	[jepsen worker 3] jepsen.print: 8	:invoke	:write	357348
2026-09-24 13:03:37,959{GMT}	INFO	[jepsen worker 3] jepsen.print: 8	:info	:write	357348	:unavailable-maybe-applied
2026-09-24 13:03:38,040{GMT}	INFO	[jepsen worker 4] jepsen.print: 9	:invoke	:write	650957
2026-09-24 13:03:38,045{GMT}	INFO	[jepsen worker 4] jepsen.print: 9	:info	:write	650957	:unavailable-maybe-applied
2026-09-24 13:03:38,117{GMT}	INFO	[jepsen worker 0] jepsen.print: 5	:invoke	:read	nil
2026-09-24 13:03:38,123{GMT}	INFO	[jepsen worker 0] jepsen.print: 5	:info	:read	nil	:unavailable-maybe-applied
2026-09-24 13:03:38,189{GMT}	INFO	[jepsen worker 0] jepsen.print: 10	:invoke	:write	83798
2026-09-24 13:03:38,190{GMT}	INFO	[jepsen worker 0] jepsen.coord.client: Opening coord client on n1
2026-09-24 13:03:38,579{GMT}	INFO	[jepsen worker 1] jepsen.print: 6	:invoke	:read	nil
2026-09-24 13:03:38,584{GMT}	INFO	[jepsen worker 1] jepsen.print: 6	:info	:read	nil	:unavailable-maybe-applied
2026-09-24 13:03:38,651{GMT}	INFO	[jepsen worker 2] jepsen.print: 7	:invoke	:read	nil
2026-09-24 13:03:38,654{GMT}	INFO	[jepsen worker 2] jepsen.print: 7	:info	:read	nil	:unavailable-maybe-applied
2026-09-24 13:03:38,720{GMT}	INFO	[jepsen worker 3] jepsen.print: 13	:invoke	:read	nil
2026-09-24 13:03:38,720{GMT}	INFO	[jepsen worker 3] jepsen.coord.client: Opening coord client on n1
2026-09-24 13:03:38,972{GMT}	INFO	[jepsen worker 4] jepsen.print: 14	:invoke	:read	nil
2026-09-24 13:03:38,973{GMT}	INFO	[jepsen worker 4] jepsen.coord.client: Opening coord client on n2
2026-09-24 13:03:39,932{GMT}	INFO	[jepsen worker 1] jepsen.print: 11	:invoke	:write	652016
2026-09-24 13:03:39,933{GMT}	INFO	[jepsen worker 1] jepsen.coord.client: Opening coord client on n2
2026-09-24 13:03:40,119{GMT}	INFO	[jepsen worker 2] jepsen.print: 12	:invoke	:read	nil
2026-09-24 13:03:40,119{GMT}	INFO	[jepsen worker 2] jepsen.coord.client: Opening coord client on n3
2026-09-24 13:03:43,034{GMT}	INFO	[jepsen worker nemesis] jepsen.print: :nemesis	:info	:stop	nil
2026-09-24 13:03:43,070{GMT}	INFO	[jepsen node n3] jepsen.coord.db: Restarting coord on n3
2026-09-24 13:03:43,071{GMT}	INFO	[jepsen node n3] jepsen.control.util: Starting coord
2026-09-24 13:03:43,071{GMT}	INFO	[jepsen node n2] jepsen.coord.db: Restarting coord on n2
2026-09-24 13:03:43,071{GMT}	INFO	[jepsen node n2] jepsen.control.util: Starting coord
2026-09-24 13:03:43,072{GMT}	INFO	[jepsen node n1] jepsen.coord.db: Restarting coord on n1
2026-09-24 13:03:43,072{GMT}	INFO	[jepsen node n1] jepsen.control.util: Starting coord
2026-09-24 13:03:43,180{GMT}	INFO	[jepsen node n3] jepsen.coord.db: Waiting for coord on n3 to be ready
2026-09-24 13:03:43,181{GMT}	INFO	[jepsen node n2] jepsen.coord.db: Waiting for coord on n2 to be ready
2026-09-24 13:03:43,182{GMT}	INFO	[jepsen node n1] jepsen.coord.db: Waiting for coord on n1 to be ready
2026-09-24 13:03:43,295{GMT}	INFO	[jepsen node n3] jepsen.coord.db: coord n3 is ready
2026-09-24 13:03:43,316{GMT}	INFO	[jepsen node n2] jepsen.coord.db: coord n2 is ready
2026-09-24 13:03:43,317{GMT}	INFO	[jepsen node n1] jepsen.coord.db: coord n1 is ready
2026-09-24 13:03:43,317{GMT}	INFO	[jepsen worker nemesis] jepsen.print: :nemesis	:info	:stop	{"n1" [:restarted "n1"], "n2" [:restarted "n2"], "n3" [:restarted "n3"]}
2026-09-24 13:03:43,705{GMT}	INFO	[jepsen worker 0] jepsen.print: 10	:ok	:write	83798
2026-09-24 13:03:43,705{GMT}	INFO	[jepsen worker 0] jepsen.print: 10	:invoke	:write	763071
2026-09-24 13:03:43,802{GMT}	INFO	[jepsen worker 0] jepsen.print: 10	:ok	:write	763071
2026-09-24 13:03:43,802{GMT}	INFO	[jepsen worker 0] jepsen.print: 10	:invoke	:write	864260
2026-09-24 13:03:43,867{GMT}	INFO	[jepsen worker 0] jepsen.print: 10	:ok	:write	864260
2026-09-24 13:03:43,891{GMT}	INFO	[jepsen worker 3] jepsen.print: 13	:ok	:read	864260
2026-09-24 13:03:43,926{GMT}	INFO	[jepsen worker 4] jepsen.print: 14	:ok	:read	864260
2026-09-24 13:03:44,379{GMT}	INFO	[jepsen worker 0] jepsen.print: 10	:invoke	:read	nil
2026-09-24 13:03:44,382{GMT}	INFO	[jepsen worker 0] jepsen.print: 10	:ok	:read	864260
2026-09-24 13:03:44,583{GMT}	INFO	[jepsen worker 0] jepsen.print: 10	:invoke	:write	353472
2026-09-24 13:03:44,606{GMT}	INFO	[jepsen worker 0] jepsen.print: 10	:ok	:write	353472
2026-09-24 13:03:44,797{GMT}	INFO	[jepsen worker 3] jepsen.print: 13	:invoke	:write	233162
2026-09-24 13:03:44,823{GMT}	INFO	[jepsen worker 3] jepsen.print: 13	:ok	:write	233162
2026-09-24 13:03:44,850{GMT}	INFO	[jepsen worker 3] jepsen.print: 13	:invoke	:read	nil
2026-09-24 13:03:44,852{GMT}	INFO	[jepsen worker 3] jepsen.print: 13	:ok	:read	233162
2026-09-24 13:03:44,906{GMT}	INFO	[jepsen worker 3] jepsen.print: 13	:invoke	:read	nil
2026-09-24 13:03:44,928{GMT}	INFO	[jepsen worker 3] jepsen.print: 13	:ok	:read	233162
2026-09-24 13:03:44,966{GMT}	INFO	[jepsen worker 4] jepsen.print: 14	:invoke	:write	991551
2026-09-24 13:03:45,055{GMT}	INFO	[jepsen worker 4] jepsen.print: 14	:ok	:write	991551
2026-09-24 13:03:45,076{GMT}	INFO	[jepsen worker 1] jepsen.print: 11	:ok	:write	652016
2026-09-24 13:03:45,135{GMT}	INFO	[jepsen worker 2] jepsen.print: 12	:ok	:read	652016
2026-09-24 13:03:45,432{GMT}	INFO	[jepsen worker 0] jepsen.print: 10	:invoke	:write	566971
2026-09-24 13:03:45,462{GMT}	INFO	[jepsen worker 0] jepsen.print: 10	:ok	:write	566971
2026-09-24 13:03:45,511{GMT}	INFO	[jepsen worker 0] jepsen.print: 10	:invoke	:read	nil
2026-09-24 13:03:45,515{GMT}	INFO	[jepsen worker 0] jepsen.print: 10	:ok	:read	566971
2026-09-24 13:03:45,575{GMT}	INFO	[jepsen worker 1] jepsen.print: 11	:invoke	:write	847430
2026-09-24 13:03:45,610{GMT}	INFO	[jepsen worker 1] jepsen.print: 11	:ok	:write	847430
2026-09-24 13:03:45,698{GMT}	INFO	[jepsen worker 2] jepsen.print: 12	:invoke	:read	nil
2026-09-24 13:03:45,702{GMT}	INFO	[jepsen worker 2] jepsen.print: 12	:ok	:read	847430
2026-09-24 13:03:45,776{GMT}	INFO	[jepsen worker 3] jepsen.print: 13	:invoke	:write	127690
2026-09-24 13:03:45,807{GMT}	INFO	[jepsen worker 3] jepsen.print: 13	:ok	:write	127690
2026-09-24 13:03:45,919{GMT}	INFO	[jepsen worker 4] jepsen.print: 14	:invoke	:write	583597
2026-09-24 13:03:45,953{GMT}	INFO	[jepsen worker 4] jepsen.print: 14	:ok	:write	583597
2026-09-24 13:03:46,280{GMT}	INFO	[jepsen worker 0] jepsen.print: 10	:invoke	:write	252666
2026-09-24 13:03:46,310{GMT}	INFO	[jepsen worker 0] jepsen.print: 10	:ok	:write	252666
2026-09-24 13:03:46,378{GMT}	INFO	[jepsen worker 0] jepsen.print: 10	:invoke	:write	956732
2026-09-24 13:03:46,413{GMT}	INFO	[jepsen worker 0] jepsen.print: 10	:ok	:write	956732
2026-09-24 13:03:46,612{GMT}	INFO	[jepsen worker 1] jepsen.print: 11	:invoke	:write	769042
2026-09-24 13:03:46,644{GMT}	INFO	[jepsen worker 1] jepsen.print: 11	:ok	:write	769042
2026-09-24 13:03:46,678{GMT}	INFO	[jepsen worker 2] jepsen.print: 12	:invoke	:read	nil
2026-09-24 13:03:46,682{GMT}	INFO	[jepsen worker 2] jepsen.print: 12	:ok	:read	769042
2026-09-24 13:03:46,944{GMT}	INFO	[jepsen worker 3] jepsen.print: 13	:invoke	:write	234806
2026-09-24 13:03:46,974{GMT}	INFO	[jepsen worker 3] jepsen.print: 13	:ok	:write	234806
2026-09-24 13:03:47,446{GMT}	INFO	[jepsen worker 4] jepsen.print: 14	:invoke	:read	nil
2026-09-24 13:03:47,450{GMT}	INFO	[jepsen worker 4] jepsen.print: 14	:ok	:read	234806
2026-09-24 13:03:47,664{GMT}	INFO	[jepsen worker 0] jepsen.print: 10	:invoke	:read	nil
2026-09-24 13:03:47,666{GMT}	INFO	[jepsen worker 0] jepsen.print: 10	:ok	:read	234806
2026-09-24 13:03:47,802{GMT}	INFO	[jepsen worker nemesis] jepsen.print: :nemesis	:info	:start	nil
2026-09-24 13:03:47,826{GMT}	INFO	[jepsen worker nemesis] jepsen.print: :nemesis	:info	:start	{"n1" [:killed "n1"], "n2" [:killed "n2"], "n3" [:killed "n3"]}
2026-09-24 13:03:47,828{GMT}	INFO	[jepsen worker 2] jepsen.print: 12	:invoke	:write	344181
2026-09-24 13:03:47,833{GMT}	INFO	[jepsen worker 2] jepsen.print: 12	:info	:write	344181	:unavailable-maybe-applied
2026-09-24 13:03:48,241{GMT}	INFO	[jepsen worker 3] jepsen.print: 13	:invoke	:write	29585
2026-09-24 13:03:48,245{GMT}	INFO	[jepsen worker 3] jepsen.print: 13	:info	:write	29585	:unavailable-maybe-applied
2026-09-24 13:03:48,459{GMT}	INFO	[jepsen worker 4] jepsen.print: 14	:invoke	:write	56489
2026-09-24 13:03:48,464{GMT}	INFO	[jepsen worker 4] jepsen.print: 14	:info	:write	56489	:unavailable-maybe-applied
2026-09-24 13:03:49,009{GMT}	INFO	[jepsen worker 0] jepsen.print: 10	:invoke	:write	528859
2026-09-24 13:03:49,014{GMT}	INFO	[jepsen worker 0] jepsen.print: 10	:info	:write	528859	:unavailable-maybe-applied
2026-09-24 13:03:49,551{GMT}	INFO	[jepsen worker 0] jepsen.print: 15	:invoke	:read	nil
2026-09-24 13:03:49,552{GMT}	INFO	[jepsen worker 0] jepsen.coord.client: Opening coord client on n1
2026-09-24 13:03:49,569{GMT}	INFO	[jepsen worker 1] jepsen.print: 11	:invoke	:write	521515
2026-09-24 13:03:49,571{GMT}	INFO	[jepsen worker 1] jepsen.print: 11	:info	:write	521515	:unavailable-maybe-applied
2026-09-24 13:03:49,660{GMT}	INFO	[jepsen worker 2] jepsen.print: 17	:invoke	:write	244566
2026-09-24 13:03:49,661{GMT}	INFO	[jepsen worker 2] jepsen.coord.client: Opening coord client on n3
2026-09-24 13:03:49,663{GMT}	INFO	[jepsen worker 3] jepsen.print: 18	:invoke	:write	992837
2026-09-24 13:03:49,663{GMT}	INFO	[jepsen worker 3] jepsen.coord.client: Opening coord client on n1
2026-09-24 13:03:50,694{GMT}	INFO	[jepsen worker 4] jepsen.print: 19	:invoke	:read	nil
2026-09-24 13:03:50,695{GMT}	INFO	[jepsen worker 4] jepsen.coord.client: Opening coord client on n2
2026-09-24 13:03:50,917{GMT}	INFO	[jepsen worker 1] jepsen.print: 16	:invoke	:read	nil
2026-09-24 13:03:50,918{GMT}	INFO	[jepsen worker 1] jepsen.coord.client: Opening coord client on n2
2026-09-24 13:03:54,255{GMT}	INFO	[jepsen worker nemesis] jepsen.print: :nemesis	:info	:stop	nil
2026-09-24 13:03:54,292{GMT}	INFO	[jepsen node n1] jepsen.coord.db: Restarting coord on n1
2026-09-24 13:03:54,292{GMT}	INFO	[jepsen node n1] jepsen.control.util: Starting coord
2026-09-24 13:03:54,292{GMT}	INFO	[jepsen node n2] jepsen.coord.db: Restarting coord on n2
2026-09-24 13:03:54,292{GMT}	INFO	[jepsen node n2] jepsen.control.util: Starting coord
2026-09-24 13:03:54,295{GMT}	INFO	[jepsen node n3] jepsen.coord.db: Restarting coord on n3
2026-09-24 13:03:54,295{GMT}	INFO	[jepsen node n3] jepsen.control.util: Starting coord
2026-09-24 13:03:54,400{GMT}	INFO	[jepsen node n2] jepsen.coord.db: Waiting for coord on n2 to be ready
2026-09-24 13:03:54,402{GMT}	INFO	[jepsen node n3] jepsen.coord.db: Waiting for coord on n3 to be ready
2026-09-24 13:03:54,404{GMT}	INFO	[jepsen node n1] jepsen.coord.db: Waiting for coord on n1 to be ready
2026-09-24 13:03:54,548{GMT}	INFO	[jepsen node n2] jepsen.coord.db: coord n2 is ready
2026-09-24 13:03:54,570{GMT}	INFO	[jepsen node n1] jepsen.coord.db: coord n1 is ready
2026-09-24 13:03:54,571{GMT}	INFO	[jepsen node n3] jepsen.coord.db: coord n3 is ready
2026-09-24 13:03:54,571{GMT}	INFO	[jepsen worker nemesis] jepsen.print: :nemesis	:info	:stop	{"n1" [:restarted "n1"], "n2" [:restarted "n2"], "n3" [:restarted "n3"]}
2026-09-24 13:03:55,212{GMT}	INFO	[jepsen worker 2] jepsen.print: 17	:ok	:write	244566
2026-09-24 13:03:55,212{GMT}	INFO	[jepsen worker 2] jepsen.print: 17	:invoke	:read	nil
2026-09-24 13:03:55,214{GMT}	INFO	[jepsen worker 2] jepsen.print: 17	:ok	:read	244566
2026-09-24 13:03:55,763{GMT}	INFO	[jepsen worker 2] jepsen.print: 17	:invoke	:read	nil
2026-09-24 13:03:55,766{GMT}	INFO	[jepsen worker 2] jepsen.print: 17	:ok	:read	992837
2026-09-24 13:03:55,771{GMT}	INFO	[jepsen worker 3] jepsen.print: 18	:ok	:write	992837
2026-09-24 13:03:55,892{GMT}	INFO	[jepsen worker 1] jepsen.print: 16	:ok	:read	992837
2026-09-24 13:03:55,947{GMT}	INFO	[jepsen worker 1] jepsen.print: 16	:invoke	:read	nil
2026-09-24 13:03:55,950{GMT}	INFO	[jepsen worker 1] jepsen.print: 16	:ok	:read	992837
2026-09-24 13:03:55,987{GMT}	INFO	[jepsen worker 1] jepsen.print: 16	:invoke	:read	nil
2026-09-24 13:03:56,000{GMT}	INFO	[jepsen worker 1] jepsen.print: 16	:ok	:read	992837
2026-09-24 13:03:56,094{GMT}	INFO	[jepsen worker 4] jepsen.print: 19	:ok	:read	992837
2026-09-24 13:03:57,160{GMT}	INFO	[jepsen worker 1] jepsen.print: 16	:invoke	:write	372626
2026-09-24 13:03:57,191{GMT}	INFO	[jepsen worker 1] jepsen.print: 16	:ok	:write	372626
2026-09-24 13:03:57,600{GMT}	INFO	[jepsen worker nemesis] jepsen.print: :nemesis	:info	:start	nil
2026-09-24 13:03:57,613{GMT}	INFO	[jepsen worker nemesis] jepsen.print: :nemesis	:info	:start	{"n1" [:killed "n1"], "n2" [:killed "n2"], "n3" [:killed "n3"]}
2026-09-24 13:03:57,927{GMT}	INFO	[jepsen worker 3] jepsen.print: 18	:invoke	:write	84089
2026-09-24 13:03:57,931{GMT}	INFO	[jepsen worker 3] jepsen.print: 18	:info	:write	84089	:unavailable-maybe-applied
2026-09-24 13:03:59,331{GMT}	INFO	[jepsen worker 4] jepsen.print: 19	:invoke	:read	nil
2026-09-24 13:03:59,335{GMT}	INFO	[jepsen worker 4] jepsen.print: 19	:info	:read	nil	:unavailable-maybe-applied
2026-09-24 13:03:59,402{GMT}	INFO	[jepsen worker 1] jepsen.print: 16	:invoke	:write	137332
2026-09-24 13:03:59,406{GMT}	INFO	[jepsen worker 1] jepsen.print: 16	:info	:write	137332	:unavailable-maybe-applied
2026-09-24 13:03:59,557{GMT}	INFO	[jepsen worker 1] jepsen.print: 21	:invoke	:read	nil
2026-09-24 13:03:59,557{GMT}	INFO	[jepsen worker 1] jepsen.coord.client: Opening coord client on n2
2026-09-24 13:03:59,592{GMT}	INFO	[jepsen worker 2] jepsen.print: 17	:invoke	:read	nil
2026-09-24 13:03:59,597{GMT}	INFO	[jepsen worker 2] jepsen.print: 17	:info	:read	nil	:unavailable-maybe-applied
2026-09-24 13:03:59,979{GMT}	INFO	[jepsen worker 2] jepsen.print: 22	:invoke	:write	573805
2026-09-24 13:03:59,979{GMT}	INFO	[jepsen worker 2] jepsen.coord.client: Opening coord client on n3
2026-09-24 13:04:00,079{GMT}	INFO	[jepsen worker 3] jepsen.print: 23	:invoke	:write	376137
2026-09-24 13:04:00,079{GMT}	INFO	[jepsen worker 3] jepsen.coord.client: Opening coord client on n1
2026-09-24 13:04:00,080{GMT}	INFO	[jepsen worker 4] jepsen.print: 24	:invoke	:read	nil
2026-09-24 13:04:00,080{GMT}	INFO	[jepsen worker 4] jepsen.coord.client: Opening coord client on n2
2026-09-24 13:04:00,673{GMT}	INFO	[jepsen worker nemesis] jepsen.print: :nemesis	:info	:stop	nil
2026-09-24 13:04:00,716{GMT}	INFO	[jepsen node n1] jepsen.coord.db: Restarting coord on n1
2026-09-24 13:04:00,716{GMT}	INFO	[jepsen node n1] jepsen.control.util: Starting coord
2026-09-24 13:04:00,717{GMT}	INFO	[jepsen node n2] jepsen.coord.db: Restarting coord on n2
2026-09-24 13:04:00,717{GMT}	INFO	[jepsen node n2] jepsen.control.util: Starting coord
2026-09-24 13:04:00,718{GMT}	INFO	[jepsen node n3] jepsen.coord.db: Restarting coord on n3
2026-09-24 13:04:00,718{GMT}	INFO	[jepsen node n3] jepsen.control.util: Starting coord
2026-09-24 13:04:00,824{GMT}	INFO	[jepsen node n3] jepsen.coord.db: Waiting for coord on n3 to be ready
2026-09-24 13:04:00,825{GMT}	INFO	[jepsen node n2] jepsen.coord.db: Waiting for coord on n2 to be ready
2026-09-24 13:04:00,827{GMT}	INFO	[jepsen node n1] jepsen.coord.db: Waiting for coord on n1 to be ready
2026-09-24 13:04:01,047{GMT}	INFO	[jepsen node n3] jepsen.coord.db: coord n3 is ready
2026-09-24 13:04:01,047{GMT}	INFO	[jepsen node n2] jepsen.coord.db: coord n2 is ready
2026-09-24 13:04:01,063{GMT}	INFO	[jepsen node n1] jepsen.coord.db: coord n1 is ready
2026-09-24 13:04:01,064{GMT}	INFO	[jepsen worker nemesis] jepsen.print: :nemesis	:info	:stop	{"n1" [:restarted "n1"], "n2" [:restarted "n2"], "n3" [:restarted "n3"]}
2026-09-24 13:04:01,432{GMT}	INFO	[jepsen worker 4] jepsen.print: 24	:ok	:read	372626
2026-09-24 13:04:01,433{GMT}	INFO	[jepsen worker 4] jepsen.print: 24	:invoke	:read	nil
2026-09-24 13:04:01,443{GMT}	INFO	[jepsen worker 4] jepsen.print: 24	:ok	:read	372626
2026-09-24 13:04:01,472{GMT}	INFO	[jepsen worker 3] jepsen.print: 23	:ok	:write	376137
2026-09-24 13:04:01,481{GMT}	INFO	[jepsen worker 2] jepsen.print: 22	:ok	:write	573805
2026-09-24 13:04:01,648{GMT}	INFO	[jepsen worker 2] jepsen.print: 22	:invoke	:write	557970
2026-09-24 13:04:01,679{GMT}	INFO	[jepsen worker 2] jepsen.print: 22	:ok	:write	557970
2026-09-24 13:04:02,037{GMT}	INFO	[jepsen worker 3] jepsen.print: 23	:invoke	:read	nil
2026-09-24 13:04:02,040{GMT}	INFO	[jepsen worker 3] jepsen.print: 23	:ok	:read	557970
2026-09-24 13:04:02,049{GMT}	INFO	[jepsen worker 4] jepsen.print: 24	:invoke	:write	302592
2026-09-24 13:04:02,078{GMT}	INFO	[jepsen worker 4] jepsen.print: 24	:ok	:write	302592
2026-09-24 13:04:02,080{GMT}	INFO	[jepsen worker 2] jepsen.print: 22	:invoke	:read	nil
2026-09-24 13:04:02,081{GMT}	INFO	[jepsen worker 2] jepsen.print: 22	:ok	:read	302592
2026-09-24 13:04:02,209{GMT}	INFO	[jepsen worker 1] jepsen.print: 21	:ok	:read	302592
2026-09-24 13:04:02,579{GMT}	INFO	[jepsen worker 1] jepsen.print: 21	:invoke	:write	65645
2026-09-24 13:04:02,611{GMT}	INFO	[jepsen worker 1] jepsen.print: 21	:ok	:write	65645
2026-09-24 13:04:02,872{GMT}	INFO	[jepsen worker 1] jepsen.print: 21	:invoke	:write	462843
2026-09-24 13:04:02,875{GMT}	INFO	[jepsen worker 2] jepsen.print: 22	:invoke	:read	nil
2026-09-24 13:04:02,882{GMT}	INFO	[jepsen worker 2] jepsen.print: 22	:ok	:read	65645
2026-09-24 13:04:02,901{GMT}	INFO	[jepsen worker 1] jepsen.print: 21	:ok	:write	462843
2026-09-24 13:04:03,022{GMT}	INFO	[jepsen worker 3] jepsen.print: 23	:invoke	:write	245166
2026-09-24 13:04:03,048{GMT}	INFO	[jepsen worker 3] jepsen.print: 23	:ok	:write	245166
2026-09-24 13:04:03,119{GMT}	INFO	[jepsen worker 4] jepsen.print: 24	:invoke	:write	452180
2026-09-24 13:04:03,150{GMT}	INFO	[jepsen worker 4] jepsen.print: 24	:ok	:write	452180
2026-09-24 13:04:03,392{GMT}	INFO	[jepsen worker 1] jepsen.print: 21	:invoke	:write	340470
2026-09-24 13:04:03,419{GMT}	INFO	[jepsen worker 1] jepsen.print: 21	:ok	:write	340470
2026-09-24 13:04:03,550{GMT}	INFO	[jepsen worker 1] jepsen.print: 21	:invoke	:read	nil
2026-09-24 13:04:03,552{GMT}	INFO	[jepsen worker 1] jepsen.print: 21	:ok	:read	340470
2026-09-24 13:04:03,710{GMT}	INFO	[jepsen worker 1] jepsen.print: 21	:invoke	:write	512780
2026-09-24 13:04:03,737{GMT}	INFO	[jepsen worker 1] jepsen.print: 21	:ok	:write	512780
2026-09-24 13:04:03,978{GMT}	INFO	[jepsen worker 2] jepsen.print: 22	:invoke	:write	981252
2026-09-24 13:04:04,005{GMT}	INFO	[jepsen worker 2] jepsen.print: 22	:ok	:write	981252
2026-09-24 13:04:04,138{GMT}	INFO	[jepsen worker 3] jepsen.print: 23	:invoke	:write	949564
2026-09-24 13:04:04,167{GMT}	INFO	[jepsen worker 3] jepsen.print: 23	:ok	:write	949564
2026-09-24 13:04:05,214{GMT}	INFO	[jepsen worker 4] jepsen.print: 24	:invoke	:write	808132
2026-09-24 13:04:05,245{GMT}	INFO	[jepsen worker 4] jepsen.print: 24	:ok	:write	808132
2026-09-24 13:04:05,453{GMT}	INFO	[jepsen worker nemesis] jepsen.print: :nemesis	:info	:start	nil
2026-09-24 13:04:05,466{GMT}	INFO	[jepsen worker nemesis] jepsen.print: :nemesis	:info	:start	{"n1" [:killed "n1"], "n2" [:killed "n2"], "n3" [:killed "n3"]}
2026-09-24 13:04:05,914{GMT}	INFO	[jepsen worker 1] jepsen.print: 21	:invoke	:read	nil
2026-09-24 13:04:05,919{GMT}	INFO	[jepsen worker 1] jepsen.print: 21	:info	:read	nil	:unavailable-maybe-applied
2026-09-24 13:04:07,028{GMT}	INFO	[jepsen worker 2] jepsen.print: 22	:invoke	:read	nil
2026-09-24 13:04:07,030{GMT}	INFO	[jepsen worker 2] jepsen.print: 22	:info	:read	nil	:unavailable-maybe-applied
2026-09-24 13:04:07,141{GMT}	INFO	[jepsen worker 3] jepsen.print: 23	:invoke	:read	nil
2026-09-24 13:04:07,144{GMT}	INFO	[jepsen worker 3] jepsen.print: 23	:info	:read	nil	:unavailable-maybe-applied
2026-09-24 13:04:07,187{GMT}	INFO	[jepsen worker 4] jepsen.print: 24	:invoke	:read	nil
2026-09-24 13:04:07,189{GMT}	INFO	[jepsen worker 4] jepsen.print: 24	:info	:read	nil	:unavailable-maybe-applied
2026-09-24 13:04:07,759{GMT}	INFO	[jepsen worker 1] jepsen.print: 26	:invoke	:read	nil
2026-09-24 13:04:07,759{GMT}	INFO	[jepsen worker 1] jepsen.coord.client: Opening coord client on n2
2026-09-24 13:04:08,089{GMT}	INFO	[jepsen worker 2] jepsen.print: 27	:invoke	:write	618306
2026-09-24 13:04:08,089{GMT}	INFO	[jepsen worker 2] jepsen.coord.client: Opening coord client on n3
2026-09-24 13:04:08,103{GMT}	INFO	[jepsen worker 3] jepsen.print: 28	:invoke	:write	827364
2026-09-24 13:04:08,103{GMT}	INFO	[jepsen worker 3] jepsen.coord.client: Opening coord client on n1
2026-09-24 13:04:08,275{GMT}	INFO	[jepsen worker 4] jepsen.print: 29	:invoke	:write	996161
2026-09-24 13:04:08,276{GMT}	INFO	[jepsen worker 4] jepsen.coord.client: Opening coord client on n2
2026-09-24 13:04:11,451{GMT}	INFO	[jepsen worker nemesis] jepsen.print: :nemesis	:info	:stop	nil
2026-09-24 13:04:11,487{GMT}	INFO	[jepsen node n2] jepsen.coord.db: Restarting coord on n2
2026-09-24 13:04:11,487{GMT}	INFO	[jepsen node n1] jepsen.coord.db: Restarting coord on n1
2026-09-24 13:04:11,487{GMT}	INFO	[jepsen node n2] jepsen.control.util: Starting coord
2026-09-24 13:04:11,488{GMT}	INFO	[jepsen node n1] jepsen.control.util: Starting coord
2026-09-24 13:04:11,488{GMT}	INFO	[jepsen node n3] jepsen.coord.db: Restarting coord on n3
2026-09-24 13:04:11,488{GMT}	INFO	[jepsen node n3] jepsen.control.util: Starting coord
2026-09-24 13:04:11,597{GMT}	INFO	[jepsen node n3] jepsen.coord.db: Waiting for coord on n3 to be ready
2026-09-24 13:04:11,597{GMT}	INFO	[jepsen node n2] jepsen.coord.db: Waiting for coord on n2 to be ready
2026-09-24 13:04:11,598{GMT}	INFO	[jepsen node n1] jepsen.coord.db: Waiting for coord on n1 to be ready
2026-09-24 13:04:11,795{GMT}	INFO	[jepsen node n2] jepsen.coord.db: coord n2 is ready
2026-09-24 13:04:11,809{GMT}	INFO	[jepsen node n3] jepsen.coord.db: coord n3 is ready
2026-09-24 13:04:11,809{GMT}	INFO	[jepsen node n1] jepsen.coord.db: coord n1 is ready
2026-09-24 13:04:11,810{GMT}	INFO	[jepsen worker nemesis] jepsen.print: :nemesis	:info	:stop	{"n1" [:restarted "n1"], "n2" [:restarted "n2"], "n3" [:restarted "n3"]}
2026-09-24 13:04:12,844{GMT}	INFO	[jepsen worker 4] jepsen.print: 29	:ok	:write	996161
2026-09-24 13:04:12,845{GMT}	INFO	[jepsen worker 4] jepsen.print: 29	:invoke	:write	872235
2026-09-24 13:04:12,881{GMT}	INFO	[jepsen worker 4] jepsen.print: 29	:ok	:write	872235
2026-09-24 13:04:12,897{GMT}	INFO	[jepsen worker 1] jepsen.print: 26	:ok	:read	996161
2026-09-24 13:04:13,045{GMT}	INFO	[jepsen worker 1] jepsen.print: 26	:invoke	:read	nil
2026-09-24 13:04:13,047{GMT}	INFO	[jepsen worker 1] jepsen.print: 26	:ok	:read	872235
2026-09-24 13:04:13,873{GMT}	INFO	[jepsen worker 2] jepsen.print: 27	:ok	:write	618306
2026-09-24 13:04:14,023{GMT}	INFO	[jepsen worker 3] jepsen.print: 28	:ok	:write	827364
2026-09-24 13:04:14,442{GMT}	INFO	[jepsen worker 1] jepsen.print: 26	:invoke	:read	nil
2026-09-24 13:04:14,446{GMT}	INFO	[jepsen worker 1] jepsen.print: 26	:ok	:read	827364
2026-09-24 13:04:14,610{GMT}	INFO	[jepsen worker 2] jepsen.print: 27	:invoke	:write	975694
2026-09-24 13:04:14,639{GMT}	INFO	[jepsen worker 2] jepsen.print: 27	:ok	:write	975694
2026-09-24 13:04:14,777{GMT}	INFO	[jepsen worker 0] jepsen.print: 15	:ok	:read	975694
2026-09-24 13:04:14,819{GMT}	INFO	[jepsen worker 3] jepsen.print: 28	:invoke	:write	639520
2026-09-24 13:04:14,848{GMT}	INFO	[jepsen worker 3] jepsen.print: 28	:ok	:write	639520
2026-09-24 13:04:15,174{GMT}	INFO	[jepsen worker 4] jepsen.print: 29	:invoke	:write	612783
2026-09-24 13:04:15,207{GMT}	INFO	[jepsen worker 4] jepsen.print: 29	:ok	:write	612783
2026-09-24 13:04:15,415{GMT}	INFO	[jepsen worker 0] jepsen.print: 15	:invoke	:read	nil
2026-09-24 13:04:15,418{GMT}	INFO	[jepsen worker 0] jepsen.print: 15	:ok	:read	612783
2026-09-24 13:04:15,869{GMT}	INFO	[jepsen worker 0] jepsen.print: 15	:invoke	:read	nil
2026-09-24 13:04:15,872{GMT}	INFO	[jepsen worker 0] jepsen.print: 15	:ok	:read	612783
2026-09-24 13:04:15,931{GMT}	INFO	[jepsen worker 1] jepsen.print: 26	:invoke	:write	839474
2026-09-24 13:04:15,965{GMT}	INFO	[jepsen worker 1] jepsen.print: 26	:ok	:write	839474
2026-09-24 13:04:16,240{GMT}	INFO	[jepsen worker 2] jepsen.print: 27	:invoke	:read	nil
2026-09-24 13:04:16,243{GMT}	INFO	[jepsen worker 2] jepsen.print: 27	:ok	:read	839474
2026-09-24 13:04:16,316{GMT}	INFO	[jepsen worker nemesis] jepsen.print: :nemesis	:info	:start	nil
2026-09-24 13:04:16,334{GMT}	INFO	[jepsen worker nemesis] jepsen.print: :nemesis	:info	:start	{"n1" [:killed "n1"], "n2" [:killed "n2"], "n3" [:killed "n3"]}
2026-09-24 13:04:16,659{GMT}	INFO	[jepsen worker 0] jepsen.print: 15	:invoke	:read	nil
2026-09-24 13:04:16,661{GMT}	INFO	[jepsen worker 0] jepsen.print: 15	:info	:read	nil	:unavailable-maybe-applied
2026-09-24 13:04:16,951{GMT}	INFO	[jepsen worker 0] jepsen.print: 20	:invoke	:write	139417
2026-09-24 13:04:16,952{GMT}	INFO	[jepsen worker 0] jepsen.coord.client: Opening coord client on n1
2026-09-24 13:05:16,955{GMT}	WARN	[jepsen worker 0] jepsen.generator.interpreter: Error opening client
{:channels [#object[io.grpc.internal.ManagedChannelOrphanWrapper
                    "0x39c9cc85"
                    "ManagedChannelOrphanWrapper{delegate=ManagedChannelImpl{logId=724, target=n1:50051}}"]
            #object[io.grpc.internal.ManagedChannelOrphanWrapper
                    "0x74a6a75e"
                    "ManagedChannelOrphanWrapper{delegate=ManagedChannelImpl{logId=726, target=n2:50051}}"]
            #object[io.grpc.internal.ManagedChannelOrphanWrapper
                    "0x74f06d13"
                    "ManagedChannelOrphanWrapper{delegate=ManagedChannelImpl{logId=728, target=n3:50051}}"]]}

clojure.lang.ExceptionInfo: Failed to authenticate to coord
	at jepsen.coord.client$authenticate_BANG_.invokeStatic(client.clj:125)
	at jepsen.coord.client$authenticate_BANG_.invoke(client.clj:96)
	at jepsen.coord.client.CoordClient.open_BANG_(client.clj:2159)
	at jepsen.client.Validate.open_BANG_(client.clj:71)
	at jepsen.generator.interpreter.ClientWorker$fn__16104.invoke(interpreter.clj:52)
	at jepsen.generator.interpreter.ClientWorker.invoke_BANG_(interpreter.clj:50)
	at jepsen.generator.interpreter$spawn_worker$fn__16151$fn__16152.invoke(interpreter.clj:149)
	at jepsen.generator.interpreter$spawn_worker$fn__16151.invoke(interpreter.clj:132)
	at clojure.core$binding_conveyor_fn$fn__5844.invoke(core.clj:2051)
	at clojure.lang.AFn.call(AFn.java:18)
	at java.base/java.util.concurrent.FutureTask.run(FutureTask.java:328)
	at java.base/java.util.concurrent.ThreadPoolExecutor.runWorker(ThreadPoolExecutor.java:1090)
	at java.base/java.util.concurrent.ThreadPoolExecutor$Worker.run(ThreadPoolExecutor.java:614)
	at java.base/java.lang.Thread.run(Thread.java:1474)
2026-09-24 13:05:16,956{GMT}	INFO	[jepsen worker 0] jepsen.print: 20	:fail	:write	139417	[:no-client "Failed to authenticate to coord"]
2026-09-24 13:05:16,956{GMT}	INFO	[jepsen worker nemesis] jepsen.print: :nemesis	:info	:stop	nil
2026-09-24 13:05:16,989{GMT}	INFO	[jepsen node n1] jepsen.coord.db: Restarting coord on n1
2026-09-24 13:05:16,990{GMT}	INFO	[jepsen node n1] jepsen.control.util: Starting coord
2026-09-24 13:05:16,990{GMT}	INFO	[jepsen node n2] jepsen.coord.db: Restarting coord on n2
2026-09-24 13:05:16,990{GMT}	INFO	[jepsen node n2] jepsen.control.util: Starting coord
2026-09-24 13:05:16,990{GMT}	INFO	[jepsen node n3] jepsen.coord.db: Restarting coord on n3
2026-09-24 13:05:16,990{GMT}	INFO	[jepsen node n3] jepsen.control.util: Starting coord
2026-09-24 13:05:17,111{GMT}	INFO	[jepsen node n2] jepsen.coord.db: Waiting for coord on n2 to be ready
2026-09-24 13:05:17,111{GMT}	INFO	[jepsen node n3] jepsen.coord.db: Waiting for coord on n3 to be ready
2026-09-24 13:05:17,112{GMT}	INFO	[jepsen node n1] jepsen.coord.db: Waiting for coord on n1 to be ready
2026-09-24 13:05:17,235{GMT}	INFO	[jepsen node n2] jepsen.coord.db: coord n2 is ready
2026-09-24 13:05:17,245{GMT}	INFO	[jepsen node n3] jepsen.coord.db: coord n3 is ready
2026-09-24 13:05:17,245{GMT}	INFO	[jepsen node n1] jepsen.coord.db: coord n1 is ready
2026-09-24 13:05:17,245{GMT}	INFO	[jepsen worker nemesis] jepsen.print: :nemesis	:info	:stop	{"n1" [:restarted "n1"], "n2" [:restarted "n2"], "n3" [:restarted "n3"]}
2026-09-24 13:05:17,246{GMT}	INFO	[jepsen worker 2] jepsen.generator.interpreter: recovery: letting cluster converge
2026-09-24 13:05:47,265{GMT}	INFO	[jepsen node n1] jepsen.coord.client: Opening coord client on n1
2026-09-24 13:05:47,265{GMT}	INFO	[jepsen node n2] jepsen.coord.client: Opening coord client on n2
2026-09-24 13:05:47,265{GMT}	INFO	[jepsen node n3] jepsen.coord.client: Opening coord client on n3
2026-09-24 13:05:47,441{GMT}	INFO	[jepsen test runner] jepsen.core: Run complete, writing
2026-09-24 13:05:47,500{GMT}	INFO	[jepsen test runner] jepsen.core: Snarfing log files
2026-09-24 13:05:47,501{GMT}	INFO	[jepsen node n2] jepsen.coord.db: Killing coord on n2
2026-09-24 13:05:47,501{GMT}	INFO	[jepsen node n1] jepsen.coord.db: Killing coord on n1
2026-09-24 13:05:47,501{GMT}	INFO	[jepsen node n3] jepsen.coord.db: Killing coord on n3
2026-09-24 13:05:47,561{GMT}	INFO	[jepsen node n2] jepsen.core: downloading /var/log/coord.log to coord.log
2026-09-24 13:05:47,563{GMT}	INFO	[jepsen node n1] jepsen.core: downloading /var/log/coord.log to coord.log
2026-09-24 13:05:47,563{GMT}	INFO	[jepsen node n3] jepsen.core: downloading /var/log/coord.log to coord.log
2026-09-24 13:05:47,720{GMT}	INFO	[jepsen node n3] jepsen.coord.db: Tearing down coord on n3
2026-09-24 13:05:47,720{GMT}	INFO	[jepsen node n2] jepsen.coord.db: Tearing down coord on n2
2026-09-24 13:05:47,720{GMT}	INFO	[jepsen node n1] jepsen.coord.db: Tearing down coord on n1
2026-09-24 13:05:49,367{GMT}	INFO	[jepsen test runner] jepsen.core: Analyzing...
2026-09-24 13:05:49,392{GMT}	INFO	[Thread-14] knossos.model.memo: More than 1024 reachable models; not memoizing models for this search
2026-09-24 13:05:49,501{GMT}	INFO	[jepsen test runner] jepsen.core: Analysis complete
2026-09-24 13:05:49,508{GMT}	INFO	[jepsen results] jepsen.store: Wrote /opt/coord/jepsen/store/coord/2026-09-24T13:03:09.922280021Z/results.edn
2026-09-24 13:05:49,540{GMT}	INFO	[jepsen test runner] jepsen.core: {:linear {:valid? true,
          :model #knossos.model.Register{:value 839474},
          :analyzer :wgl,
          :final-paths (),
          :configs ()},
 :gates {:valid? true,
         :gates {:premise {:valid? true,
                           :writes 93,
                           :duplicate-value-count 0,
                           :duplicate-values {}},
                 :availability {:min-ratio 0.95,
                                :min-sample 100,
                                :windows 6,
                                :judged 0,
                                :skipped-small-sample 6,
                                :worst-window nil,
                                :violations []},
                 :rto {:budget-seconds 120,
                       :n 5,
                       :p95 1.3061185365999999,
                       :max 1.393542696,
                       :samples [0.642512364
                                 0.670313371
                                 0.956421899
                                 0.799717288
                                 1.393542696],
                       :unrecovered 0,
                       :not-measured 1,
                       :details [{:disruption {:start 8233289085,
                                               :end 12324083776},
                                  :measurable? true,
                                  :first-ok-after 12966596140,
                                  :seconds 0.642512364}
                                 {:disruption {:start 21050271341,
                                               :end 26285784601},
                                  :measurable? true,
                                  :first-ok-after 26956097972,
                                  :seconds 0.670313371}
                                 {:disruption {:start 31077267740,
                                               :end 37506623178},
                                  :measurable? true,
                                  :first-ok-after 38463045077,
                                  :seconds 0.956421899}
                                 {:disruption {:start 40864777414,
                                               :end 43924228247},
                                  :measurable? true,
                                  :first-ok-after 44723945535,
                                  :seconds 0.799717288}
                                 {:disruption {:start 48717745385,
                                               :end 54702068259},
                                  :measurable? true,
                                  :first-ok-after 56095610955,
                                  :seconds 1.393542696}
                                 {:disruption {:start 59585492928,
                                               :end 120207227417},
                                  :measurable? false,
                                  :first-ok-after nil,
                                  :seconds nil}]},
                 :liveness {:min-ok-ratio 0.1,
                            :min-sample 10,
                            :ops 2,
                            :judged 2,
                            :skipped-small-sample 0,
                            :ok-ratio 0.8475609756097561,
                            :by-op {:write {:total 93,
                                            :ok 80,
                                            :info 12,
                                            :fail 1,
                                            :legit-fail 0,
                                            :judged 93,
                                            :errors {:unavailable-maybe-applied 12,
                                                     [:no-client
                                                      "Failed to authenticate to coord"] 1}},
                                    :read {:total 71,
                                           :ok 59,
                                           :info 12,
                                           :fail 0,
                                           :legit-fail 0,
                                           :judged 71,
                                           :errors {:unavailable-maybe-applied 12}}},
                            :violations []},
                 :agent nil},
         :failures []},
 :perf {:latency-graph {:valid? true},
        :rate-graph {:valid? true},
        :valid? true},
 :valid? true}


Everything looks good! ヽ(‘ー`)ノ
