2026-09-17 11:04:46,184{GMT}	INFO	[jepsen test runner] jepsen.core: Test version ad22337b09f7aae407b39e9d639de867e52bccc7 (plus uncommitted changes)
2026-09-17 11:04:46,184{GMT}	INFO	[jepsen test runner] jepsen.core: Command line:
lein run test --nodes-file /root/nodes --username root --ssh-private-key /root/.ssh/id_ed25519 --workload idempotency --nemesis none --time-limit 45 --concurrency 2n
2026-09-17 11:04:46,226{GMT}	INFO	[jepsen test runner] jepsen.core: Running test:
{:remote
 #jepsen.control.retry.Remote{:remote #jepsen.control.scp.Remote{:cmd-remote #jepsen.control.sshj.SSHJRemote{:concurrency-limit 6,
                                                                                                             :conn-spec nil,
                                                                                                             :client nil,
                                                                                                             :semaphore nil},
                                                                 :conn-spec nil},
                              :conn nil}
 :idem-replay-delay-ms 0
 :ssh-private-key "/root/.ssh/id_ed25519"
 :idem-min-replay-attempts nil
 :concurrency 10
 :soak-disrupt 600
 :db
 #jepsen.coord.db.CoordDB{:cluster-name "jepsen-coord",
                          :pidfile-prefix "/var/run/coord-",
                          :root-password "66c57bb56bce306f484344e4a8650836",
                          :coord-dir "/opt/coord",
                          :config-dir "/etc/coord",
                          :logfile "/var/log/coord.log",
                          :regions nil,
                          :data-dir "/var/lib/coord",
                          :nodes ("n1" "n2" "n3"),
                          :auth-root-key "820662a9f85924333d6d466714bc51734b251e73b827a394e1978e36d2429bfc",
                          :raft-secret "93edf94d2860fec54bc59278a804cb1bbd2d0a7243e4f39d667d66966d9844d1",
                          :coord-bin "/root/coord-test/coord"}
 :leave-db-running? false
 :name "coord"
 :logging-json? false
 :mixture-ratio nil
 :start-time
 #object[java.time.OffsetDateTime "0x4ab1693b" "2026-09-17T11:04:46.160213597Z"]
 :regions nil
 :map-keys nil
 :net
 #object[jepsen.net$iptables_with_dev$reify__15623
         "0x35e0d91e"
         "jepsen.net$iptables_with_dev$reify__15623@35e0d91e"]
 :client
 #jepsen.coord.client.CoordClient{:nodes ["n1" "n2" "n3"],
                                  :root-password "66c57bb56bce306f484344e4a8650836",
                                  :cct nil,
                                  :channels nil,
                                  :raw-channels nil,
                                  :leader-idx #object[clojure.lang.Atom
                                                      "0x403ba39f"
                                                      {:status :ready, :val {}}],
                                  :last-rev #object[clojure.lang.Atom
                                                    "0x520e6089"
                                                    {:status :ready, :val {}}],
                                  :parse-values? true}
 :barrier
 #object[java.util.concurrent.CyclicBarrier
         "0x2ff2a096"
         "java.util.concurrent.CyclicBarrier@2ff2a096"]
 :ssh
 {:dummy? false,
  :username "root",
  :password "root",
  :strict-host-key-checking false,
  :private-key-path "/root/.ssh/id_ed25519"}
 :rate nil
 :map-min-deletes nil
 :seed 1906351596
 :checker
 #jepsen.checker.Compose{:checkers {:linear #object[jepsen.coord.idem$checker$reify__1011
                                                    "0x59c2bf78"
                                                    "jepsen.coord.idem$checker$reify__1011@59c2bf78"],
                                    :gates #object[jepsen.coord.gates$checker$reify__931
                                                   "0x44f8d884"
                                                   "jepsen.coord.gates$checker$reify__931@44f8d884"],
                                    :perf #jepsen.checker.Compose{:checkers {:latency-graph #jepsen.checker.LatencyGraph{:opts {}},
                                                                             :rate-graph #jepsen.checker.RateGraph{:opts {}}}}}}
 :argv
 ("test"
  "--nodes-file"
  "/root/nodes"
  "--username"
  "root"
  "--ssh-private-key"
  "/root/.ssh/id_ed25519"
  "--workload"
  "idempotency"
  "--nemesis"
  "none"
  "--time-limit"
  "45"
  "--concurrency"
  "2n")
 :nemesis #unprintable "jepsen.nemesis$reify__15746@65d3e2ba"
 :nodes ("n1" "n2" "n3")
 :test-count 1
 :no-jitter false
 :generator
 #object[jepsen.util.Forgettable
         "0x386ec37d"
         ((jepsen.generator.Synchronize
           {:gen (jepsen.generator.TimeLimit
                  {:limit 45000000000,
                   :cutoff nil,
                   :gen (jepsen.generator.Stagger
                         {:dt-fn #object[jepsen.generator$stagger_exp$dt_fn__6799
                                         "0x61bfd7da"
                                         "jepsen.generator$stagger_exp$dt_fn__6799@61bfd7da"],
                          :next-time nil,
                          :gen (jepsen.generator.OnThreads
                                {:f #jepsen.generator.context.AllBut{:element :nemesis},
                                 :context-filter #object[jepsen.generator.context$make_thread_filter$lazy_filter__5865
                                                         "0x6179af64"
                                                         "jepsen.generator.context$make_thread_filter$lazy_filter__5865@6179af64"],
                                 :gen (jepsen.generator.Mix
                                       {:i 0,
                                        :gens [(jepsen.generator.Mix
                                                {:i 0,
                                                 :gens [#object[jepsen.coord$idem_gen$put_op__2183
                                                                "0x193f5509"
                                                                "jepsen.coord$idem_gen$put_op__2183@193f5509"]
                                                        #object[jepsen.coord$idem_gen$del_op__2185
                                                                "0x475a8415"
                                                                "jepsen.coord$idem_gen$del_op__2185@475a8415"]
                                                        #object[jepsen.coord$idem_gen$rd_op__2187
                                                                "0x58c48a23"
                                                                "jepsen.coord$idem_gen$rd_op__2187@58c48a23"]]})]})})})})})
          (jepsen.generator.Synchronize
           {:gen {:type :log, :value "recovery: letting cluster converge"}})
          (jepsen.generator.Synchronize {:gen {:type :sleep, :value 30}}))]
 :min-op-ok-ratio nil
 :soak-max-rto-seconds nil
 :idem-replay-node-offset 0
 :min-op-sample nil
 :os
 #object[jepsen.os$reify__16045 "0x74ea1cd0" "jepsen.os$reify__16045@74ea1cd0"]
 :time-limit 45
 :quiet-availability-min nil
 :soak-quiet 1800
 :value-size nil
 :quiet-min-sample nil
 :workload :idempotency}

2026-09-17 11:04:47,643{GMT}	INFO	[jepsen test runner] jepsen.db: Tearing down DB
2026-09-17 11:04:47,643{GMT}	INFO	[jepsen node n2] jepsen.coord.db: Tearing down coord on n2
2026-09-17 11:04:47,643{GMT}	INFO	[jepsen node n3] jepsen.coord.db: Tearing down coord on n3
2026-09-17 11:04:47,643{GMT}	INFO	[jepsen node n1] jepsen.coord.db: Tearing down coord on n1
2026-09-17 11:04:49,238{GMT}	INFO	[jepsen test runner] jepsen.db: Setting up DB
2026-09-17 11:04:49,239{GMT}	INFO	[jepsen node n3] jepsen.coord.db: Setting up coord on n3
2026-09-17 11:04:49,239{GMT}	INFO	[jepsen node n1] jepsen.coord.db: Setting up coord on n1
2026-09-17 11:04:49,239{GMT}	INFO	[jepsen node n2] jepsen.coord.db: Setting up coord on n2
2026-09-17 11:04:51,930{GMT}	INFO	[jepsen node n3] jepsen.control.util: Starting coord
2026-09-17 11:04:51,982{GMT}	INFO	[jepsen node n2] jepsen.control.util: Starting coord
2026-09-17 11:04:52,016{GMT}	INFO	[jepsen node n1] jepsen.control.util: Starting coord
2026-09-17 11:04:52,034{GMT}	INFO	[jepsen node n3] jepsen.coord.db: Waiting for coord on n3 to be ready
2026-09-17 11:04:52,087{GMT}	INFO	[jepsen node n2] jepsen.coord.db: Waiting for coord on n2 to be ready
2026-09-17 11:04:52,124{GMT}	INFO	[jepsen node n1] jepsen.coord.db: Waiting for coord on n1 to be ready
2026-09-17 11:04:52,333{GMT}	INFO	[jepsen node n3] jepsen.coord.db: coord n3 is ready
2026-09-17 11:04:52,333{GMT}	INFO	[jepsen node n2] jepsen.coord.db: coord n2 is ready
2026-09-17 11:04:52,848{GMT}	INFO	[jepsen node n1] jepsen.coord.db: coord n1 is ready
2026-09-17 11:04:52,851{GMT}	INFO	[jepsen test runner] jepsen.core: Relative time begins now
2026-09-17 11:04:52,854{GMT}	INFO	[jepsen node n3] jepsen.coord.client: Opening coord client on n3
2026-09-17 11:04:52,854{GMT}	INFO	[jepsen node n1] jepsen.coord.client: Opening coord client on n1
2026-09-17 11:04:52,854{GMT}	INFO	[jepsen node n2] jepsen.coord.client: Opening coord client on n2
2026-09-17 11:04:53,008{GMT}	INFO	[jepsen node n2] jepsen.coord.client: coord client setup: waiting for a successful read (quorum + auth)
2026-09-17 11:04:53,008{GMT}	INFO	[jepsen node n3] jepsen.coord.client: coord client setup: waiting for a successful read (quorum + auth)
2026-09-17 11:04:53,008{GMT}	INFO	[jepsen node n1] jepsen.coord.client: coord client setup: waiting for a successful read (quorum + auth)
2026-09-17 11:04:53,060{GMT}	INFO	[jepsen node n2] jepsen.coord.client: coord cluster is ready
2026-09-17 11:04:53,060{GMT}	INFO	[jepsen node n1] jepsen.coord.client: coord cluster is ready
2026-09-17 11:04:53,061{GMT}	INFO	[jepsen node n3] jepsen.coord.client: coord cluster is ready
2026-09-17 11:04:53,082{GMT}	INFO	[jepsen worker 0] jepsen.print: 0	:invoke	:idem-put	{:rid "idem-put-s1906351596-1", :key "/jepsen/idem/put/s1906351596/1", :val "1", :replays 2, :setup-val nil, :replay-delay-ms 0, :replay-node-offset 0}
2026-09-17 11:04:53,082{GMT}	INFO	[jepsen worker 0] jepsen.coord.client: Opening coord client on n1
2026-09-17 11:04:53,215{GMT}	INFO	[jepsen worker 0] jepsen.print: 0	:ok	:idem-put	{:key "/jepsen/idem/put/s1906351596/1", :expected-version 1, :replays 2, :replay-delay-ms 0, :setup-val nil, :replay-node-offset 0, :val "1", :setup nil, :rid "idem-put-s1906351596-1"}
2026-09-17 11:04:53,229{GMT}	INFO	[jepsen worker 1] jepsen.print: 1	:invoke	:idem-range-delete	{:rid "idem-rdel-s1906351596-4", :range-start "/jepsen/idem/rd/s1906351596/4/a", :range-end "/jepsen/idem/rd/s1906351596/4/z", :post-write-key "/jepsen/idem/rd/s1906351596/4/m", :post-write-val 4}
2026-09-17 11:04:53,229{GMT}	INFO	[jepsen worker 1] jepsen.coord.client: Opening coord client on n2
2026-09-17 11:04:53,331{GMT}	INFO	[jepsen worker 2] jepsen.print: 2	:invoke	:idem-range-delete	{:rid "idem-rdel-s1906351596-6", :range-start "/jepsen/idem/rd/s1906351596/6/a", :range-end "/jepsen/idem/rd/s1906351596/6/z", :post-write-key "/jepsen/idem/rd/s1906351596/6/m", :post-write-val 6}
2026-09-17 11:04:53,331{GMT}	INFO	[jepsen worker 2] jepsen.coord.client: Opening coord client on n3
2026-09-17 11:04:53,438{GMT}	INFO	[jepsen worker 3] jepsen.print: 3	:invoke	:idem-put	{:rid "idem-put-s1906351596-8", :key "/jepsen/idem/put/s1906351596/8", :val "8", :replays 3, :setup-val nil, :replay-delay-ms 0, :replay-node-offset 0}
2026-09-17 11:04:53,438{GMT}	INFO	[jepsen worker 3] jepsen.coord.client: Opening coord client on n1
2026-09-17 11:04:53,446{GMT}	INFO	[jepsen worker 4] jepsen.print: 4	:invoke	:idem-range-delete	{:rid "idem-rdel-s1906351596-10", :range-start "/jepsen/idem/rd/s1906351596/10/a", :range-end "/jepsen/idem/rd/s1906351596/10/z", :post-write-key "/jepsen/idem/rd/s1906351596/10/m", :post-write-val 10}
2026-09-17 11:04:53,447{GMT}	INFO	[jepsen worker 4] jepsen.coord.client: Opening coord client on n2
2026-09-17 11:04:53,541{GMT}	INFO	[jepsen worker 1] jepsen.print: 1	:ok	:idem-range-delete	{:rid "idem-rdel-s1906351596-4", :range-start "/jepsen/idem/rd/s1906351596/4/a", :range-end "/jepsen/idem/rd/s1906351596/4/z", :post-write-key "/jepsen/idem/rd/s1906351596/4/m", :post-write-val 4}
2026-09-17 11:04:53,700{GMT}	INFO	[jepsen worker 5] jepsen.print: 5	:invoke	:idem-range-delete	{:rid "idem-rdel-s1906351596-13", :range-start "/jepsen/idem/rd/s1906351596/13/a", :range-end "/jepsen/idem/rd/s1906351596/13/z", :post-write-key "/jepsen/idem/rd/s1906351596/13/m", :post-write-val 13}
2026-09-17 11:04:53,701{GMT}	INFO	[jepsen worker 3] jepsen.print: 3	:ok	:idem-put	{:key "/jepsen/idem/put/s1906351596/8", :expected-version 1, :replays 3, :replay-delay-ms 0, :setup-val nil, :replay-node-offset 0, :val "8", :setup nil, :rid "idem-put-s1906351596-8"}
2026-09-17 11:04:53,701{GMT}	INFO	[jepsen worker 5] jepsen.coord.client: Opening coord client on n3
2026-09-17 11:04:53,796{GMT}	INFO	[jepsen worker 2] jepsen.print: 2	:ok	:idem-range-delete	{:rid "idem-rdel-s1906351596-6", :range-start "/jepsen/idem/rd/s1906351596/6/a", :range-end "/jepsen/idem/rd/s1906351596/6/z", :post-write-key "/jepsen/idem/rd/s1906351596/6/m", :post-write-val 6}
2026-09-17 11:04:53,855{GMT}	INFO	[jepsen worker 6] jepsen.print: 6	:invoke	:idem-put	{:rid "idem-put-s1906351596-17", :key "/jepsen/idem/put/s1906351596/17", :val "17", :replays 2, :setup-val nil, :replay-delay-ms 0, :replay-node-offset 0}
2026-09-17 11:04:53,856{GMT}	INFO	[jepsen worker 6] jepsen.coord.client: Opening coord client on n1
2026-09-17 11:04:53,893{GMT}	INFO	[jepsen worker 7] jepsen.print: 7	:invoke	:idem-put	{:rid "idem-put-s1906351596-19", :key "/jepsen/idem/put/s1906351596/19", :val "19", :replays 2, :setup-val nil, :replay-delay-ms 0, :replay-node-offset 0}
2026-09-17 11:04:53,893{GMT}	INFO	[jepsen worker 7] jepsen.coord.client: Opening coord client on n2
2026-09-17 11:04:54,031{GMT}	INFO	[jepsen worker 4] jepsen.print: 4	:ok	:idem-range-delete	{:rid "idem-rdel-s1906351596-10", :range-start "/jepsen/idem/rd/s1906351596/10/a", :range-end "/jepsen/idem/rd/s1906351596/10/z", :post-write-key "/jepsen/idem/rd/s1906351596/10/m", :post-write-val 10}
2026-09-17 11:04:54,119{GMT}	INFO	[jepsen worker 6] jepsen.print: 6	:ok	:idem-put	{:key "/jepsen/idem/put/s1906351596/17", :expected-version 1, :replays 2, :replay-delay-ms 0, :setup-val nil, :replay-node-offset 0, :val "17", :setup nil, :rid "idem-put-s1906351596-17"}
2026-09-17 11:04:54,135{GMT}	INFO	[jepsen worker 7] jepsen.print: 7	:ok	:idem-put	{:key "/jepsen/idem/put/s1906351596/19", :expected-version 1, :replays 2, :replay-delay-ms 0, :setup-val nil, :replay-node-offset 0, :val "19", :setup nil, :rid "idem-put-s1906351596-19"}
2026-09-17 11:04:54,189{GMT}	INFO	[jepsen worker 5] jepsen.print: 5	:ok	:idem-range-delete	{:rid "idem-rdel-s1906351596-13", :range-start "/jepsen/idem/rd/s1906351596/13/a", :range-end "/jepsen/idem/rd/s1906351596/13/z", :post-write-key "/jepsen/idem/rd/s1906351596/13/m", :post-write-val 13}
2026-09-17 11:04:54,244{GMT}	INFO	[jepsen worker 8] jepsen.print: 8	:invoke	:idem-put	{:rid "idem-put-s1906351596-25", :key "/jepsen/idem/put/s1906351596/25", :val "25", :replays 2, :setup-val nil, :replay-delay-ms 0, :replay-node-offset 0}
2026-09-17 11:04:54,245{GMT}	INFO	[jepsen worker 8] jepsen.coord.client: Opening coord client on n3
2026-09-17 11:04:54,359{GMT}	INFO	[jepsen worker 9] jepsen.print: 9	:invoke	:idem-put	{:rid "idem-put-s1906351596-27", :key "/jepsen/idem/put/s1906351596/27", :val "27", :replays 2, :setup-val "OLD-27", :replay-delay-ms 0, :replay-node-offset 0}
2026-09-17 11:04:54,359{GMT}	INFO	[jepsen worker 9] jepsen.coord.client: Opening coord client on n1
2026-09-17 11:04:54,387{GMT}	INFO	[jepsen worker 8] jepsen.print: 8	:ok	:idem-put	{:key "/jepsen/idem/put/s1906351596/25", :expected-version 1, :replays 2, :replay-delay-ms 0, :setup-val nil, :replay-node-offset 0, :val "25", :setup nil, :rid "idem-put-s1906351596-25"}
2026-09-17 11:04:54,513{GMT}	INFO	[jepsen worker 9] jepsen.print: 9	:ok	:idem-put	{:key "/jepsen/idem/put/s1906351596/27", :expected-version 2, :replays 2, :replay-delay-ms 0, :setup-val "OLD-27", :replay-node-offset 0, :val "27", :setup {:revision 54, :ok? true, :node "n1"}, :rid "idem-put-s1906351596-27"}
2026-09-17 11:04:54,571{GMT}	INFO	[jepsen worker 0] jepsen.print: 0	:invoke	:idem-put	{:rid "idem-put-s1906351596-31", :key "/jepsen/idem/put/s1906351596/31", :val "31", :replays 2, :setup-val nil, :replay-delay-ms 0, :replay-node-offset 0}
2026-09-17 11:04:54,600{GMT}	INFO	[jepsen worker 0] jepsen.print: 0	:ok	:idem-put	{:key "/jepsen/idem/put/s1906351596/31", :expected-version 1, :replays 2, :replay-delay-ms 0, :setup-val nil, :replay-node-offset 0, :val "31", :setup nil, :rid "idem-put-s1906351596-31"}
2026-09-17 11:04:55,929{GMT}	INFO	[jepsen worker 0] jepsen.print: 0	:invoke	:idem-put	{:rid "idem-put-s1906351596-34", :key "/jepsen/idem/put/s1906351596/34", :val "34", :replays 3, :setup-val nil, :replay-delay-ms 0, :replay-node-offset 0}
2026-09-17 11:04:55,966{GMT}	INFO	[jepsen worker 0] jepsen.print: 0	:ok	:idem-put	{:key "/jepsen/idem/put/s1906351596/34", :expected-version 1, :replays 3, :replay-delay-ms 0, :setup-val nil, :replay-node-offset 0, :val "34", :setup nil, :rid "idem-put-s1906351596-34"}
2026-09-17 11:04:56,163{GMT}	INFO	[jepsen worker 1] jepsen.print: 1	:invoke	:idem-range-delete	{:rid "idem-rdel-s1906351596-37", :range-start "/jepsen/idem/rd/s1906351596/37/a", :range-end "/jepsen/idem/rd/s1906351596/37/z", :post-write-key "/jepsen/idem/rd/s1906351596/37/m", :post-write-val 37}
2026-09-17 11:04:56,302{GMT}	INFO	[jepsen worker 1] jepsen.print: 1	:ok	:idem-range-delete	{:rid "idem-rdel-s1906351596-37", :range-start "/jepsen/idem/rd/s1906351596/37/a", :range-end "/jepsen/idem/rd/s1906351596/37/z", :post-write-key "/jepsen/idem/rd/s1906351596/37/m", :post-write-val 37}
2026-09-17 11:04:56,307{GMT}	INFO	[jepsen worker 2] jepsen.print: 2	:invoke	:idem-put	{:rid "idem-put-s1906351596-40", :key "/jepsen/idem/put/s1906351596/40", :val "40", :replays 3, :setup-val nil, :replay-delay-ms 0, :replay-node-offset 0}
2026-09-17 11:04:56,335{GMT}	INFO	[jepsen worker 2] jepsen.print: 2	:ok	:idem-put	{:key "/jepsen/idem/put/s1906351596/40", :expected-version 1, :replays 3, :replay-delay-ms 0, :setup-val nil, :replay-node-offset 0, :val "40", :setup nil, :rid "idem-put-s1906351596-40"}
2026-09-17 11:04:56,435{GMT}	INFO	[jepsen worker 3] jepsen.print: 3	:invoke	:idem-put	{:rid "idem-put-s1906351596-43", :key "/jepsen/idem/put/s1906351596/43", :val "43", :replays 2, :setup-val nil, :replay-delay-ms 0, :replay-node-offset 0}
2026-09-17 11:04:56,467{GMT}	INFO	[jepsen worker 3] jepsen.print: 3	:ok	:idem-put	{:key "/jepsen/idem/put/s1906351596/43", :expected-version 1, :replays 2, :replay-delay-ms 0, :setup-val nil, :replay-node-offset 0, :val "43", :setup nil, :rid "idem-put-s1906351596-43"}
2026-09-17 11:04:56,836{GMT}	INFO	[jepsen worker 4] jepsen.print: 4	:invoke	:idem-put	{:rid "idem-put-s1906351596-46", :key "/jepsen/idem/put/s1906351596/46", :val "46", :replays 3, :setup-val nil, :replay-delay-ms 0, :replay-node-offset 0}
2026-09-17 11:04:56,866{GMT}	INFO	[jepsen worker 4] jepsen.print: 4	:ok	:idem-put	{:key "/jepsen/idem/put/s1906351596/46", :expected-version 1, :replays 3, :replay-delay-ms 0, :setup-val nil, :replay-node-offset 0, :val "46", :setup nil, :rid "idem-put-s1906351596-46"}
2026-09-17 11:04:56,899{GMT}	INFO	[jepsen worker 5] jepsen.print: 5	:invoke	:idem-put	{:rid "idem-put-s1906351596-49", :key "/jepsen/idem/put/s1906351596/49", :val "49", :replays 2, :setup-val nil, :replay-delay-ms 0, :replay-node-offset 0}
2026-09-17 11:04:56,937{GMT}	INFO	[jepsen worker 5] jepsen.print: 5	:ok	:idem-put	{:key "/jepsen/idem/put/s1906351596/49", :expected-version 1, :replays 2, :replay-delay-ms 0, :setup-val nil, :replay-node-offset 0, :val "49", :setup nil, :rid "idem-put-s1906351596-49"}
2026-09-17 11:04:57,229{GMT}	INFO	[jepsen worker 6] jepsen.print: 6	:invoke	:idem-put	{:rid "idem-put-s1906351596-52", :key "/jepsen/idem/put/s1906351596/52", :val "52", :replays 3, :setup-val nil, :replay-delay-ms 0, :replay-node-offset 0}
2026-09-17 11:04:57,260{GMT}	INFO	[jepsen worker 6] jepsen.print: 6	:ok	:idem-put	{:key "/jepsen/idem/put/s1906351596/52", :expected-version 1, :replays 3, :replay-delay-ms 0, :setup-val nil, :replay-node-offset 0, :val "52", :setup nil, :rid "idem-put-s1906351596-52"}
2026-09-17 11:04:57,496{GMT}	INFO	[jepsen worker 7] jepsen.print: 7	:invoke	:idem-put	{:rid "idem-put-s1906351596-55", :key "/jepsen/idem/put/s1906351596/55", :val "55", :replays 2, :setup-val nil, :replay-delay-ms 0, :replay-node-offset 0}
2026-09-17 11:04:57,523{GMT}	INFO	[jepsen worker 7] jepsen.print: 7	:ok	:idem-put	{:key "/jepsen/idem/put/s1906351596/55", :expected-version 1, :replays 2, :replay-delay-ms 0, :setup-val nil, :replay-node-offset 0, :val "55", :setup nil, :rid "idem-put-s1906351596-55"}
2026-09-17 11:04:57,958{GMT}	INFO	[jepsen worker 8] jepsen.print: 8	:invoke	:idem-put	{:rid "idem-put-s1906351596-58", :key "/jepsen/idem/put/s1906351596/58", :val "58", :replays 3, :setup-val nil, :replay-delay-ms 0, :replay-node-offset 0}
2026-09-17 11:04:57,993{GMT}	INFO	[jepsen worker 8] jepsen.print: 8	:ok	:idem-put	{:key "/jepsen/idem/put/s1906351596/58", :expected-version 1, :replays 3, :replay-delay-ms 0, :setup-val nil, :replay-node-offset 0, :val "58", :setup nil, :rid "idem-put-s1906351596-58"}
2026-09-17 11:04:58,180{GMT}	INFO	[jepsen worker 9] jepsen.print: 9	:invoke	:idem-range-delete	{:rid "idem-rdel-s1906351596-61", :range-start "/jepsen/idem/rd/s1906351596/61/a", :range-end "/jepsen/idem/rd/s1906351596/61/z", :post-write-key "/jepsen/idem/rd/s1906351596/61/m", :post-write-val 61}
2026-09-17 11:04:58,322{GMT}	INFO	[jepsen worker 9] jepsen.print: 9	:ok	:idem-range-delete	{:rid "idem-rdel-s1906351596-61", :range-start "/jepsen/idem/rd/s1906351596/61/a", :range-end "/jepsen/idem/rd/s1906351596/61/z", :post-write-key "/jepsen/idem/rd/s1906351596/61/m", :post-write-val 61}
2026-09-17 11:04:58,655{GMT}	INFO	[jepsen worker 0] jepsen.print: 0	:invoke	:idem-delete	{:rid "idem-del-s1906351596-64", :key "/jepsen/idem/del/s1906351596/64", :val "64", :replays 3, :replay-delay-ms 0, :replay-node-offset 0}
2026-09-17 11:04:58,707{GMT}	INFO	[jepsen worker 0] jepsen.print: 0	:ok	:idem-delete	{:rid "idem-del-s1906351596-64", :key "/jepsen/idem/del/s1906351596/64", :val "64", :replays 3, :replay-delay-ms 0, :replay-node-offset 0, :setup {:revision 75, :ok? true, :node "n1"}, :expected-version 0}
2026-09-17 11:04:58,855{GMT}	INFO	[jepsen worker 0] jepsen.print: 0	:invoke	:idem-delete	{:rid "idem-del-s1906351596-67", :key "/jepsen/idem/del/s1906351596/67", :val "67", :replays 2, :replay-delay-ms 0, :replay-node-offset 0}
2026-09-17 11:04:58,881{GMT}	INFO	[jepsen worker 1] jepsen.print: 1	:invoke	:idem-delete	{:rid "idem-del-s1906351596-69", :key "/jepsen/idem/del/s1906351596/69", :val "69", :replays 2, :replay-delay-ms 0, :replay-node-offset 0}
2026-09-17 11:04:58,932{GMT}	INFO	[jepsen worker 0] jepsen.print: 0	:ok	:idem-delete	{:rid "idem-del-s1906351596-67", :key "/jepsen/idem/del/s1906351596/67", :val "67", :replays 2, :replay-delay-ms 0, :replay-node-offset 0, :setup {:revision 77, :ok? true, :node "n1"}, :expected-version 0}
2026-09-17 11:04:58,949{GMT}	INFO	[jepsen worker 1] jepsen.print: 1	:ok	:idem-delete	{:rid "idem-del-s1906351596-69", :key "/jepsen/idem/del/s1906351596/69", :val "69", :replays 2, :replay-delay-ms 0, :replay-node-offset 0, :setup {:revision 79, :ok? true, :node "n1"}, :expected-version 0}
2026-09-17 11:04:59,031{GMT}	INFO	[jepsen worker 2] jepsen.print: 2	:invoke	:idem-put	{:rid "idem-put-s1906351596-73", :key "/jepsen/idem/put/s1906351596/73", :val "73", :replays 2, :setup-val nil, :replay-delay-ms 0, :replay-node-offset 0}
2026-09-17 11:04:59,057{GMT}	INFO	[jepsen worker 2] jepsen.print: 2	:ok	:idem-put	{:key "/jepsen/idem/put/s1906351596/73", :expected-version 1, :replays 2, :replay-delay-ms 0, :setup-val nil, :replay-node-offset 0, :val "73", :setup nil, :rid "idem-put-s1906351596-73"}
2026-09-17 11:04:59,530{GMT}	INFO	[jepsen worker 3] jepsen.print: 3	:invoke	:idem-range-delete	{:rid "idem-rdel-s1906351596-76", :range-start "/jepsen/idem/rd/s1906351596/76/a", :range-end "/jepsen/idem/rd/s1906351596/76/z", :post-write-key "/jepsen/idem/rd/s1906351596/76/m", :post-write-val 76}
2026-09-17 11:04:59,667{GMT}	INFO	[jepsen worker 3] jepsen.print: 3	:ok	:idem-range-delete	{:rid "idem-rdel-s1906351596-76", :range-start "/jepsen/idem/rd/s1906351596/76/a", :range-end "/jepsen/idem/rd/s1906351596/76/z", :post-write-key "/jepsen/idem/rd/s1906351596/76/m", :post-write-val 76}
2026-09-17 11:05:00,023{GMT}	INFO	[jepsen worker 4] jepsen.print: 4	:invoke	:idem-range-delete	{:rid "idem-rdel-s1906351596-79", :range-start "/jepsen/idem/rd/s1906351596/79/a", :range-end "/jepsen/idem/rd/s1906351596/79/z", :post-write-key "/jepsen/idem/rd/s1906351596/79/m", :post-write-val 79}
2026-09-17 11:05:00,160{GMT}	INFO	[jepsen worker 4] jepsen.print: 4	:ok	:idem-range-delete	{:rid "idem-rdel-s1906351596-79", :range-start "/jepsen/idem/rd/s1906351596/79/a", :range-end "/jepsen/idem/rd/s1906351596/79/z", :post-write-key "/jepsen/idem/rd/s1906351596/79/m", :post-write-val 79}
2026-09-17 11:05:01,563{GMT}	INFO	[jepsen worker 5] jepsen.print: 5	:invoke	:idem-delete	{:rid "idem-del-s1906351596-82", :key "/jepsen/idem/del/s1906351596/82", :val "82", :replays 3, :replay-delay-ms 0, :replay-node-offset 0}
2026-09-17 11:05:01,626{GMT}	INFO	[jepsen worker 5] jepsen.print: 5	:ok	:idem-delete	{:rid "idem-del-s1906351596-82", :key "/jepsen/idem/del/s1906351596/82", :val "82", :replays 3, :replay-delay-ms 0, :replay-node-offset 0, :setup {:revision 92, :ok? true, :node "n1"}, :expected-version 0}
2026-09-17 11:05:02,318{GMT}	INFO	[jepsen worker 6] jepsen.print: 6	:invoke	:idem-delete	{:rid "idem-del-s1906351596-85", :key "/jepsen/idem/del/s1906351596/85", :val "85", :replays 2, :replay-delay-ms 0, :replay-node-offset 0}
2026-09-17 11:05:02,371{GMT}	INFO	[jepsen worker 7] jepsen.print: 7	:invoke	:idem-put	{:rid "idem-put-s1906351596-87", :key "/jepsen/idem/put/s1906351596/87", :val "87", :replays 2, :setup-val "OLD-87", :replay-delay-ms 0, :replay-node-offset 0}
2026-09-17 11:05:02,381{GMT}	INFO	[jepsen worker 6] jepsen.print: 6	:ok	:idem-delete	{:rid "idem-del-s1906351596-85", :key "/jepsen/idem/del/s1906351596/85", :val "85", :replays 2, :replay-delay-ms 0, :replay-node-offset 0, :setup {:revision 94, :ok? true, :node "n1"}, :expected-version 0}
2026-09-17 11:05:02,426{GMT}	INFO	[jepsen worker 7] jepsen.print: 7	:ok	:idem-put	{:key "/jepsen/idem/put/s1906351596/87", :expected-version 2, :replays 2, :replay-delay-ms 0, :setup-val "OLD-87", :replay-node-offset 0, :val "87", :setup {:revision 96, :ok? true, :node "n1"}, :rid "idem-put-s1906351596-87"}
2026-09-17 11:05:02,712{GMT}	INFO	[jepsen worker 8] jepsen.print: 8	:invoke	:idem-put	{:rid "idem-put-s1906351596-91", :key "/jepsen/idem/put/s1906351596/91", :val "91", :replays 2, :setup-val nil, :replay-delay-ms 0, :replay-node-offset 0}
2026-09-17 11:05:02,748{GMT}	INFO	[jepsen worker 8] jepsen.print: 8	:ok	:idem-put	{:key "/jepsen/idem/put/s1906351596/91", :expected-version 1, :replays 2, :replay-delay-ms 0, :setup-val nil, :replay-node-offset 0, :val "91", :setup nil, :rid "idem-put-s1906351596-91"}
2026-09-17 11:05:03,359{GMT}	INFO	[jepsen worker 9] jepsen.print: 9	:invoke	:idem-put	{:rid "idem-put-s1906351596-94", :key "/jepsen/idem/put/s1906351596/94", :val "94", :replays 3, :setup-val nil, :replay-delay-ms 0, :replay-node-offset 0}
2026-09-17 11:05:03,387{GMT}	INFO	[jepsen worker 9] jepsen.print: 9	:ok	:idem-put	{:key "/jepsen/idem/put/s1906351596/94", :expected-version 1, :replays 3, :replay-delay-ms 0, :setup-val nil, :replay-node-offset 0, :val "94", :setup nil, :rid "idem-put-s1906351596-94"}
2026-09-17 11:05:03,426{GMT}	INFO	[jepsen worker 0] jepsen.print: 0	:invoke	:idem-delete	{:rid "idem-del-s1906351596-97", :key "/jepsen/idem/del/s1906351596/97", :val "97", :replays 2, :replay-delay-ms 0, :replay-node-offset 0}
2026-09-17 11:05:03,483{GMT}	INFO	[jepsen worker 0] jepsen.print: 0	:ok	:idem-delete	{:rid "idem-del-s1906351596-97", :key "/jepsen/idem/del/s1906351596/97", :val "97", :replays 2, :replay-delay-ms 0, :replay-node-offset 0, :setup {:revision 100, :ok? true, :node "n1"}, :expected-version 0}
2026-09-17 11:05:03,810{GMT}	INFO	[jepsen worker 0] jepsen.print: 0	:invoke	:idem-put	{:rid "idem-put-s1906351596-100", :key "/jepsen/idem/put/s1906351596/100", :val "100", :replays 3, :setup-val nil, :replay-delay-ms 0, :replay-node-offset 0}
2026-09-17 11:05:03,840{GMT}	INFO	[jepsen worker 0] jepsen.print: 0	:ok	:idem-put	{:key "/jepsen/idem/put/s1906351596/100", :expected-version 1, :replays 3, :replay-delay-ms 0, :setup-val nil, :replay-node-offset 0, :val "100", :setup nil, :rid "idem-put-s1906351596-100"}
2026-09-17 11:05:03,861{GMT}	INFO	[jepsen worker 1] jepsen.print: 1	:invoke	:idem-delete	{:rid "idem-del-s1906351596-103", :key "/jepsen/idem/del/s1906351596/103", :val "103", :replays 2, :replay-delay-ms 0, :replay-node-offset 0}
2026-09-17 11:05:03,907{GMT}	INFO	[jepsen worker 2] jepsen.print: 2	:invoke	:idem-put	{:rid "idem-put-s1906351596-105", :key "/jepsen/idem/put/s1906351596/105", :val "105", :replays 2, :setup-val "OLD-105", :replay-delay-ms 0, :replay-node-offset 0}
2026-09-17 11:05:03,920{GMT}	INFO	[jepsen worker 1] jepsen.print: 1	:ok	:idem-delete	{:rid "idem-del-s1906351596-103", :key "/jepsen/idem/del/s1906351596/103", :val "103", :replays 2, :replay-delay-ms 0, :replay-node-offset 0, :setup {:revision 103, :ok? true, :node "n1"}, :expected-version 0}
2026-09-17 11:05:03,963{GMT}	INFO	[jepsen worker 2] jepsen.print: 2	:ok	:idem-put	{:key "/jepsen/idem/put/s1906351596/105", :expected-version 2, :replays 2, :replay-delay-ms 0, :setup-val "OLD-105", :replay-node-offset 0, :val "105", :setup {:revision 105, :ok? true, :node "n1"}, :rid "idem-put-s1906351596-105"}
2026-09-17 11:05:04,480{GMT}	INFO	[jepsen worker 3] jepsen.print: 3	:invoke	:idem-put	{:rid "idem-put-s1906351596-109", :key "/jepsen/idem/put/s1906351596/109", :val "109", :replays 2, :setup-val nil, :replay-delay-ms 0, :replay-node-offset 0}
2026-09-17 11:05:04,512{GMT}	INFO	[jepsen worker 3] jepsen.print: 3	:ok	:idem-put	{:key "/jepsen/idem/put/s1906351596/109", :expected-version 1, :replays 2, :replay-delay-ms 0, :setup-val nil, :replay-node-offset 0, :val "109", :setup nil, :rid "idem-put-s1906351596-109"}
2026-09-17 11:05:05,189{GMT}	INFO	[jepsen worker 4] jepsen.print: 4	:invoke	:idem-put	{:rid "idem-put-s1906351596-112", :key "/jepsen/idem/put/s1906351596/112", :val "112", :replays 3, :setup-val nil, :replay-delay-ms 0, :replay-node-offset 0}
2026-09-17 11:05:05,214{GMT}	INFO	[jepsen worker 4] jepsen.print: 4	:ok	:idem-put	{:key "/jepsen/idem/put/s1906351596/112", :expected-version 1, :replays 3, :replay-delay-ms 0, :setup-val nil, :replay-node-offset 0, :val "112", :setup nil, :rid "idem-put-s1906351596-112"}
2026-09-17 11:05:05,600{GMT}	INFO	[jepsen worker 5] jepsen.print: 5	:invoke	:idem-put	{:rid "idem-put-s1906351596-115", :key "/jepsen/idem/put/s1906351596/115", :val "115", :replays 2, :setup-val nil, :replay-delay-ms 0, :replay-node-offset 0}
2026-09-17 11:05:05,624{GMT}	INFO	[jepsen worker 5] jepsen.print: 5	:ok	:idem-put	{:key "/jepsen/idem/put/s1906351596/115", :expected-version 1, :replays 2, :replay-delay-ms 0, :setup-val nil, :replay-node-offset 0, :val "115", :setup nil, :rid "idem-put-s1906351596-115"}
2026-09-17 11:05:05,963{GMT}	INFO	[jepsen worker 6] jepsen.print: 6	:invoke	:idem-put	{:rid "idem-put-s1906351596-118", :key "/jepsen/idem/put/s1906351596/118", :val "118", :replays 3, :setup-val nil, :replay-delay-ms 0, :replay-node-offset 0}
2026-09-17 11:05:05,989{GMT}	INFO	[jepsen worker 6] jepsen.print: 6	:ok	:idem-put	{:key "/jepsen/idem/put/s1906351596/118", :expected-version 1, :replays 3, :replay-delay-ms 0, :setup-val nil, :replay-node-offset 0, :val "118", :setup nil, :rid "idem-put-s1906351596-118"}
2026-09-17 11:05:06,191{GMT}	INFO	[jepsen worker 7] jepsen.print: 7	:invoke	:idem-put	{:rid "idem-put-s1906351596-121", :key "/jepsen/idem/put/s1906351596/121", :val "121", :replays 2, :setup-val nil, :replay-delay-ms 0, :replay-node-offset 0}
2026-09-17 11:05:06,220{GMT}	INFO	[jepsen worker 7] jepsen.print: 7	:ok	:idem-put	{:key "/jepsen/idem/put/s1906351596/121", :expected-version 1, :replays 2, :replay-delay-ms 0, :setup-val nil, :replay-node-offset 0, :val "121", :setup nil, :rid "idem-put-s1906351596-121"}
2026-09-17 11:05:06,266{GMT}	INFO	[jepsen worker 8] jepsen.print: 8	:invoke	:idem-delete	{:rid "idem-del-s1906351596-124", :key "/jepsen/idem/del/s1906351596/124", :val "124", :replays 3, :replay-delay-ms 0, :replay-node-offset 0}
2026-09-17 11:05:06,327{GMT}	INFO	[jepsen worker 8] jepsen.print: 8	:ok	:idem-delete	{:rid "idem-del-s1906351596-124", :key "/jepsen/idem/del/s1906351596/124", :val "124", :replays 3, :replay-delay-ms 0, :replay-node-offset 0, :setup {:revision 112, :ok? true, :node "n1"}, :expected-version 0}
2026-09-17 11:05:06,347{GMT}	INFO	[jepsen worker 9] jepsen.print: 9	:invoke	:idem-put	{:rid "idem-put-s1906351596-127", :key "/jepsen/idem/put/s1906351596/127", :val "127", :replays 2, :setup-val nil, :replay-delay-ms 0, :replay-node-offset 0}
2026-09-17 11:05:06,378{GMT}	INFO	[jepsen worker 9] jepsen.print: 9	:ok	:idem-put	{:key "/jepsen/idem/put/s1906351596/127", :expected-version 1, :replays 2, :replay-delay-ms 0, :setup-val nil, :replay-node-offset 0, :val "127", :setup nil, :rid "idem-put-s1906351596-127"}
2026-09-17 11:05:07,186{GMT}	INFO	[jepsen worker 0] jepsen.print: 0	:invoke	:idem-delete	{:rid "idem-del-s1906351596-130", :key "/jepsen/idem/del/s1906351596/130", :val "130", :replays 3, :replay-delay-ms 0, :replay-node-offset 0}
2026-09-17 11:05:07,238{GMT}	INFO	[jepsen worker 0] jepsen.print: 0	:ok	:idem-delete	{:rid "idem-del-s1906351596-130", :key "/jepsen/idem/del/s1906351596/130", :val "130", :replays 3, :replay-delay-ms 0, :replay-node-offset 0, :setup {:revision 115, :ok? true, :node "n1"}, :expected-version 0}
2026-09-17 11:05:07,244{GMT}	INFO	[jepsen worker 0] jepsen.print: 0	:invoke	:idem-range-delete	{:rid "idem-rdel-s1906351596-133", :range-start "/jepsen/idem/rd/s1906351596/133/a", :range-end "/jepsen/idem/rd/s1906351596/133/z", :post-write-key "/jepsen/idem/rd/s1906351596/133/m", :post-write-val 133}
2026-09-17 11:05:07,361{GMT}	INFO	[jepsen worker 0] jepsen.print: 0	:ok	:idem-range-delete	{:rid "idem-rdel-s1906351596-133", :range-start "/jepsen/idem/rd/s1906351596/133/a", :range-end "/jepsen/idem/rd/s1906351596/133/z", :post-write-key "/jepsen/idem/rd/s1906351596/133/m", :post-write-val 133}
2026-09-17 11:05:07,519{GMT}	INFO	[jepsen worker 1] jepsen.print: 1	:invoke	:idem-range-delete	{:rid "idem-rdel-s1906351596-136", :range-start "/jepsen/idem/rd/s1906351596/136/a", :range-end "/jepsen/idem/rd/s1906351596/136/z", :post-write-key "/jepsen/idem/rd/s1906351596/136/m", :post-write-val 136}
2026-09-17 11:05:07,654{GMT}	INFO	[jepsen worker 1] jepsen.print: 1	:ok	:idem-range-delete	{:rid "idem-rdel-s1906351596-136", :range-start "/jepsen/idem/rd/s1906351596/136/a", :range-end "/jepsen/idem/rd/s1906351596/136/z", :post-write-key "/jepsen/idem/rd/s1906351596/136/m", :post-write-val 136}
2026-09-17 11:05:07,794{GMT}	INFO	[jepsen worker 2] jepsen.print: 2	:invoke	:idem-put	{:rid "idem-put-s1906351596-139", :key "/jepsen/idem/put/s1906351596/139", :val "139", :replays 2, :setup-val nil, :replay-delay-ms 0, :replay-node-offset 0}
2026-09-17 11:05:07,823{GMT}	INFO	[jepsen worker 2] jepsen.print: 2	:ok	:idem-put	{:key "/jepsen/idem/put/s1906351596/139", :expected-version 1, :replays 2, :replay-delay-ms 0, :setup-val nil, :replay-node-offset 0, :val "139", :setup nil, :rid "idem-put-s1906351596-139"}
2026-09-17 11:05:07,871{GMT}	INFO	[jepsen worker 3] jepsen.print: 3	:invoke	:idem-put	{:rid "idem-put-s1906351596-142", :key "/jepsen/idem/put/s1906351596/142", :val "142", :replays 3, :setup-val nil, :replay-delay-ms 0, :replay-node-offset 0}
2026-09-17 11:05:07,904{GMT}	INFO	[jepsen worker 3] jepsen.print: 3	:ok	:idem-put	{:key "/jepsen/idem/put/s1906351596/142", :expected-version 1, :replays 3, :replay-delay-ms 0, :setup-val nil, :replay-node-offset 0, :val "142", :setup nil, :rid "idem-put-s1906351596-142"}
2026-09-17 11:05:08,312{GMT}	INFO	[jepsen worker 4] jepsen.print: 4	:invoke	:idem-put	{:rid "idem-put-s1906351596-145", :key "/jepsen/idem/put/s1906351596/145", :val "145", :replays 2, :setup-val nil, :replay-delay-ms 0, :replay-node-offset 0}
2026-09-17 11:05:08,342{GMT}	INFO	[jepsen worker 4] jepsen.print: 4	:ok	:idem-put	{:key "/jepsen/idem/put/s1906351596/145", :expected-version 1, :replays 2, :replay-delay-ms 0, :setup-val nil, :replay-node-offset 0, :val "145", :setup nil, :rid "idem-put-s1906351596-145"}
2026-09-17 11:05:08,447{GMT}	INFO	[jepsen worker 5] jepsen.print: 5	:invoke	:idem-delete	{:rid "idem-del-s1906351596-148", :key "/jepsen/idem/del/s1906351596/148", :val "148", :replays 3, :replay-delay-ms 0, :replay-node-offset 0}
2026-09-17 11:05:08,499{GMT}	INFO	[jepsen worker 5] jepsen.print: 5	:ok	:idem-delete	{:rid "idem-del-s1906351596-148", :key "/jepsen/idem/del/s1906351596/148", :val "148", :replays 3, :replay-delay-ms 0, :replay-node-offset 0, :setup {:revision 130, :ok? true, :node "n1"}, :expected-version 0}
2026-09-17 11:05:09,357{GMT}	INFO	[jepsen worker 6] jepsen.print: 6	:invoke	:idem-put	{:rid "idem-put-s1906351596-151", :key "/jepsen/idem/put/s1906351596/151", :val "151", :replays 2, :setup-val nil, :replay-delay-ms 0, :replay-node-offset 0}
2026-09-17 11:05:09,387{GMT}	INFO	[jepsen worker 6] jepsen.print: 6	:ok	:idem-put	{:key "/jepsen/idem/put/s1906351596/151", :expected-version 1, :replays 2, :replay-delay-ms 0, :setup-val nil, :replay-node-offset 0, :val "151", :setup nil, :rid "idem-put-s1906351596-151"}
2026-09-17 11:05:09,630{GMT}	INFO	[jepsen worker 7] jepsen.print: 7	:invoke	:idem-delete	{:rid "idem-del-s1906351596-154", :key "/jepsen/idem/del/s1906351596/154", :val "154", :replays 3, :replay-delay-ms 0, :replay-node-offset 0}
2026-09-17 11:05:09,682{GMT}	INFO	[jepsen worker 7] jepsen.print: 7	:ok	:idem-delete	{:rid "idem-del-s1906351596-154", :key "/jepsen/idem/del/s1906351596/154", :val "154", :replays 3, :replay-delay-ms 0, :replay-node-offset 0, :setup {:revision 133, :ok? true, :node "n1"}, :expected-version 0}
2026-09-17 11:05:09,862{GMT}	INFO	[jepsen worker 8] jepsen.print: 8	:invoke	:idem-delete	{:rid "idem-del-s1906351596-157", :key "/jepsen/idem/del/s1906351596/157", :val "157", :replays 2, :replay-delay-ms 0, :replay-node-offset 0}
2026-09-17 11:05:09,922{GMT}	INFO	[jepsen worker 8] jepsen.print: 8	:ok	:idem-delete	{:rid "idem-del-s1906351596-157", :key "/jepsen/idem/del/s1906351596/157", :val "157", :replays 2, :replay-delay-ms 0, :replay-node-offset 0, :setup {:revision 135, :ok? true, :node "n1"}, :expected-version 0}
2026-09-17 11:05:10,060{GMT}	INFO	[jepsen worker 9] jepsen.print: 9	:invoke	:idem-put	{:rid "idem-put-s1906351596-160", :key "/jepsen/idem/put/s1906351596/160", :val "160", :replays 3, :setup-val nil, :replay-delay-ms 0, :replay-node-offset 0}
2026-09-17 11:05:10,085{GMT}	INFO	[jepsen worker 9] jepsen.print: 9	:ok	:idem-put	{:key "/jepsen/idem/put/s1906351596/160", :expected-version 1, :replays 3, :replay-delay-ms 0, :setup-val nil, :replay-node-offset 0, :val "160", :setup nil, :rid "idem-put-s1906351596-160"}
2026-09-17 11:05:10,475{GMT}	INFO	[jepsen worker 0] jepsen.print: 0	:invoke	:idem-delete	{:rid "idem-del-s1906351596-163", :key "/jepsen/idem/del/s1906351596/163", :val "163", :replays 2, :replay-delay-ms 0, :replay-node-offset 0}
2026-09-17 11:05:10,535{GMT}	INFO	[jepsen worker 0] jepsen.print: 0	:ok	:idem-delete	{:rid "idem-del-s1906351596-163", :key "/jepsen/idem/del/s1906351596/163", :val "163", :replays 2, :replay-delay-ms 0, :replay-node-offset 0, :setup {:revision 138, :ok? true, :node "n1"}, :expected-version 0}
2026-09-17 11:05:10,557{GMT}	INFO	[jepsen worker 0] jepsen.print: 0	:invoke	:idem-delete	{:rid "idem-del-s1906351596-166", :key "/jepsen/idem/del/s1906351596/166", :val "166", :replays 3, :replay-delay-ms 0, :replay-node-offset 0}
2026-09-17 11:05:10,606{GMT}	INFO	[jepsen worker 0] jepsen.print: 0	:ok	:idem-delete	{:rid "idem-del-s1906351596-166", :key "/jepsen/idem/del/s1906351596/166", :val "166", :replays 3, :replay-delay-ms 0, :replay-node-offset 0, :setup {:revision 140, :ok? true, :node "n1"}, :expected-version 0}
2026-09-17 11:05:10,698{GMT}	INFO	[jepsen worker 1] jepsen.print: 1	:invoke	:idem-put	{:rid "idem-put-s1906351596-169", :key "/jepsen/idem/put/s1906351596/169", :val "169", :replays 2, :setup-val nil, :replay-delay-ms 0, :replay-node-offset 0}
2026-09-17 11:05:10,729{GMT}	INFO	[jepsen worker 1] jepsen.print: 1	:ok	:idem-put	{:key "/jepsen/idem/put/s1906351596/169", :expected-version 1, :replays 2, :replay-delay-ms 0, :setup-val nil, :replay-node-offset 0, :val "169", :setup nil, :rid "idem-put-s1906351596-169"}
2026-09-17 11:05:11,149{GMT}	INFO	[jepsen worker 2] jepsen.print: 2	:invoke	:idem-delete	{:rid "idem-del-s1906351596-172", :key "/jepsen/idem/del/s1906351596/172", :val "172", :replays 3, :replay-delay-ms 0, :replay-node-offset 0}
2026-09-17 11:05:11,215{GMT}	INFO	[jepsen worker 2] jepsen.print: 2	:ok	:idem-delete	{:rid "idem-del-s1906351596-172", :key "/jepsen/idem/del/s1906351596/172", :val "172", :replays 3, :replay-delay-ms 0, :replay-node-offset 0, :setup {:revision 143, :ok? true, :node "n1"}, :expected-version 0}
2026-09-17 11:05:11,436{GMT}	INFO	[jepsen worker 3] jepsen.print: 3	:invoke	:idem-put	{:rid "idem-put-s1906351596-175", :key "/jepsen/idem/put/s1906351596/175", :val "175", :replays 2, :setup-val nil, :replay-delay-ms 0, :replay-node-offset 0}
2026-09-17 11:05:11,467{GMT}	INFO	[jepsen worker 3] jepsen.print: 3	:ok	:idem-put	{:key "/jepsen/idem/put/s1906351596/175", :expected-version 1, :replays 2, :replay-delay-ms 0, :setup-val nil, :replay-node-offset 0, :val "175", :setup nil, :rid "idem-put-s1906351596-175"}
2026-09-17 11:05:11,645{GMT}	INFO	[jepsen worker 4] jepsen.print: 4	:invoke	:idem-put	{:rid "idem-put-s1906351596-178", :key "/jepsen/idem/put/s1906351596/178", :val "178", :replays 3, :setup-val nil, :replay-delay-ms 0, :replay-node-offset 0}
2026-09-17 11:05:11,667{GMT}	INFO	[jepsen worker 5] jepsen.print: 5	:invoke	:idem-delete	{:rid "idem-del-s1906351596-180", :key "/jepsen/idem/del/s1906351596/180", :val "180", :replays 3, :replay-delay-ms 0, :replay-node-offset 0}
2026-09-17 11:05:11,679{GMT}	INFO	[jepsen worker 4] jepsen.print: 4	:ok	:idem-put	{:key "/jepsen/idem/put/s1906351596/178", :expected-version 1, :replays 3, :replay-delay-ms 0, :setup-val nil, :replay-node-offset 0, :val "178", :setup nil, :rid "idem-put-s1906351596-178"}
2026-09-17 11:05:11,725{GMT}	INFO	[jepsen worker 5] jepsen.print: 5	:ok	:idem-delete	{:rid "idem-del-s1906351596-180", :key "/jepsen/idem/del/s1906351596/180", :val "180", :replays 3, :replay-delay-ms 0, :replay-node-offset 0, :setup {:revision 147, :ok? true, :node "n1"}, :expected-version 0}
2026-09-17 11:05:12,216{GMT}	INFO	[jepsen worker 6] jepsen.print: 6	:invoke	:idem-delete	{:rid "idem-del-s1906351596-184", :key "/jepsen/idem/del/s1906351596/184", :val "184", :replays 3, :replay-delay-ms 0, :replay-node-offset 0}
2026-09-17 11:05:12,259{GMT}	INFO	[jepsen worker 7] jepsen.print: 7	:invoke	:idem-range-delete	{:rid "idem-rdel-s1906351596-186", :range-start "/jepsen/idem/rd/s1906351596/186/a", :range-end "/jepsen/idem/rd/s1906351596/186/z", :post-write-key "/jepsen/idem/rd/s1906351596/186/m", :post-write-val 186}
2026-09-17 11:05:12,275{GMT}	INFO	[jepsen worker 6] jepsen.print: 6	:ok	:idem-delete	{:rid "idem-del-s1906351596-184", :key "/jepsen/idem/del/s1906351596/184", :val "184", :replays 3, :replay-delay-ms 0, :replay-node-offset 0, :setup {:revision 149, :ok? true, :node "n1"}, :expected-version 0}
2026-09-17 11:05:12,374{GMT}	INFO	[jepsen worker 8] jepsen.print: 8	:invoke	:idem-delete	{:rid "idem-del-s1906351596-189", :key "/jepsen/idem/del/s1906351596/189", :val "189", :replays 2, :replay-delay-ms 0, :replay-node-offset 0}
2026-09-17 11:05:12,465{GMT}	INFO	[jepsen worker 8] jepsen.print: 8	:ok	:idem-delete	{:rid "idem-del-s1906351596-189", :key "/jepsen/idem/del/s1906351596/189", :val "189", :replays 2, :replay-delay-ms 0, :replay-node-offset 0, :setup {:revision 154, :ok? true, :node "n1"}, :expected-version 0}
2026-09-17 11:05:12,486{GMT}	INFO	[jepsen worker 7] jepsen.print: 7	:ok	:idem-range-delete	{:rid "idem-rdel-s1906351596-186", :range-start "/jepsen/idem/rd/s1906351596/186/a", :range-end "/jepsen/idem/rd/s1906351596/186/z", :post-write-key "/jepsen/idem/rd/s1906351596/186/m", :post-write-val 186}
2026-09-17 11:05:12,543{GMT}	INFO	[jepsen worker 9] jepsen.print: 9	:invoke	:idem-delete	{:rid "idem-del-s1906351596-193", :key "/jepsen/idem/del/s1906351596/193", :val "193", :replays 2, :replay-delay-ms 0, :replay-node-offset 0}
2026-09-17 11:05:12,602{GMT}	INFO	[jepsen worker 9] jepsen.print: 9	:ok	:idem-delete	{:rid "idem-del-s1906351596-193", :key "/jepsen/idem/del/s1906351596/193", :val "193", :replays 2, :replay-delay-ms 0, :replay-node-offset 0, :setup {:revision 158, :ok? true, :node "n1"}, :expected-version 0}
2026-09-17 11:05:12,663{GMT}	INFO	[jepsen worker 0] jepsen.print: 0	:invoke	:idem-delete	{:rid "idem-del-s1906351596-196", :key "/jepsen/idem/del/s1906351596/196", :val "196", :replays 3, :replay-delay-ms 0, :replay-node-offset 0}
2026-09-17 11:05:12,720{GMT}	INFO	[jepsen worker 0] jepsen.print: 0	:ok	:idem-delete	{:rid "idem-del-s1906351596-196", :key "/jepsen/idem/del/s1906351596/196", :val "196", :replays 3, :replay-delay-ms 0, :replay-node-offset 0, :setup {:revision 160, :ok? true, :node "n1"}, :expected-version 0}
2026-09-17 11:05:12,824{GMT}	INFO	[jepsen worker 0] jepsen.print: 0	:invoke	:idem-put	{:rid "idem-put-s1906351596-199", :key "/jepsen/idem/put/s1906351596/199", :val "199", :replays 2, :setup-val nil, :replay-delay-ms 0, :replay-node-offset 0}
2026-09-17 11:05:12,854{GMT}	INFO	[jepsen worker 0] jepsen.print: 0	:ok	:idem-put	{:key "/jepsen/idem/put/s1906351596/199", :expected-version 1, :replays 2, :replay-delay-ms 0, :setup-val nil, :replay-node-offset 0, :val "199", :setup nil, :rid "idem-put-s1906351596-199"}
2026-09-17 11:05:13,095{GMT}	INFO	[jepsen worker 1] jepsen.print: 1	:invoke	:idem-delete	{:rid "idem-del-s1906351596-202", :key "/jepsen/idem/del/s1906351596/202", :val "202", :replays 3, :replay-delay-ms 0, :replay-node-offset 0}
2026-09-17 11:05:13,151{GMT}	INFO	[jepsen worker 1] jepsen.print: 1	:ok	:idem-delete	{:rid "idem-del-s1906351596-202", :key "/jepsen/idem/del/s1906351596/202", :val "202", :replays 3, :replay-delay-ms 0, :replay-node-offset 0, :setup {:revision 163, :ok? true, :node "n1"}, :expected-version 0}
2026-09-17 11:05:13,907{GMT}	INFO	[jepsen worker 2] jepsen.print: 2	:invoke	:idem-range-delete	{:rid "idem-rdel-s1906351596-205", :range-start "/jepsen/idem/rd/s1906351596/205/a", :range-end "/jepsen/idem/rd/s1906351596/205/z", :post-write-key "/jepsen/idem/rd/s1906351596/205/m", :post-write-val 205}
2026-09-17 11:05:13,980{GMT}	INFO	[jepsen worker 3] jepsen.print: 3	:invoke	:idem-put	{:rid "idem-put-s1906351596-207", :key "/jepsen/idem/put/s1906351596/207", :val "207", :replays 2, :setup-val "OLD-207", :replay-delay-ms 0, :replay-node-offset 0}
2026-09-17 11:05:14,076{GMT}	INFO	[jepsen worker 3] jepsen.print: 3	:ok	:idem-put	{:key "/jepsen/idem/put/s1906351596/207", :expected-version 2, :replays 2, :replay-delay-ms 0, :setup-val "OLD-207", :replay-node-offset 0, :val "207", :setup {:revision 168, :ok? true, :node "n1"}, :rid "idem-put-s1906351596-207"}
2026-09-17 11:05:14,076{GMT}	INFO	[jepsen worker 2] jepsen.print: 2	:ok	:idem-range-delete	{:rid "idem-rdel-s1906351596-205", :range-start "/jepsen/idem/rd/s1906351596/205/a", :range-end "/jepsen/idem/rd/s1906351596/205/z", :post-write-key "/jepsen/idem/rd/s1906351596/205/m", :post-write-val 205}
2026-09-17 11:05:14,665{GMT}	INFO	[jepsen worker 4] jepsen.print: 4	:invoke	:idem-delete	{:rid "idem-del-s1906351596-211", :key "/jepsen/idem/del/s1906351596/211", :val "211", :replays 2, :replay-delay-ms 0, :replay-node-offset 0}
2026-09-17 11:05:14,719{GMT}	INFO	[jepsen worker 4] jepsen.print: 4	:ok	:idem-delete	{:rid "idem-del-s1906351596-211", :key "/jepsen/idem/del/s1906351596/211", :val "211", :replays 2, :replay-delay-ms 0, :replay-node-offset 0, :setup {:revision 172, :ok? true, :node "n1"}, :expected-version 0}
2026-09-17 11:05:14,758{GMT}	INFO	[jepsen worker 5] jepsen.print: 5	:invoke	:idem-put	{:rid "idem-put-s1906351596-214", :key "/jepsen/idem/put/s1906351596/214", :val "214", :replays 3, :setup-val nil, :replay-delay-ms 0, :replay-node-offset 0}
2026-09-17 11:05:14,783{GMT}	INFO	[jepsen worker 5] jepsen.print: 5	:ok	:idem-put	{:key "/jepsen/idem/put/s1906351596/214", :expected-version 1, :replays 3, :replay-delay-ms 0, :setup-val nil, :replay-node-offset 0, :val "214", :setup nil, :rid "idem-put-s1906351596-214"}
2026-09-17 11:05:15,140{GMT}	INFO	[jepsen worker 6] jepsen.print: 6	:invoke	:idem-delete	{:rid "idem-del-s1906351596-217", :key "/jepsen/idem/del/s1906351596/217", :val "217", :replays 2, :replay-delay-ms 0, :replay-node-offset 0}
2026-09-17 11:05:15,194{GMT}	INFO	[jepsen worker 6] jepsen.print: 6	:ok	:idem-delete	{:rid "idem-del-s1906351596-217", :key "/jepsen/idem/del/s1906351596/217", :val "217", :replays 2, :replay-delay-ms 0, :replay-node-offset 0, :setup {:revision 175, :ok? true, :node "n1"}, :expected-version 0}
2026-09-17 11:05:15,243{GMT}	INFO	[jepsen worker 7] jepsen.print: 7	:invoke	:idem-delete	{:rid "idem-del-s1906351596-220", :key "/jepsen/idem/del/s1906351596/220", :val "220", :replays 3, :replay-delay-ms 0, :replay-node-offset 0}
2026-09-17 11:05:15,297{GMT}	INFO	[jepsen worker 7] jepsen.print: 7	:ok	:idem-delete	{:rid "idem-del-s1906351596-220", :key "/jepsen/idem/del/s1906351596/220", :val "220", :replays 3, :replay-delay-ms 0, :replay-node-offset 0, :setup {:revision 177, :ok? true, :node "n1"}, :expected-version 0}
2026-09-17 11:05:15,645{GMT}	INFO	[jepsen worker 8] jepsen.print: 8	:invoke	:idem-delete	{:rid "idem-del-s1906351596-223", :key "/jepsen/idem/del/s1906351596/223", :val "223", :replays 2, :replay-delay-ms 0, :replay-node-offset 0}
2026-09-17 11:05:15,652{GMT}	INFO	[jepsen worker 9] jepsen.print: 9	:invoke	:idem-put	{:rid "idem-put-s1906351596-225", :key "/jepsen/idem/put/s1906351596/225", :val "225", :replays 2, :setup-val "OLD-225", :replay-delay-ms 0, :replay-node-offset 0}
2026-09-17 11:05:15,745{GMT}	INFO	[jepsen worker 9] jepsen.print: 9	:ok	:idem-put	{:key "/jepsen/idem/put/s1906351596/225", :expected-version 2, :replays 2, :replay-delay-ms 0, :setup-val "OLD-225", :replay-node-offset 0, :val "225", :setup {:revision 180, :ok? true, :node "n1"}, :rid "idem-put-s1906351596-225"}
2026-09-17 11:05:15,745{GMT}	INFO	[jepsen worker 8] jepsen.print: 8	:ok	:idem-delete	{:rid "idem-del-s1906351596-223", :key "/jepsen/idem/del/s1906351596/223", :val "223", :replays 2, :replay-delay-ms 0, :replay-node-offset 0, :setup {:revision 179, :ok? true, :node "n1"}, :expected-version 0}
2026-09-17 11:05:15,756{GMT}	INFO	[jepsen worker 0] jepsen.print: 0	:invoke	:idem-delete	{:rid "idem-del-s1906351596-228", :key "/jepsen/idem/del/s1906351596/228", :val "228", :replays 3, :replay-delay-ms 0, :replay-node-offset 0}
2026-09-17 11:05:15,820{GMT}	INFO	[jepsen worker 0] jepsen.print: 0	:ok	:idem-delete	{:rid "idem-del-s1906351596-228", :key "/jepsen/idem/del/s1906351596/228", :val "228", :replays 3, :replay-delay-ms 0, :replay-node-offset 0, :setup {:revision 183, :ok? true, :node "n1"}, :expected-version 0}
2026-09-17 11:05:16,155{GMT}	INFO	[jepsen worker 0] jepsen.print: 0	:invoke	:idem-range-delete	{:rid "idem-rdel-s1906351596-231", :range-start "/jepsen/idem/rd/s1906351596/231/a", :range-end "/jepsen/idem/rd/s1906351596/231/z", :post-write-key "/jepsen/idem/rd/s1906351596/231/m", :post-write-val 231}
2026-09-17 11:05:16,300{GMT}	INFO	[jepsen worker 0] jepsen.print: 0	:ok	:idem-range-delete	{:rid "idem-rdel-s1906351596-231", :range-start "/jepsen/idem/rd/s1906351596/231/a", :range-end "/jepsen/idem/rd/s1906351596/231/z", :post-write-key "/jepsen/idem/rd/s1906351596/231/m", :post-write-val 231}
2026-09-17 11:05:16,415{GMT}	INFO	[jepsen worker 1] jepsen.print: 1	:invoke	:idem-delete	{:rid "idem-del-s1906351596-234", :key "/jepsen/idem/del/s1906351596/234", :val "234", :replays 3, :replay-delay-ms 0, :replay-node-offset 0}
2026-09-17 11:05:16,478{GMT}	INFO	[jepsen worker 1] jepsen.print: 1	:ok	:idem-delete	{:rid "idem-del-s1906351596-234", :key "/jepsen/idem/del/s1906351596/234", :val "234", :replays 3, :replay-delay-ms 0, :replay-node-offset 0, :setup {:revision 190, :ok? true, :node "n1"}, :expected-version 0}
2026-09-17 11:05:16,575{GMT}	INFO	[jepsen worker 2] jepsen.print: 2	:invoke	:idem-put	{:rid "idem-put-s1906351596-237", :key "/jepsen/idem/put/s1906351596/237", :val "237", :replays 2, :setup-val "OLD-237", :replay-delay-ms 0, :replay-node-offset 0}
2026-09-17 11:05:16,627{GMT}	INFO	[jepsen worker 2] jepsen.print: 2	:ok	:idem-put	{:key "/jepsen/idem/put/s1906351596/237", :expected-version 2, :replays 2, :replay-delay-ms 0, :setup-val "OLD-237", :replay-node-offset 0, :val "237", :setup {:revision 192, :ok? true, :node "n1"}, :rid "idem-put-s1906351596-237"}
2026-09-17 11:05:16,640{GMT}	INFO	[jepsen worker 3] jepsen.print: 3	:invoke	:idem-range-delete	{:rid "idem-rdel-s1906351596-240", :range-start "/jepsen/idem/rd/s1906351596/240/a", :range-end "/jepsen/idem/rd/s1906351596/240/z", :post-write-key "/jepsen/idem/rd/s1906351596/240/m", :post-write-val 240}
2026-09-17 11:05:16,712{GMT}	INFO	[jepsen worker 4] jepsen.print: 4	:invoke	:idem-put	{:rid "idem-put-s1906351596-242", :key "/jepsen/idem/put/s1906351596/242", :val "242", :replays 3, :setup-val nil, :replay-delay-ms 0, :replay-node-offset 0}
2026-09-17 11:05:16,783{GMT}	INFO	[jepsen worker 4] jepsen.print: 4	:ok	:idem-put	{:key "/jepsen/idem/put/s1906351596/242", :expected-version 1, :replays 3, :replay-delay-ms 0, :setup-val nil, :replay-node-offset 0, :val "242", :setup nil, :rid "idem-put-s1906351596-242"}
2026-09-17 11:05:16,797{GMT}	INFO	[jepsen worker 3] jepsen.print: 3	:ok	:idem-range-delete	{:rid "idem-rdel-s1906351596-240", :range-start "/jepsen/idem/rd/s1906351596/240/a", :range-end "/jepsen/idem/rd/s1906351596/240/z", :post-write-key "/jepsen/idem/rd/s1906351596/240/m", :post-write-val 240}
2026-09-17 11:05:17,369{GMT}	INFO	[jepsen worker 5] jepsen.print: 5	:invoke	:idem-delete	{:rid "idem-del-s1906351596-246", :key "/jepsen/idem/del/s1906351596/246", :val "246", :replays 3, :replay-delay-ms 0, :replay-node-offset 0}
2026-09-17 11:05:17,424{GMT}	INFO	[jepsen worker 5] jepsen.print: 5	:ok	:idem-delete	{:rid "idem-del-s1906351596-246", :key "/jepsen/idem/del/s1906351596/246", :val "246", :replays 3, :replay-delay-ms 0, :replay-node-offset 0, :setup {:revision 200, :ok? true, :node "n1"}, :expected-version 0}
2026-09-17 11:05:17,679{GMT}	INFO	[jepsen worker 6] jepsen.print: 6	:invoke	:idem-range-delete	{:rid "idem-rdel-s1906351596-249", :range-start "/jepsen/idem/rd/s1906351596/249/a", :range-end "/jepsen/idem/rd/s1906351596/249/z", :post-write-key "/jepsen/idem/rd/s1906351596/249/m", :post-write-val 249}
2026-09-17 11:05:17,822{GMT}	INFO	[jepsen worker 6] jepsen.print: 6	:ok	:idem-range-delete	{:rid "idem-rdel-s1906351596-249", :range-start "/jepsen/idem/rd/s1906351596/249/a", :range-end "/jepsen/idem/rd/s1906351596/249/z", :post-write-key "/jepsen/idem/rd/s1906351596/249/m", :post-write-val 249}
2026-09-17 11:05:17,891{GMT}	INFO	[jepsen worker 7] jepsen.print: 7	:invoke	:idem-range-delete	{:rid "idem-rdel-s1906351596-252", :range-start "/jepsen/idem/rd/s1906351596/252/a", :range-end "/jepsen/idem/rd/s1906351596/252/z", :post-write-key "/jepsen/idem/rd/s1906351596/252/m", :post-write-val 252}
2026-09-17 11:05:18,031{GMT}	INFO	[jepsen worker 7] jepsen.print: 7	:ok	:idem-range-delete	{:rid "idem-rdel-s1906351596-252", :range-start "/jepsen/idem/rd/s1906351596/252/a", :range-end "/jepsen/idem/rd/s1906351596/252/z", :post-write-key "/jepsen/idem/rd/s1906351596/252/m", :post-write-val 252}
2026-09-17 11:05:18,231{GMT}	INFO	[jepsen worker 8] jepsen.print: 8	:invoke	:idem-put	{:rid "idem-put-s1906351596-255", :key "/jepsen/idem/put/s1906351596/255", :val "255", :replays 2, :setup-val "OLD-255", :replay-delay-ms 0, :replay-node-offset 0}
2026-09-17 11:05:18,282{GMT}	INFO	[jepsen worker 9] jepsen.print: 9	:invoke	:idem-range-delete	{:rid "idem-rdel-s1906351596-257", :range-start "/jepsen/idem/rd/s1906351596/257/a", :range-end "/jepsen/idem/rd/s1906351596/257/z", :post-write-key "/jepsen/idem/rd/s1906351596/257/m", :post-write-val 257}
2026-09-17 11:05:18,292{GMT}	INFO	[jepsen worker 8] jepsen.print: 8	:ok	:idem-put	{:key "/jepsen/idem/put/s1906351596/255", :expected-version 2, :replays 2, :replay-delay-ms 0, :setup-val "OLD-255", :replay-node-offset 0, :val "255", :setup {:revision 212, :ok? true, :node "n1"}, :rid "idem-put-s1906351596-255"}
2026-09-17 11:05:18,403{GMT}	INFO	[jepsen worker 9] jepsen.print: 9	:ok	:idem-range-delete	{:rid "idem-rdel-s1906351596-257", :range-start "/jepsen/idem/rd/s1906351596/257/a", :range-end "/jepsen/idem/rd/s1906351596/257/z", :post-write-key "/jepsen/idem/rd/s1906351596/257/m", :post-write-val 257}
2026-09-17 11:05:19,147{GMT}	INFO	[jepsen worker 0] jepsen.print: 0	:invoke	:idem-delete	{:rid "idem-del-s1906351596-261", :key "/jepsen/idem/del/s1906351596/261", :val "261", :replays 2, :replay-delay-ms 0, :replay-node-offset 0}
2026-09-17 11:05:19,195{GMT}	INFO	[jepsen worker 0] jepsen.print: 0	:ok	:idem-delete	{:rid "idem-del-s1906351596-261", :key "/jepsen/idem/del/s1906351596/261", :val "261", :replays 2, :replay-delay-ms 0, :replay-node-offset 0, :setup {:revision 219, :ok? true, :node "n1"}, :expected-version 0}
2026-09-17 11:05:19,434{GMT}	INFO	[jepsen worker 0] jepsen.print: 0	:invoke	:idem-range-delete	{:rid "idem-rdel-s1906351596-264", :range-start "/jepsen/idem/rd/s1906351596/264/a", :range-end "/jepsen/idem/rd/s1906351596/264/z", :post-write-key "/jepsen/idem/rd/s1906351596/264/m", :post-write-val 264}
2026-09-17 11:05:19,559{GMT}	INFO	[jepsen worker 0] jepsen.print: 0	:ok	:idem-range-delete	{:rid "idem-rdel-s1906351596-264", :range-start "/jepsen/idem/rd/s1906351596/264/a", :range-end "/jepsen/idem/rd/s1906351596/264/z", :post-write-key "/jepsen/idem/rd/s1906351596/264/m", :post-write-val 264}
2026-09-17 11:05:20,039{GMT}	INFO	[jepsen worker 1] jepsen.print: 1	:invoke	:idem-range-delete	{:rid "idem-rdel-s1906351596-267", :range-start "/jepsen/idem/rd/s1906351596/267/a", :range-end "/jepsen/idem/rd/s1906351596/267/z", :post-write-key "/jepsen/idem/rd/s1906351596/267/m", :post-write-val 267}
2026-09-17 11:05:20,160{GMT}	INFO	[jepsen worker 1] jepsen.print: 1	:ok	:idem-range-delete	{:rid "idem-rdel-s1906351596-267", :range-start "/jepsen/idem/rd/s1906351596/267/a", :range-end "/jepsen/idem/rd/s1906351596/267/z", :post-write-key "/jepsen/idem/rd/s1906351596/267/m", :post-write-val 267}
2026-09-17 11:05:20,375{GMT}	INFO	[jepsen worker 2] jepsen.print: 2	:invoke	:idem-delete	{:rid "idem-del-s1906351596-270", :key "/jepsen/idem/del/s1906351596/270", :val "270", :replays 3, :replay-delay-ms 0, :replay-node-offset 0}
2026-09-17 11:05:20,430{GMT}	INFO	[jepsen worker 2] jepsen.print: 2	:ok	:idem-delete	{:rid "idem-del-s1906351596-270", :key "/jepsen/idem/del/s1906351596/270", :val "270", :replays 3, :replay-delay-ms 0, :replay-node-offset 0, :setup {:revision 231, :ok? true, :node "n1"}, :expected-version 0}
2026-09-17 11:05:20,430{GMT}	INFO	[jepsen worker 3] jepsen.print: 3	:invoke	:idem-put	{:rid "idem-put-s1906351596-272", :key "/jepsen/idem/put/s1906351596/272", :val "272", :replays 3, :setup-val nil, :replay-delay-ms 0, :replay-node-offset 0}
2026-09-17 11:05:20,436{GMT}	INFO	[jepsen worker 4] jepsen.print: 4	:invoke	:idem-put	{:rid "idem-put-s1906351596-275", :key "/jepsen/idem/put/s1906351596/275", :val "275", :replays 2, :setup-val nil, :replay-delay-ms 0, :replay-node-offset 0}
2026-09-17 11:05:20,469{GMT}	INFO	[jepsen worker 3] jepsen.print: 3	:ok	:idem-put	{:key "/jepsen/idem/put/s1906351596/272", :expected-version 1, :replays 3, :replay-delay-ms 0, :setup-val nil, :replay-node-offset 0, :val "272", :setup nil, :rid "idem-put-s1906351596-272"}
2026-09-17 11:05:20,473{GMT}	INFO	[jepsen worker 4] jepsen.print: 4	:ok	:idem-put	{:key "/jepsen/idem/put/s1906351596/275", :expected-version 1, :replays 2, :replay-delay-ms 0, :setup-val nil, :replay-node-offset 0, :val "275", :setup nil, :rid "idem-put-s1906351596-275"}
2026-09-17 11:05:20,740{GMT}	INFO	[jepsen worker 5] jepsen.print: 5	:invoke	:idem-delete	{:rid "idem-del-s1906351596-279", :key "/jepsen/idem/del/s1906351596/279", :val "279", :replays 2, :replay-delay-ms 0, :replay-node-offset 0}
2026-09-17 11:05:20,788{GMT}	INFO	[jepsen worker 6] jepsen.print: 6	:invoke	:idem-put	{:rid "idem-put-s1906351596-281", :key "/jepsen/idem/put/s1906351596/281", :val "281", :replays 2, :setup-val nil, :replay-delay-ms 0, :replay-node-offset 0}
2026-09-17 11:05:20,791{GMT}	INFO	[jepsen worker 7] jepsen.print: 7	:invoke	:idem-put	{:rid "idem-put-s1906351596-283", :key "/jepsen/idem/put/s1906351596/283", :val "283", :replays 2, :setup-val nil, :replay-delay-ms 0, :replay-node-offset 0}
2026-09-17 11:05:20,803{GMT}	INFO	[jepsen worker 5] jepsen.print: 5	:ok	:idem-delete	{:rid "idem-del-s1906351596-279", :key "/jepsen/idem/del/s1906351596/279", :val "279", :replays 2, :replay-delay-ms 0, :replay-node-offset 0, :setup {:revision 235, :ok? true, :node "n1"}, :expected-version 0}
2026-09-17 11:05:20,821{GMT}	INFO	[jepsen worker 6] jepsen.print: 6	:ok	:idem-put	{:key "/jepsen/idem/put/s1906351596/281", :expected-version 1, :replays 2, :replay-delay-ms 0, :setup-val nil, :replay-node-offset 0, :val "281", :setup nil, :rid "idem-put-s1906351596-281"}
2026-09-17 11:05:20,823{GMT}	INFO	[jepsen worker 7] jepsen.print: 7	:ok	:idem-put	{:key "/jepsen/idem/put/s1906351596/283", :expected-version 1, :replays 2, :replay-delay-ms 0, :setup-val nil, :replay-node-offset 0, :val "283", :setup nil, :rid "idem-put-s1906351596-283"}
2026-09-17 11:05:21,194{GMT}	INFO	[jepsen worker 8] jepsen.print: 8	:invoke	:idem-delete	{:rid "idem-del-s1906351596-288", :key "/jepsen/idem/del/s1906351596/288", :val "288", :replays 3, :replay-delay-ms 0, :replay-node-offset 0}
2026-09-17 11:05:21,240{GMT}	INFO	[jepsen worker 9] jepsen.print: 9	:invoke	:idem-put	{:rid "idem-put-s1906351596-290", :key "/jepsen/idem/put/s1906351596/290", :val "290", :replays 3, :setup-val nil, :replay-delay-ms 0, :replay-node-offset 0}
2026-09-17 11:05:21,253{GMT}	INFO	[jepsen worker 8] jepsen.print: 8	:ok	:idem-delete	{:rid "idem-del-s1906351596-288", :key "/jepsen/idem/del/s1906351596/288", :val "288", :replays 3, :replay-delay-ms 0, :replay-node-offset 0, :setup {:revision 239, :ok? true, :node "n1"}, :expected-version 0}
2026-09-17 11:05:21,268{GMT}	INFO	[jepsen worker 9] jepsen.print: 9	:ok	:idem-put	{:key "/jepsen/idem/put/s1906351596/290", :expected-version 1, :replays 3, :replay-delay-ms 0, :setup-val nil, :replay-node-offset 0, :val "290", :setup nil, :rid "idem-put-s1906351596-290"}
2026-09-17 11:05:21,274{GMT}	INFO	[jepsen worker 0] jepsen.print: 0	:invoke	:idem-range-delete	{:rid "idem-rdel-s1906351596-294", :range-start "/jepsen/idem/rd/s1906351596/294/a", :range-end "/jepsen/idem/rd/s1906351596/294/z", :post-write-key "/jepsen/idem/rd/s1906351596/294/m", :post-write-val 294}
2026-09-17 11:05:21,392{GMT}	INFO	[jepsen worker 0] jepsen.print: 0	:ok	:idem-range-delete	{:rid "idem-rdel-s1906351596-294", :range-start "/jepsen/idem/rd/s1906351596/294/a", :range-end "/jepsen/idem/rd/s1906351596/294/z", :post-write-key "/jepsen/idem/rd/s1906351596/294/m", :post-write-val 294}
2026-09-17 11:05:21,882{GMT}	INFO	[jepsen worker 0] jepsen.print: 0	:invoke	:idem-put	{:rid "idem-put-s1906351596-297", :key "/jepsen/idem/put/s1906351596/297", :val "297", :replays 2, :setup-val "OLD-297", :replay-delay-ms 0, :replay-node-offset 0}
2026-09-17 11:05:21,935{GMT}	INFO	[jepsen worker 0] jepsen.print: 0	:ok	:idem-put	{:key "/jepsen/idem/put/s1906351596/297", :expected-version 2, :replays 2, :replay-delay-ms 0, :setup-val "OLD-297", :replay-node-offset 0, :val "297", :setup {:revision 247, :ok? true, :node "n1"}, :rid "idem-put-s1906351596-297"}
2026-09-17 11:05:21,953{GMT}	INFO	[jepsen worker 1] jepsen.print: 1	:invoke	:idem-put	{:rid "idem-put-s1906351596-300", :key "/jepsen/idem/put/s1906351596/300", :val "300", :replays 3, :setup-val "OLD-300", :replay-delay-ms 0, :replay-node-offset 0}
2026-09-17 11:05:21,992{GMT}	INFO	[jepsen worker 2] jepsen.print: 2	:invoke	:idem-delete	{:rid "idem-del-s1906351596-302", :key "/jepsen/idem/del/s1906351596/302", :val "302", :replays 3, :replay-delay-ms 0, :replay-node-offset 0}
2026-09-17 11:05:22,007{GMT}	INFO	[jepsen worker 1] jepsen.print: 1	:ok	:idem-put	{:key "/jepsen/idem/put/s1906351596/300", :expected-version 2, :replays 3, :replay-delay-ms 0, :setup-val "OLD-300", :replay-node-offset 0, :val "300", :setup {:revision 249, :ok? true, :node "n1"}, :rid "idem-put-s1906351596-300"}
2026-09-17 11:05:22,023{GMT}	INFO	[jepsen worker 3] jepsen.print: 3	:invoke	:idem-range-delete	{:rid "idem-rdel-s1906351596-305", :range-start "/jepsen/idem/rd/s1906351596/305/a", :range-end "/jepsen/idem/rd/s1906351596/305/z", :post-write-key "/jepsen/idem/rd/s1906351596/305/m", :post-write-val 305}
2026-09-17 11:05:22,037{GMT}	INFO	[jepsen worker 4] jepsen.print: 4	:invoke	:idem-delete	{:rid "idem-del-s1906351596-307", :key "/jepsen/idem/del/s1906351596/307", :val "307", :replays 2, :replay-delay-ms 0, :replay-node-offset 0}
2026-09-17 11:05:22,082{GMT}	INFO	[jepsen worker 2] jepsen.print: 2	:ok	:idem-delete	{:rid "idem-del-s1906351596-302", :key "/jepsen/idem/del/s1906351596/302", :val "302", :replays 3, :replay-delay-ms 0, :replay-node-offset 0, :setup {:revision 251, :ok? true, :node "n1"}, :expected-version 0}
2026-09-17 11:05:22,132{GMT}	INFO	[jepsen worker 4] jepsen.print: 4	:ok	:idem-delete	{:rid "idem-del-s1906351596-307", :key "/jepsen/idem/del/s1906351596/307", :val "307", :replays 2, :replay-delay-ms 0, :replay-node-offset 0, :setup {:revision 254, :ok? true, :node "n1"}, :expected-version 0}
2026-09-17 11:05:22,186{GMT}	INFO	[jepsen worker 3] jepsen.print: 3	:ok	:idem-range-delete	{:rid "idem-rdel-s1906351596-305", :range-start "/jepsen/idem/rd/s1906351596/305/a", :range-end "/jepsen/idem/rd/s1906351596/305/z", :post-write-key "/jepsen/idem/rd/s1906351596/305/m", :post-write-val 305}
2026-09-17 11:05:22,294{GMT}	INFO	[jepsen worker 5] jepsen.print: 5	:invoke	:idem-delete	{:rid "idem-del-s1906351596-312", :key "/jepsen/idem/del/s1906351596/312", :val "312", :replays 3, :replay-delay-ms 0, :replay-node-offset 0}
2026-09-17 11:05:22,347{GMT}	INFO	[jepsen worker 5] jepsen.print: 5	:ok	:idem-delete	{:rid "idem-del-s1906351596-312", :key "/jepsen/idem/del/s1906351596/312", :val "312", :replays 3, :replay-delay-ms 0, :replay-node-offset 0, :setup {:revision 260, :ok? true, :node "n1"}, :expected-version 0}
2026-09-17 11:05:22,648{GMT}	INFO	[jepsen worker 6] jepsen.print: 6	:invoke	:idem-put	{:rid "idem-put-s1906351596-315", :key "/jepsen/idem/put/s1906351596/315", :val "315", :replays 2, :setup-val "OLD-315", :replay-delay-ms 0, :replay-node-offset 0}
2026-09-17 11:05:22,698{GMT}	INFO	[jepsen worker 6] jepsen.print: 6	:ok	:idem-put	{:key "/jepsen/idem/put/s1906351596/315", :expected-version 2, :replays 2, :replay-delay-ms 0, :setup-val "OLD-315", :replay-node-offset 0, :val "315", :setup {:revision 262, :ok? true, :node "n1"}, :rid "idem-put-s1906351596-315"}
2026-09-17 11:05:23,599{GMT}	INFO	[jepsen worker 7] jepsen.print: 7	:invoke	:idem-put	{:rid "idem-put-s1906351596-318", :key "/jepsen/idem/put/s1906351596/318", :val "318", :replays 3, :setup-val "OLD-318", :replay-delay-ms 0, :replay-node-offset 0}
2026-09-17 11:05:23,658{GMT}	INFO	[jepsen worker 7] jepsen.print: 7	:ok	:idem-put	{:key "/jepsen/idem/put/s1906351596/318", :expected-version 2, :replays 3, :replay-delay-ms 0, :setup-val "OLD-318", :replay-node-offset 0, :val "318", :setup {:revision 264, :ok? true, :node "n1"}, :rid "idem-put-s1906351596-318"}
2026-09-17 11:05:24,596{GMT}	INFO	[jepsen worker 8] jepsen.print: 8	:invoke	:idem-range-delete	{:rid "idem-rdel-s1906351596-321", :range-start "/jepsen/idem/rd/s1906351596/321/a", :range-end "/jepsen/idem/rd/s1906351596/321/z", :post-write-key "/jepsen/idem/rd/s1906351596/321/m", :post-write-val 321}
2026-09-17 11:05:24,763{GMT}	INFO	[jepsen worker 8] jepsen.print: 8	:ok	:idem-range-delete	{:rid "idem-rdel-s1906351596-321", :range-start "/jepsen/idem/rd/s1906351596/321/a", :range-end "/jepsen/idem/rd/s1906351596/321/z", :post-write-key "/jepsen/idem/rd/s1906351596/321/m", :post-write-val 321}
2026-09-17 11:05:24,780{GMT}	INFO	[jepsen worker 9] jepsen.print: 9	:invoke	:idem-range-delete	{:rid "idem-rdel-s1906351596-324", :range-start "/jepsen/idem/rd/s1906351596/324/a", :range-end "/jepsen/idem/rd/s1906351596/324/z", :post-write-key "/jepsen/idem/rd/s1906351596/324/m", :post-write-val 324}
2026-09-17 11:05:24,802{GMT}	INFO	[jepsen worker 0] jepsen.print: 0	:invoke	:idem-range-delete	{:rid "idem-rdel-s1906351596-326", :range-start "/jepsen/idem/rd/s1906351596/326/a", :range-end "/jepsen/idem/rd/s1906351596/326/z", :post-write-key "/jepsen/idem/rd/s1906351596/326/m", :post-write-val 326}
2026-09-17 11:05:24,965{GMT}	INFO	[jepsen worker 1] jepsen.print: 1	:invoke	:idem-delete	{:rid "idem-del-s1906351596-328", :key "/jepsen/idem/del/s1906351596/328", :val "328", :replays 3, :replay-delay-ms 0, :replay-node-offset 0}
2026-09-17 11:05:25,032{GMT}	INFO	[jepsen worker 9] jepsen.print: 9	:ok	:idem-range-delete	{:rid "idem-rdel-s1906351596-324", :range-start "/jepsen/idem/rd/s1906351596/324/a", :range-end "/jepsen/idem/rd/s1906351596/324/z", :post-write-key "/jepsen/idem/rd/s1906351596/324/m", :post-write-val 324}
2026-09-17 11:05:25,078{GMT}	INFO	[jepsen worker 0] jepsen.print: 0	:ok	:idem-range-delete	{:rid "idem-rdel-s1906351596-326", :range-start "/jepsen/idem/rd/s1906351596/326/a", :range-end "/jepsen/idem/rd/s1906351596/326/z", :post-write-key "/jepsen/idem/rd/s1906351596/326/m", :post-write-val 326}
2026-09-17 11:05:25,081{GMT}	INFO	[jepsen worker 1] jepsen.print: 1	:ok	:idem-delete	{:rid "idem-del-s1906351596-328", :key "/jepsen/idem/del/s1906351596/328", :val "328", :replays 3, :replay-delay-ms 0, :replay-node-offset 0, :setup {:revision 280, :ok? true, :node "n1"}, :expected-version 0}
2026-09-17 11:05:25,224{GMT}	INFO	[jepsen worker 1] jepsen.print: 1	:invoke	:idem-delete	{:rid "idem-del-s1906351596-333", :key "/jepsen/idem/del/s1906351596/333", :val "333", :replays 2, :replay-delay-ms 0, :replay-node-offset 0}
2026-09-17 11:05:25,288{GMT}	INFO	[jepsen worker 1] jepsen.print: 1	:ok	:idem-delete	{:rid "idem-del-s1906351596-333", :key "/jepsen/idem/del/s1906351596/333", :val "333", :replays 2, :replay-delay-ms 0, :replay-node-offset 0, :setup {:revision 283, :ok? true, :node "n1"}, :expected-version 0}
2026-09-17 11:05:25,353{GMT}	INFO	[jepsen worker 2] jepsen.print: 2	:invoke	:idem-range-delete	{:rid "idem-rdel-s1906351596-336", :range-start "/jepsen/idem/rd/s1906351596/336/a", :range-end "/jepsen/idem/rd/s1906351596/336/z", :post-write-key "/jepsen/idem/rd/s1906351596/336/m", :post-write-val 336}
2026-09-17 11:05:25,485{GMT}	INFO	[jepsen worker 2] jepsen.print: 2	:ok	:idem-range-delete	{:rid "idem-rdel-s1906351596-336", :range-start "/jepsen/idem/rd/s1906351596/336/a", :range-end "/jepsen/idem/rd/s1906351596/336/z", :post-write-key "/jepsen/idem/rd/s1906351596/336/m", :post-write-val 336}
2026-09-17 11:05:25,650{GMT}	INFO	[jepsen worker 3] jepsen.print: 3	:invoke	:idem-put	{:rid "idem-put-s1906351596-339", :key "/jepsen/idem/put/s1906351596/339", :val "339", :replays 2, :setup-val "OLD-339", :replay-delay-ms 0, :replay-node-offset 0}
2026-09-17 11:05:25,703{GMT}	INFO	[jepsen worker 3] jepsen.print: 3	:ok	:idem-put	{:key "/jepsen/idem/put/s1906351596/339", :expected-version 2, :replays 2, :replay-delay-ms 0, :setup-val "OLD-339", :replay-node-offset 0, :val "339", :setup {:revision 290, :ok? true, :node "n1"}, :rid "idem-put-s1906351596-339"}
2026-09-17 11:05:25,769{GMT}	INFO	[jepsen worker 4] jepsen.print: 4	:invoke	:idem-range-delete	{:rid "idem-rdel-s1906351596-342", :range-start "/jepsen/idem/rd/s1906351596/342/a", :range-end "/jepsen/idem/rd/s1906351596/342/z", :post-write-key "/jepsen/idem/rd/s1906351596/342/m", :post-write-val 342}
2026-09-17 11:05:25,899{GMT}	INFO	[jepsen worker 4] jepsen.print: 4	:ok	:idem-range-delete	{:rid "idem-rdel-s1906351596-342", :range-start "/jepsen/idem/rd/s1906351596/342/a", :range-end "/jepsen/idem/rd/s1906351596/342/z", :post-write-key "/jepsen/idem/rd/s1906351596/342/m", :post-write-val 342}
2026-09-17 11:05:25,907{GMT}	INFO	[jepsen worker 5] jepsen.print: 5	:invoke	:idem-delete	{:rid "idem-del-s1906351596-345", :key "/jepsen/idem/del/s1906351596/345", :val "345", :replays 2, :replay-delay-ms 0, :replay-node-offset 0}
2026-09-17 11:05:25,959{GMT}	INFO	[jepsen worker 5] jepsen.print: 5	:ok	:idem-delete	{:rid "idem-del-s1906351596-345", :key "/jepsen/idem/del/s1906351596/345", :val "345", :replays 2, :replay-delay-ms 0, :replay-node-offset 0, :setup {:revision 297, :ok? true, :node "n1"}, :expected-version 0}
2026-09-17 11:05:26,287{GMT}	INFO	[jepsen worker 6] jepsen.print: 6	:invoke	:idem-range-delete	{:rid "idem-rdel-s1906351596-348", :range-start "/jepsen/idem/rd/s1906351596/348/a", :range-end "/jepsen/idem/rd/s1906351596/348/z", :post-write-key "/jepsen/idem/rd/s1906351596/348/m", :post-write-val 348}
2026-09-17 11:05:26,422{GMT}	INFO	[jepsen worker 6] jepsen.print: 6	:ok	:idem-range-delete	{:rid "idem-rdel-s1906351596-348", :range-start "/jepsen/idem/rd/s1906351596/348/a", :range-end "/jepsen/idem/rd/s1906351596/348/z", :post-write-key "/jepsen/idem/rd/s1906351596/348/m", :post-write-val 348}
2026-09-17 11:05:26,817{GMT}	INFO	[jepsen worker 7] jepsen.print: 7	:invoke	:idem-put	{:rid "idem-put-s1906351596-351", :key "/jepsen/idem/put/s1906351596/351", :val "351", :replays 2, :setup-val "OLD-351", :replay-delay-ms 0, :replay-node-offset 0}
2026-09-17 11:05:26,872{GMT}	INFO	[jepsen worker 7] jepsen.print: 7	:ok	:idem-put	{:key "/jepsen/idem/put/s1906351596/351", :expected-version 2, :replays 2, :replay-delay-ms 0, :setup-val "OLD-351", :replay-node-offset 0, :val "351", :setup {:revision 304, :ok? true, :node "n1"}, :rid "idem-put-s1906351596-351"}
2026-09-17 11:05:26,925{GMT}	INFO	[jepsen worker 8] jepsen.print: 8	:invoke	:idem-range-delete	{:rid "idem-rdel-s1906351596-354", :range-start "/jepsen/idem/rd/s1906351596/354/a", :range-end "/jepsen/idem/rd/s1906351596/354/z", :post-write-key "/jepsen/idem/rd/s1906351596/354/m", :post-write-val 354}
2026-09-17 11:05:26,945{GMT}	INFO	[jepsen worker 9] jepsen.print: 9	:invoke	:idem-delete	{:rid "idem-del-s1906351596-356", :key "/jepsen/idem/del/s1906351596/356", :val "356", :replays 3, :replay-delay-ms 0, :replay-node-offset 0}
2026-09-17 11:05:27,057{GMT}	INFO	[jepsen worker 9] jepsen.print: 9	:ok	:idem-delete	{:rid "idem-del-s1906351596-356", :key "/jepsen/idem/del/s1906351596/356", :val "356", :replays 3, :replay-delay-ms 0, :replay-node-offset 0, :setup {:revision 307, :ok? true, :node "n1"}, :expected-version 0}
2026-09-17 11:05:27,097{GMT}	INFO	[jepsen worker 8] jepsen.print: 8	:ok	:idem-range-delete	{:rid "idem-rdel-s1906351596-354", :range-start "/jepsen/idem/rd/s1906351596/354/a", :range-end "/jepsen/idem/rd/s1906351596/354/z", :post-write-key "/jepsen/idem/rd/s1906351596/354/m", :post-write-val 354}
2026-09-17 11:05:28,579{GMT}	INFO	[jepsen worker 0] jepsen.print: 0	:invoke	:idem-delete	{:rid "idem-del-s1906351596-360", :key "/jepsen/idem/del/s1906351596/360", :val "360", :replays 3, :replay-delay-ms 0, :replay-node-offset 0}
2026-09-17 11:05:28,632{GMT}	INFO	[jepsen worker 0] jepsen.print: 0	:ok	:idem-delete	{:rid "idem-del-s1906351596-360", :key "/jepsen/idem/del/s1906351596/360", :val "360", :replays 3, :replay-delay-ms 0, :replay-node-offset 0, :setup {:revision 313, :ok? true, :node "n1"}, :expected-version 0}
2026-09-17 11:05:28,707{GMT}	INFO	[jepsen worker 0] jepsen.print: 0	:invoke	:idem-range-delete	{:rid "idem-rdel-s1906351596-363", :range-start "/jepsen/idem/rd/s1906351596/363/a", :range-end "/jepsen/idem/rd/s1906351596/363/z", :post-write-key "/jepsen/idem/rd/s1906351596/363/m", :post-write-val 363}
2026-09-17 11:05:28,846{GMT}	INFO	[jepsen worker 0] jepsen.print: 0	:ok	:idem-range-delete	{:rid "idem-rdel-s1906351596-363", :range-start "/jepsen/idem/rd/s1906351596/363/a", :range-end "/jepsen/idem/rd/s1906351596/363/z", :post-write-key "/jepsen/idem/rd/s1906351596/363/m", :post-write-val 363}
2026-09-17 11:05:28,847{GMT}	INFO	[jepsen worker 1] jepsen.print: 1	:invoke	:idem-range-delete	{:rid "idem-rdel-s1906351596-366", :range-start "/jepsen/idem/rd/s1906351596/366/a", :range-end "/jepsen/idem/rd/s1906351596/366/z", :post-write-key "/jepsen/idem/rd/s1906351596/366/m", :post-write-val 366}
2026-09-17 11:05:28,982{GMT}	INFO	[jepsen worker 1] jepsen.print: 1	:ok	:idem-range-delete	{:rid "idem-rdel-s1906351596-366", :range-start "/jepsen/idem/rd/s1906351596/366/a", :range-end "/jepsen/idem/rd/s1906351596/366/z", :post-write-key "/jepsen/idem/rd/s1906351596/366/m", :post-write-val 366}
2026-09-17 11:05:29,211{GMT}	INFO	[jepsen worker 2] jepsen.print: 2	:invoke	:idem-delete	{:rid "idem-del-s1906351596-369", :key "/jepsen/idem/del/s1906351596/369", :val "369", :replays 2, :replay-delay-ms 0, :replay-node-offset 0}
2026-09-17 11:05:29,265{GMT}	INFO	[jepsen worker 2] jepsen.print: 2	:ok	:idem-delete	{:rid "idem-del-s1906351596-369", :key "/jepsen/idem/del/s1906351596/369", :val "369", :replays 2, :replay-delay-ms 0, :replay-node-offset 0, :setup {:revision 325, :ok? true, :node "n1"}, :expected-version 0}
2026-09-17 11:05:29,462{GMT}	INFO	[jepsen worker 3] jepsen.print: 3	:invoke	:idem-put	{:rid "idem-put-s1906351596-372", :key "/jepsen/idem/put/s1906351596/372", :val "372", :replays 3, :setup-val "OLD-372", :replay-delay-ms 0, :replay-node-offset 0}
2026-09-17 11:05:29,513{GMT}	INFO	[jepsen worker 3] jepsen.print: 3	:ok	:idem-put	{:key "/jepsen/idem/put/s1906351596/372", :expected-version 2, :replays 3, :replay-delay-ms 0, :setup-val "OLD-372", :replay-node-offset 0, :val "372", :setup {:revision 327, :ok? true, :node "n1"}, :rid "idem-put-s1906351596-372"}
2026-09-17 11:05:30,207{GMT}	INFO	[jepsen worker 4] jepsen.print: 4	:invoke	:idem-put	{:rid "idem-put-s1906351596-375", :key "/jepsen/idem/put/s1906351596/375", :val "375", :replays 2, :setup-val "OLD-375", :replay-delay-ms 0, :replay-node-offset 0}
2026-09-17 11:05:30,264{GMT}	INFO	[jepsen worker 4] jepsen.print: 4	:ok	:idem-put	{:key "/jepsen/idem/put/s1906351596/375", :expected-version 2, :replays 2, :replay-delay-ms 0, :setup-val "OLD-375", :replay-node-offset 0, :val "375", :setup {:revision 329, :ok? true, :node "n1"}, :rid "idem-put-s1906351596-375"}
2026-09-17 11:05:30,653{GMT}	INFO	[jepsen worker 5] jepsen.print: 5	:invoke	:idem-put	{:rid "idem-put-s1906351596-378", :key "/jepsen/idem/put/s1906351596/378", :val "378", :replays 3, :setup-val "OLD-378", :replay-delay-ms 0, :replay-node-offset 0}
2026-09-17 11:05:30,708{GMT}	INFO	[jepsen worker 5] jepsen.print: 5	:ok	:idem-put	{:key "/jepsen/idem/put/s1906351596/378", :expected-version 2, :replays 3, :replay-delay-ms 0, :setup-val "OLD-378", :replay-node-offset 0, :val "378", :setup {:revision 331, :ok? true, :node "n1"}, :rid "idem-put-s1906351596-378"}
2026-09-17 11:05:30,773{GMT}	INFO	[jepsen worker 6] jepsen.print: 6	:invoke	:idem-put	{:rid "idem-put-s1906351596-381", :key "/jepsen/idem/put/s1906351596/381", :val "381", :replays 2, :setup-val "OLD-381", :replay-delay-ms 0, :replay-node-offset 0}
2026-09-17 11:05:30,828{GMT}	INFO	[jepsen worker 6] jepsen.print: 6	:ok	:idem-put	{:key "/jepsen/idem/put/s1906351596/381", :expected-version 2, :replays 2, :replay-delay-ms 0, :setup-val "OLD-381", :replay-node-offset 0, :val "381", :setup {:revision 333, :ok? true, :node "n1"}, :rid "idem-put-s1906351596-381"}
2026-09-17 11:05:31,009{GMT}	INFO	[jepsen worker 7] jepsen.print: 7	:invoke	:idem-put	{:rid "idem-put-s1906351596-384", :key "/jepsen/idem/put/s1906351596/384", :val "384", :replays 3, :setup-val "OLD-384", :replay-delay-ms 0, :replay-node-offset 0}
2026-09-17 11:05:31,057{GMT}	INFO	[jepsen worker 7] jepsen.print: 7	:ok	:idem-put	{:key "/jepsen/idem/put/s1906351596/384", :expected-version 2, :replays 3, :replay-delay-ms 0, :setup-val "OLD-384", :replay-node-offset 0, :val "384", :setup {:revision 335, :ok? true, :node "n1"}, :rid "idem-put-s1906351596-384"}
2026-09-17 11:05:31,882{GMT}	INFO	[jepsen worker 8] jepsen.print: 8	:invoke	:idem-put	{:rid "idem-put-s1906351596-387", :key "/jepsen/idem/put/s1906351596/387", :val "387", :replays 2, :setup-val "OLD-387", :replay-delay-ms 0, :replay-node-offset 0}
2026-09-17 11:05:31,928{GMT}	INFO	[jepsen worker 8] jepsen.print: 8	:ok	:idem-put	{:key "/jepsen/idem/put/s1906351596/387", :expected-version 2, :replays 2, :replay-delay-ms 0, :setup-val "OLD-387", :replay-node-offset 0, :val "387", :setup {:revision 337, :ok? true, :node "n1"}, :rid "idem-put-s1906351596-387"}
2026-09-17 11:05:32,046{GMT}	INFO	[jepsen worker 9] jepsen.print: 9	:invoke	:idem-range-delete	{:rid "idem-rdel-s1906351596-390", :range-start "/jepsen/idem/rd/s1906351596/390/a", :range-end "/jepsen/idem/rd/s1906351596/390/z", :post-write-key "/jepsen/idem/rd/s1906351596/390/m", :post-write-val 390}
2026-09-17 11:05:32,178{GMT}	INFO	[jepsen worker 9] jepsen.print: 9	:ok	:idem-range-delete	{:rid "idem-rdel-s1906351596-390", :range-start "/jepsen/idem/rd/s1906351596/390/a", :range-end "/jepsen/idem/rd/s1906351596/390/z", :post-write-key "/jepsen/idem/rd/s1906351596/390/m", :post-write-val 390}
2026-09-17 11:05:32,624{GMT}	INFO	[jepsen worker 0] jepsen.print: 0	:invoke	:idem-put	{:rid "idem-put-s1906351596-393", :key "/jepsen/idem/put/s1906351596/393", :val "393", :replays 2, :setup-val "OLD-393", :replay-delay-ms 0, :replay-node-offset 0}
2026-09-17 11:05:32,625{GMT}	INFO	[jepsen worker 1] jepsen.print: 1	:invoke	:idem-range-delete	{:rid "idem-rdel-s1906351596-395", :range-start "/jepsen/idem/rd/s1906351596/395/a", :range-end "/jepsen/idem/rd/s1906351596/395/z", :post-write-key "/jepsen/idem/rd/s1906351596/395/m", :post-write-val 395}
2026-09-17 11:05:32,692{GMT}	INFO	[jepsen worker 0] jepsen.print: 0	:ok	:idem-put	{:key "/jepsen/idem/put/s1906351596/393", :expected-version 2, :replays 2, :replay-delay-ms 0, :setup-val "OLD-393", :replay-node-offset 0, :val "393", :setup {:revision 344, :ok? true, :node "n1"}, :rid "idem-put-s1906351596-393"}
2026-09-17 11:05:32,787{GMT}	INFO	[jepsen worker 1] jepsen.print: 1	:ok	:idem-range-delete	{:rid "idem-rdel-s1906351596-395", :range-start "/jepsen/idem/rd/s1906351596/395/a", :range-end "/jepsen/idem/rd/s1906351596/395/z", :post-write-key "/jepsen/idem/rd/s1906351596/395/m", :post-write-val 395}
2026-09-17 11:05:32,800{GMT}	INFO	[jepsen worker 1] jepsen.print: 1	:invoke	:idem-range-delete	{:rid "idem-rdel-s1906351596-399", :range-start "/jepsen/idem/rd/s1906351596/399/a", :range-end "/jepsen/idem/rd/s1906351596/399/z", :post-write-key "/jepsen/idem/rd/s1906351596/399/m", :post-write-val 399}
2026-09-17 11:05:32,921{GMT}	INFO	[jepsen worker 1] jepsen.print: 1	:ok	:idem-range-delete	{:rid "idem-rdel-s1906351596-399", :range-start "/jepsen/idem/rd/s1906351596/399/a", :range-end "/jepsen/idem/rd/s1906351596/399/z", :post-write-key "/jepsen/idem/rd/s1906351596/399/m", :post-write-val 399}
2026-09-17 11:05:33,963{GMT}	INFO	[jepsen worker 2] jepsen.print: 2	:invoke	:idem-range-delete	{:rid "idem-rdel-s1906351596-402", :range-start "/jepsen/idem/rd/s1906351596/402/a", :range-end "/jepsen/idem/rd/s1906351596/402/z", :post-write-key "/jepsen/idem/rd/s1906351596/402/m", :post-write-val 402}
2026-09-17 11:05:34,071{GMT}	INFO	[jepsen worker 3] jepsen.print: 3	:invoke	:idem-put	{:rid "idem-put-s1906351596-404", :key "/jepsen/idem/put/s1906351596/404", :val "404", :replays 3, :setup-val nil, :replay-delay-ms 0, :replay-node-offset 0}
2026-09-17 11:05:34,110{GMT}	INFO	[jepsen worker 2] jepsen.print: 2	:ok	:idem-range-delete	{:rid "idem-rdel-s1906351596-402", :range-start "/jepsen/idem/rd/s1906351596/402/a", :range-end "/jepsen/idem/rd/s1906351596/402/z", :post-write-key "/jepsen/idem/rd/s1906351596/402/m", :post-write-val 402}
2026-09-17 11:05:34,112{GMT}	INFO	[jepsen worker 3] jepsen.print: 3	:ok	:idem-put	{:key "/jepsen/idem/put/s1906351596/404", :expected-version 1, :replays 3, :replay-delay-ms 0, :setup-val nil, :replay-node-offset 0, :val "404", :setup nil, :rid "idem-put-s1906351596-404"}
2026-09-17 11:05:34,209{GMT}	INFO	[jepsen worker 4] jepsen.print: 4	:invoke	:idem-put	{:rid "idem-put-s1906351596-408", :key "/jepsen/idem/put/s1906351596/408", :val "408", :replays 3, :setup-val "OLD-408", :replay-delay-ms 0, :replay-node-offset 0}
2026-09-17 11:05:34,256{GMT}	INFO	[jepsen worker 4] jepsen.print: 4	:ok	:idem-put	{:key "/jepsen/idem/put/s1906351596/408", :expected-version 2, :replays 3, :replay-delay-ms 0, :setup-val "OLD-408", :replay-node-offset 0, :val "408", :setup {:revision 362, :ok? true, :node "n1"}, :rid "idem-put-s1906351596-408"}
2026-09-17 11:05:34,744{GMT}	INFO	[jepsen worker 5] jepsen.print: 5	:invoke	:idem-put	{:rid "idem-put-s1906351596-411", :key "/jepsen/idem/put/s1906351596/411", :val "411", :replays 2, :setup-val "OLD-411", :replay-delay-ms 0, :replay-node-offset 0}
2026-09-17 11:05:34,799{GMT}	INFO	[jepsen worker 5] jepsen.print: 5	:ok	:idem-put	{:key "/jepsen/idem/put/s1906351596/411", :expected-version 2, :replays 2, :replay-delay-ms 0, :setup-val "OLD-411", :replay-node-offset 0, :val "411", :setup {:revision 364, :ok? true, :node "n1"}, :rid "idem-put-s1906351596-411"}
2026-09-17 11:05:35,112{GMT}	INFO	[jepsen worker 6] jepsen.print: 6	:invoke	:idem-put	{:rid "idem-put-s1906351596-414", :key "/jepsen/idem/put/s1906351596/414", :val "414", :replays 3, :setup-val "OLD-414", :replay-delay-ms 0, :replay-node-offset 0}
2026-09-17 11:05:35,167{GMT}	INFO	[jepsen worker 6] jepsen.print: 6	:ok	:idem-put	{:key "/jepsen/idem/put/s1906351596/414", :expected-version 2, :replays 3, :replay-delay-ms 0, :setup-val "OLD-414", :replay-node-offset 0, :val "414", :setup {:revision 366, :ok? true, :node "n1"}, :rid "idem-put-s1906351596-414"}
2026-09-17 11:05:35,237{GMT}	INFO	[jepsen worker 7] jepsen.print: 7	:invoke	:idem-range-delete	{:rid "idem-rdel-s1906351596-417", :range-start "/jepsen/idem/rd/s1906351596/417/a", :range-end "/jepsen/idem/rd/s1906351596/417/z", :post-write-key "/jepsen/idem/rd/s1906351596/417/m", :post-write-val 417}
2026-09-17 11:05:35,358{GMT}	INFO	[jepsen worker 7] jepsen.print: 7	:ok	:idem-range-delete	{:rid "idem-rdel-s1906351596-417", :range-start "/jepsen/idem/rd/s1906351596/417/a", :range-end "/jepsen/idem/rd/s1906351596/417/z", :post-write-key "/jepsen/idem/rd/s1906351596/417/m", :post-write-val 417}
2026-09-17 11:05:35,377{GMT}	INFO	[jepsen worker 8] jepsen.print: 8	:invoke	:idem-range-delete	{:rid "idem-rdel-s1906351596-420", :range-start "/jepsen/idem/rd/s1906351596/420/a", :range-end "/jepsen/idem/rd/s1906351596/420/z", :post-write-key "/jepsen/idem/rd/s1906351596/420/m", :post-write-val 420}
2026-09-17 11:05:35,488{GMT}	INFO	[jepsen worker 9] jepsen.print: 9	:invoke	:idem-range-delete	{:rid "idem-rdel-s1906351596-422", :range-start "/jepsen/idem/rd/s1906351596/422/a", :range-end "/jepsen/idem/rd/s1906351596/422/z", :post-write-key "/jepsen/idem/rd/s1906351596/422/m", :post-write-val 422}
2026-09-17 11:05:35,509{GMT}	INFO	[jepsen worker 8] jepsen.print: 8	:ok	:idem-range-delete	{:rid "idem-rdel-s1906351596-420", :range-start "/jepsen/idem/rd/s1906351596/420/a", :range-end "/jepsen/idem/rd/s1906351596/420/z", :post-write-key "/jepsen/idem/rd/s1906351596/420/m", :post-write-val 420}
2026-09-17 11:05:35,511{GMT}	INFO	[jepsen worker 0] jepsen.print: 0	:invoke	:idem-range-delete	{:rid "idem-rdel-s1906351596-425", :range-start "/jepsen/idem/rd/s1906351596/425/a", :range-end "/jepsen/idem/rd/s1906351596/425/z", :post-write-key "/jepsen/idem/rd/s1906351596/425/m", :post-write-val 425}
2026-09-17 11:05:35,709{GMT}	INFO	[jepsen worker 1] jepsen.print: 1	:invoke	:idem-delete	{:rid "idem-del-s1906351596-427", :key "/jepsen/idem/del/s1906351596/427", :val "427", :replays 2, :replay-delay-ms 0, :replay-node-offset 0}
2026-09-17 11:05:35,741{GMT}	INFO	[jepsen worker 2] jepsen.print: 2	:invoke	:idem-delete	{:rid "idem-del-s1906351596-429", :key "/jepsen/idem/del/s1906351596/429", :val "429", :replays 2, :replay-delay-ms 0, :replay-node-offset 0}
2026-09-17 11:05:35,756{GMT}	INFO	[jepsen worker 9] jepsen.print: 9	:ok	:idem-range-delete	{:rid "idem-rdel-s1906351596-422", :range-start "/jepsen/idem/rd/s1906351596/422/a", :range-end "/jepsen/idem/rd/s1906351596/422/z", :post-write-key "/jepsen/idem/rd/s1906351596/422/m", :post-write-val 422}
2026-09-17 11:05:35,812{GMT}	INFO	[jepsen worker 0] jepsen.print: 0	:ok	:idem-range-delete	{:rid "idem-rdel-s1906351596-425", :range-start "/jepsen/idem/rd/s1906351596/425/a", :range-end "/jepsen/idem/rd/s1906351596/425/z", :post-write-key "/jepsen/idem/rd/s1906351596/425/m", :post-write-val 425}
2026-09-17 11:05:35,827{GMT}	INFO	[jepsen worker 1] jepsen.print: 1	:ok	:idem-delete	{:rid "idem-del-s1906351596-427", :key "/jepsen/idem/del/s1906351596/427", :val "427", :replays 2, :replay-delay-ms 0, :replay-node-offset 0, :setup {:revision 387, :ok? true, :node "n1"}, :expected-version 0}
2026-09-17 11:05:35,844{GMT}	INFO	[jepsen worker 2] jepsen.print: 2	:ok	:idem-delete	{:rid "idem-del-s1906351596-429", :key "/jepsen/idem/del/s1906351596/429", :val "429", :replays 2, :replay-delay-ms 0, :replay-node-offset 0, :setup {:revision 389, :ok? true, :node "n1"}, :expected-version 0}
2026-09-17 11:05:35,966{GMT}	INFO	[jepsen worker 2] jepsen.print: 2	:invoke	:idem-delete	{:rid "idem-del-s1906351596-435", :key "/jepsen/idem/del/s1906351596/435", :val "435", :replays 2, :replay-delay-ms 0, :replay-node-offset 0}
2026-09-17 11:05:36,023{GMT}	INFO	[jepsen worker 2] jepsen.print: 2	:ok	:idem-delete	{:rid "idem-del-s1906351596-435", :key "/jepsen/idem/del/s1906351596/435", :val "435", :replays 2, :replay-delay-ms 0, :replay-node-offset 0, :setup {:revision 392, :ok? true, :node "n1"}, :expected-version 0}
2026-09-17 11:05:37,523{GMT}	INFO	[jepsen worker 3] jepsen.print: 3	:invoke	:idem-put	{:rid "idem-put-s1906351596-438", :key "/jepsen/idem/put/s1906351596/438", :val "438", :replays 3, :setup-val "OLD-438", :replay-delay-ms 0, :replay-node-offset 0}
2026-09-17 11:05:37,577{GMT}	INFO	[jepsen worker 3] jepsen.print: 3	:ok	:idem-put	{:key "/jepsen/idem/put/s1906351596/438", :expected-version 2, :replays 3, :replay-delay-ms 0, :setup-val "OLD-438", :replay-node-offset 0, :val "438", :setup {:revision 394, :ok? true, :node "n1"}, :rid "idem-put-s1906351596-438"}
2026-09-17 11:05:37,700{GMT}	INFO	[jepsen worker 4] jepsen.print: 4	:invoke	:idem-delete	{:rid "idem-del-s1906351596-441", :key "/jepsen/idem/del/s1906351596/441", :val "441", :replays 2, :replay-delay-ms 0, :replay-node-offset 0}
2026-09-17 11:05:37,748{GMT}	INFO	[jepsen worker 4] jepsen.print: 4	:ok	:idem-delete	{:rid "idem-del-s1906351596-441", :key "/jepsen/idem/del/s1906351596/441", :val "441", :replays 2, :replay-delay-ms 0, :replay-node-offset 0, :setup {:revision 396, :ok? true, :node "n1"}, :expected-version 0}
2026-09-17 11:05:37,749{GMT}	INFO	[jepsen worker 5] jepsen.generator.interpreter: recovery: letting cluster converge
2026-09-17 11:06:07,768{GMT}	INFO	[jepsen node n1] jepsen.coord.client: Opening coord client on n1
2026-09-17 11:06:07,768{GMT}	INFO	[jepsen node n2] jepsen.coord.client: Opening coord client on n2
2026-09-17 11:06:07,768{GMT}	INFO	[jepsen node n3] jepsen.coord.client: Opening coord client on n3
2026-09-17 11:06:07,913{GMT}	INFO	[jepsen test runner] jepsen.core: Run complete, writing
2026-09-17 11:06:07,999{GMT}	INFO	[jepsen test runner] jepsen.core: Snarfing log files
2026-09-17 11:06:08,000{GMT}	INFO	[jepsen node n1] jepsen.coord.db: Killing coord on n1
2026-09-17 11:06:08,000{GMT}	INFO	[jepsen node n2] jepsen.coord.db: Killing coord on n2
2026-09-17 11:06:08,000{GMT}	INFO	[jepsen node n3] jepsen.coord.db: Killing coord on n3
2026-09-17 11:06:08,058{GMT}	INFO	[jepsen node n3] jepsen.core: downloading /var/log/coord.log to coord.log
2026-09-17 11:06:08,058{GMT}	INFO	[jepsen node n2] jepsen.core: downloading /var/log/coord.log to coord.log
2026-09-17 11:06:08,060{GMT}	INFO	[jepsen node n1] jepsen.core: downloading /var/log/coord.log to coord.log
2026-09-17 11:06:08,168{GMT}	INFO	[jepsen node n2] jepsen.coord.db: Tearing down coord on n2
2026-09-17 11:06:08,169{GMT}	INFO	[jepsen node n3] jepsen.coord.db: Tearing down coord on n3
2026-09-17 11:06:08,168{GMT}	INFO	[jepsen node n1] jepsen.coord.db: Tearing down coord on n1
2026-09-17 11:06:09,760{GMT}	INFO	[jepsen test runner] jepsen.core: Analyzing...
2026-09-17 11:06:09,768{GMT}	INFO	[clojure-agent-send-off-pool-10] jepsen.coord.idem: idem checker: {:min-replay-attempts 50, :judged-groups 148, :attempt-ok 345, :attempt-errors {}, :replay-attempts 345, :put-groups 65, :violations-by-class {}, :delete-groups 45, :groups 148, :failures (), :range-delete-groups 38, :completion-ops 148}
2026-09-17 11:06:09,891{GMT}	INFO	[jepsen test runner] jepsen.core: Analysis complete
2026-09-17 11:06:09,897{GMT}	INFO	[jepsen results] jepsen.store: Wrote /opt/coord/jepsen/store/coord/2026-09-17T11:04:46.160213597Z/results.edn
2026-09-17 11:06:09,930{GMT}	INFO	[jepsen test runner] jepsen.core: {:linear {:valid? true,
          :idem {:min-replay-attempts 50,
                 :judged-groups 148,
                 :attempt-ok 345,
                 :attempt-errors {},
                 :replay-attempts 345,
                 :put-groups 65,
                 :violations-by-class {},
                 :delete-groups 45,
                 :groups 148,
                 :range-delete-groups 38,
                 :completion-ops 148},
          :failures []},
 :gates {:valid? true,
         :gates {:premise {:valid? true, :disabled? true},
                 :availability {:min-ratio 0.95,
                                :min-sample 100,
                                :windows 0,
                                :judged 0,
                                :skipped-small-sample 0,
                                :worst-window nil,
                                :violations []},
                 :rto {:budget-seconds 0,
                       :n 0,
                       :p95 nil,
                       :max nil,
                       :samples [],
                       :unrecovered 0,
                       :not-measured 0,
                       :details []},
                 :liveness {:min-ok-ratio 0.1,
                            :min-sample 10,
                            :ops 3,
                            :judged 3,
                            :skipped-small-sample 0,
                            :ok-ratio 1.0,
                            :by-op {:idem-put {:total 65,
                                               :ok 65,
                                               :info 0,
                                               :fail 0,
                                               :legit-fail 0,
                                               :judged 65,
                                               :errors {}},
                                    :idem-range-delete {:total 38,
                                                        :ok 38,
                                                        :info 0,
                                                        :fail 0,
                                                        :legit-fail 0,
                                                        :judged 38,
                                                        :errors {}},
                                    :idem-delete {:total 45,
                                                  :ok 45,
                                                  :info 0,
                                                  :fail 0,
                                                  :legit-fail 0,
                                                  :judged 45,
                                                  :errors {}}},
                            :violations []}},
         :failures []},
 :perf {:latency-graph {:valid? true},
        :rate-graph {:valid? true},
        :valid? true},
 :valid? true}


Everything looks good! ヽ(‘ー`)ノ
